Component: ARM Compiler 6.16 Tool: armlink [5dfeaa00]

==============================================================================

Section Cross References

    TYOS_Assembly.o(TYOS) refers to lto-llvm-38cd24.o(.text._TYOS_Process_Switch) for _TYOS_Process_Switch
    TYOS_Assembly.o(TYOS) refers to lto-llvm-38cd24.o(.text._TYOS_SVC_Handler_C) for _TYOS_SVC_Handler_C
    TYOS_Assembly.o(TYOS) refers to lto-llvm-38cd24.o(.bss) for my_os
    startup_stm32h743xx.o(RESET) refers to startup_stm32h743xx.o(STACK) for __initial_sp
    startup_stm32h743xx.o(RESET) refers to startup_stm32h743xx.o(.text) for Reset_Handler
    startup_stm32h743xx.o(RESET) refers to lto-llvm-38cd24.o(.text.MemManage_Handler) for MemManage_Handler
    startup_stm32h743xx.o(RESET) refers to TYOS_Assembly.o(TYOS) for SVC_Handler
    startup_stm32h743xx.o(RESET) refers to lto-llvm-38cd24.o(.text.SysTick_Handler) for SysTick_Handler
    startup_stm32h743xx.o(RESET) refers to lto-llvm-38cd24.o(.text.USART1_IRQHandler) for USART1_IRQHandler
    startup_stm32h743xx.o(RESET) refers to lto-llvm-38cd24.o(.text.USART2_IRQHandler) for USART2_IRQHandler
    startup_stm32h743xx.o(RESET) refers to lto-llvm-38cd24.o(.text.USART3_IRQHandler) for USART3_IRQHandler
    startup_stm32h743xx.o(.text) refers to entry.o(.ARM.Collect$$$$00000000) for __main
    arm_cfft_f32.o(.text) refers to arm_cfft_radix8_f32.o(.text) for arm_radix8_butterfly_f32
    arm_cfft_f32.o(.text) refers to arm_bitreversal2.o(. text) for arm_bitreversal_32
    arm_const_structs.o(.constdata) refers to arm_common_tables.o(.constdata) for twiddleCoef_16
    arm_const_structs.o(.constdata) refers to arm_common_tables.o(.constdata) for armBitRevIndexTable16
    arm_const_structs.o(.constdata) refers to arm_common_tables.o(.constdata) for twiddleCoef_32
    arm_const_structs.o(.constdata) refers to arm_common_tables.o(.constdata) for armBitRevIndexTable32
    arm_const_structs.o(.constdata) refers to arm_common_tables.o(.constdata) for twiddleCoef_64
    arm_const_structs.o(.constdata) refers to arm_common_tables.o(.constdata) for armBitRevIndexTable64
    arm_const_structs.o(.constdata) refers to arm_common_tables.o(.constdata) for twiddleCoef_128
    arm_const_structs.o(.constdata) refers to arm_common_tables.o(.constdata) for armBitRevIndexTable128
    arm_const_structs.o(.constdata) refers to arm_common_tables.o(.constdata) for twiddleCoef_256
    arm_const_structs.o(.constdata) refers to arm_common_tables.o(.constdata) for armBitRevIndexTable256
    arm_const_structs.o(.constdata) refers to arm_common_tables.o(.constdata) for twiddleCoef_512
    arm_const_structs.o(.constdata) refers to arm_common_tables.o(.constdata) for armBitRevIndexTable512
    arm_const_structs.o(.constdata) refers to arm_common_tables.o(.constdata) for twiddleCoef_1024
    arm_const_structs.o(.constdata) refers to arm_common_tables.o(.constdata) for armBitRevIndexTable1024
    arm_const_structs.o(.constdata) refers to arm_common_tables.o(.constdata) for twiddleCoef_2048
    arm_const_structs.o(.constdata) refers to arm_common_tables.o(.constdata) for armBitRevIndexTable2048
    arm_const_structs.o(.constdata) refers to arm_common_tables.o(.constdata) for twiddleCoef_4096
    arm_const_structs.o(.constdata) refers to arm_common_tables.o(.constdata) for armBitRevIndexTable4096
    arm_const_structs.o(.constdata) refers to arm_common_tables.o(.constdata) for twiddleCoef_16_q31
    arm_const_structs.o(.constdata) refers to arm_common_tables.o(.constdata) for armBitRevIndexTable_fixed_16
    arm_const_structs.o(.constdata) refers to arm_common_tables.o(.constdata) for twiddleCoef_32_q31
    arm_const_structs.o(.constdata) refers to arm_common_tables.o(.constdata) for armBitRevIndexTable_fixed_32
    arm_const_structs.o(.constdata) refers to arm_common_tables.o(.constdata) for twiddleCoef_64_q31
    arm_const_structs.o(.constdata) refers to arm_common_tables.o(.constdata) for armBitRevIndexTable_fixed_64
    arm_const_structs.o(.constdata) refers to arm_common_tables.o(.constdata) for twiddleCoef_128_q31
    arm_const_structs.o(.constdata) refers to arm_common_tables.o(.constdata) for armBitRevIndexTable_fixed_128
    arm_const_structs.o(.constdata) refers to arm_common_tables.o(.constdata) for twiddleCoef_256_q31
    arm_const_structs.o(.constdata) refers to arm_common_tables.o(.constdata) for armBitRevIndexTable_fixed_256
    arm_const_structs.o(.constdata) refers to arm_common_tables.o(.constdata) for twiddleCoef_512_q31
    arm_const_structs.o(.constdata) refers to arm_common_tables.o(.constdata) for armBitRevIndexTable_fixed_512
    arm_const_structs.o(.constdata) refers to arm_common_tables.o(.constdata) for twiddleCoef_1024_q31
    arm_const_structs.o(.constdata) refers to arm_common_tables.o(.constdata) for armBitRevIndexTable_fixed_1024
    arm_const_structs.o(.constdata) refers to arm_common_tables.o(.constdata) for twiddleCoef_2048_q31
[...]
    vsscanf.o(.text) refers (Special) to _scanf_int.o(.text) for _scanf_int
    vsscanf.o(.text) refers (Special) to _scanf_longlong.o(.text) for _scanf_longlong
    vsscanf.o(.text) refers (Special) to scanf_fp.o(.text) for _scanf_real
    vsscanf.o(.text) refers (Special) to _scanf_str.o(.text) for _scanf_string
    vsscanf.o(.text) refers to scanf_char.o(.text) for __vfscanf_char
    vsscanf.o(.text) refers to _sgetc.o(.text) for _sgetc
    fpclassifyf.o(i.__ARM_fpclassifyf) refers (Special) to iusefp.o(.text) for __I$use$fp
    rredf.o(i.__mathlib_rredf2) refers (Special) to iusefp.o(.text) for __I$use$fp
    rredf.o(i.__mathlib_rredf2) refers to rredf.o(.constdata) for .constdata
    rredf.o(.constdata) refers (Special) to iusefp.o(.text) for __I$use$fp
    entry2.o(.ARM.Collect$$$$00000001) refers to entry2.o(.ARM.Collect$$$$00002712) for __lit__00000000
    entry2.o(.ARM.Collect$$$$00002712) refers to startup_stm32h743xx.o(STACK) for __initial_sp
    entry2.o(__vectab_stack_and_reset_area) refers to startup_stm32h743xx.o(STACK) for __initial_sp
    entry2.o(__vectab_stack_and_reset_area) refers to entry.o(.ARM.Collect$$$$00000000) for __main
    entry5.o(.ARM.Collect$$$$00000004) refers to init.o(.text) for __scatterload
    entry9a.o(.ARM.Collect$$$$0000000B) refers to lto-llvm-38cd24.o(.text.main) for main
    entry9b.o(.ARM.Collect$$$$0000000C) refers to lto-llvm-38cd24.o(.text.main) for main
    fputc.o(i.fputc) refers (Special) to iusesemip.o(.text) for __I$use$semihosting$fputc
    fputc.o(i.fputc) refers (Special) to semi.o(.text) for __semihosting_library_function
    fputc_h.o(i._fputc$hlt) refers (Special) to iusesemip.o(.text) for __I$use$semihosting$fputc
    fputc_h.o(i._fputc$hlt) refers (Special) to semi.o(.text) for __semihosting_library_function
    uldiv.o(.text) refers to llushr.o(.text) for __aeabi_llsr
    uldiv.o(.text) refers to llshl.o(.text) for __aeabi_llsl
    errno.o(i.__aeabi_errno_addr) refers to errno.o(.data) for .data
    errno.o(i.__read_errno) refers to errno.o(.data) for .data
    errno.o(i.__set_errno) refers to errno.o(.data) for .data
    _scanf_longlong.o(.text) refers to _chval.o(.text) for _chval
    _scanf_int.o(.text) refers to _chval.o(.text) for _chval
    scanf_fp.o(.text) refers (Special) to iusefp.o(.text) for __I$use$fp
    scanf_fp.o(.text) refers to dfltul.o(.text) for __aeabi_ul2d
    scanf_fp.o(.text) refers to dmul.o(.text) for __aeabi_dmul
    scanf_fp.o(.text) refers to ddiv.o(.text) for __aeabi_ddiv
    scanf_fp.o(.text) refers to scanf_fp.o(i._is_digit) for _is_digit
    scanf_fp.o(.text) refers to d2f.o(.text) for __aeabi_d2f
    scanf_char.o(.text) refers to _scanf.o(.text) for __vfscanf
    scanf_char.o(.text) refers to isspace_c.o(.text) for isspace
    dadd.o(.text) refers (Special) to iusefp.o(.text) for __I$use$fp
    dadd.o(.text) refers to llshl.o(.text) for __aeabi_llsl
    dadd.o(.text) refers to llsshr.o(.text) for __aeabi_lasr
    dadd.o(.text) refers to depilogue.o(.text) for _double_epilogue
    dmul.o(.text) refers (Special) to iusefp.o(.text) for __I$use$fp
    dmul.o(.text) refers to depilogue.o(.text) for _double_epilogue
    ddiv.o(.text) refers (Special) to iusefp.o(.text) for __I$use$fp
    ddiv.o(.text) refers to depilogue.o(.text) for _double_round
    dfixul.o(.text) refers (Special) to iusefp.o(.text) for __I$use$fp
    dfixul.o(.text) refers to llushr.o(.text) for __aeabi_llsr
    dfixul.o(.text) refers to llshl.o(.text) for __aeabi_llsl
    cdrcmple.o(.text) refers (Special) to iusefp.o(.text) for __I$use$fp
    init.o(.text) refers to entry5.o(.ARM.Collect$$$$00000004) for __main_after_scatterload
    isspace_c.o(.text) refers to ctype_c.o(.text) for __ctype_lookup
    _scanf.o(.text) refers (Weak) to scanf_fp.o(.text) for _scanf_real
    _scanf.o(.text) refers (Weak) to _scanf_longlong.o(.text) for _scanf_longlong
    _scanf.o(.text) refers (Weak) to _scanf_int.o(.text) for _scanf_int
    _scanf.o(.text) refers (Weak) to _scanf_str.o(.text) for _scanf_string
    depilogue.o(.text) refers (Special) to iusefp.o(.text) for __I$use$fp
    depilogue.o(.text) refers to llshl.o(.text) for __aeabi_llsl
    depilogue.o(.text) refers to llushr.o(.text) for __aeabi_llsr
    dfltul.o(.text) refers (Special) to iusefp.o(.text) for __I$use$fp
    dfltul.o(.text) refers to depilogue.o(.text) for _double_epilogue
    d2f.o(.text) refers (Special) to iusefp.o(.text) for __I$use$fp
    d2f.o(.text) refers to fepilogue.o(.text) for _float_round
    ctype_c.o(.text) refers to ctype_c.o(.constdata) for .constdata
    fepilogue.o(.text) refers (Special) to iusefp.o(.text) for __I$use$fp
    lto-llvm-38cd24.o(.ARM.exidx.text.GPIO_Set) refers to lto-llvm-38cd24.o(.text.GPIO_Set) for [Anonymous Symbol]
    lto-llvm-38cd24.o(.ARM.exidx.text.GPIO_AF_Set) refers to lto-llvm-38cd24.o(.text.GPIO_AF_Set) for [Anonymous Symbol]
    lto-llvm-38cd24.o(.text._USART_Send_String) refers to lto-llvm-38cd24.o(.bss) for USART_Cache
    lto-llvm-38cd24.o(.ARM.exidx.text._USART_Send_String) refers to lto-llvm-38cd24.o(.text._USART_Send_String) for [Anonymous Symbol]
    lto-llvm-38cd24.o(.text.USART_Init) refers to lto-llvm-38cd24.o(.text.GPIO_Set) for GPIO_Set
    lto-llvm-38cd24.o(.text.USART_Init) refers to lto-llvm-38cd24.o(.text.GPIO_AF_Set) for GPIO_AF_Set
    lto-llvm-38cd24.o(.ARM.exidx.text.USART_Init) refers to lto-llvm-38cd24.o(.text.USART_Init) for [Anonymous Symbol]
    lto-llvm-38cd24.o(.text.USART_Send_Data_Flow) refers to lto-llvm-38cd24.o(.rodata.str1.1) for .L.str.1.19
    lto-llvm-38cd24.o(.ARM.exidx.text.USART_Send_Data_Flow) refers to lto-llvm-38cd24.o(.text.USART_Send_Data_Flow) for [Anonymous Symbol]
    lto-llvm-38cd24.o(.text.USART_Printf) refers to lto-llvm-38cd24.o(.bss) for USART_Cache
    lto-llvm-38cd24.o(.text.USART_Printf) refers to printfa.o(i.__0vsprintf) for vsprintf
    lto-llvm-38cd24.o(.text.USART_Printf) refers to lto-llvm-38cd24.o(.text._USART_Send_String) for _USART_Send_String
    lto-llvm-38cd24.o(.ARM.exidx.text.USART_Printf) refers to lto-llvm-38cd24.o(.text.USART_Printf) for [Anonymous Symbol]
    lto-llvm-38cd24.o(.ARM.exidx.text.USART1_IRQHandler) refers to lto-llvm-38cd24.o(.text.USART1_IRQHandler) for [Anonymous Symbol]
    lto-llvm-38cd24.o(.ARM.exidx.text.USART2_IRQHandler) refers to lto-llvm-38cd24.o(.text.USART2_IRQHandler) for [Anonymous Symbol]
    lto-llvm-38cd24.o(.ARM.exidx.text.USART3_IRQHandler) refers to lto-llvm-38cd24.o(.text.USART3_IRQHandler) for [Anonymous Symbol]
    lto-llvm-38cd24.o(.ARM.exidx.text.MPU_Disable) refers to lto-llvm-38cd24.o(.text.MPU_Disable) for [Anonymous Symbol]
    lto-llvm-38cd24.o(.ARM.exidx.text.MPU_Enable) refers to lto-llvm-38cd24.o(.text.MPU_Enable) for [Anonymous Symbol]
    lto-llvm-38cd24.o(.ARM.exidx.text.MPU_Convert_Bytes_To_POT) refers to lto-llvm-38cd24.o(.text.MPU_Convert_Bytes_To_POT) for [Anonymous Symbol]
    lto-llvm-38cd24.o(.text.MPU_Set_Protection) refers to lto-llvm-38cd24.o(.text.MPU_Convert_Bytes_To_POT) for MPU_Convert_Bytes_To_POT
    lto-llvm-38cd24.o(.text.MPU_Set_Protection) refers to lto-llvm-38cd24.o(.text.MPU_Disable) for MPU_Disable
    lto-llvm-38cd24.o(.text.MPU_Set_Protection) refers to lto-llvm-38cd24.o(.text.MPU_Enable) for MPU_Enable
    lto-llvm-38cd24.o(.ARM.exidx.text.MPU_Set_Protection) refers to lto-llvm-38cd24.o(.text.MPU_Set_Protection) for [Anonymous Symbol]
    lto-llvm-38cd24.o(.text.MPU_Memory_Protection) refers to lto-llvm-38cd24.o(.text.MPU_Set_Protection) for MPU_Set_Protection
    lto-llvm-38cd24.o(.ARM.exidx.text.MPU_Memory_Protection) refers to lto-llvm-38cd24.o(.text.MPU_Memory_Protection) for [Anonymous Symbol]
    lto-llvm-38cd24.o(.ARM.exidx.text.MemManage_Handler) refers to lto-llvm-38cd24.o(.text.MemManage_Handler) for [Anonymous Symbol]
    lto-llvm-38cd24.o(.ARM.exidx.text.MY_NVIC_SetVectorTable) refers to lto-llvm-38cd24.o(.text.MY_NVIC_SetVectorTable) for [Anonymous Symbol]
    lto-llvm-38cd24.o(.text.Cache_Enable) refers to lto-llvm-38cd24.o(.text.SCB_EnableICache) for SCB_EnableICache
    lto-llvm-38cd24.o(.text.Cache_Enable) refers to lto-llvm-38cd24.o(.text.SCB_EnableDCache) for SCB_EnableDCache
    lto-llvm-38cd24.o(.ARM.exidx.text.Cache_Enable) refers to lto-llvm-38cd24.o(.text.Cache_Enable) for [Anonymous Symbol]
    lto-llvm-38cd24.o(.ARM.exidx.text.SCB_EnableICache) refers to lto-llvm-38cd24.o(.text.SCB_EnableICache) for [Anonymous Symbol]
    lto-llvm-38cd24.o(.ARM.exidx.text.SCB_EnableDCache) refers to lto-llvm-38cd24.o(.text.SCB_EnableDCache) for [Anonymous Symbol]
    lto-llvm-38cd24.o(.ARM.exidx.text.Sys_Clock_Set) refers to lto-llvm-38cd24.o(.text.Sys_Clock_Set) for [Anonymous Symbol]
    lto-llvm-38cd24.o(.text.Stm32_Clock_Init) refers to lto-llvm-38cd24.o(.text.Cache_Enable) for Cache_Enable
    lto-llvm-38cd24.o(.text.Stm32_Clock_Init) refers to lto-llvm-38cd24.o(.text.Sys_Clock_Set) for Sys_Clock_Set
    lto-llvm-38cd24.o(.text.Stm32_Clock_Init) refers to lto-llvm-38cd24.o(.text.MY_NVIC_SetVectorTable) for MY_NVIC_SetVectorTable
    lto-llvm-38cd24.o(.ARM.exidx.text.Stm32_Clock_Init) refers to lto-llvm-38cd24.o(.text.Stm32_Clock_Init) for [Anonymous Symbol]
    lto-llvm-38cd24.o(.ARM.exidx.text.LinkedList_Find) refers to lto-llvm-38cd24.o(.text.LinkedList_Find) for [Anonymous Symbol]
    lto-llvm-38cd24.o(.text.LinkedList_Add) refers to lto-llvm-38cd24.o(.bss) for heap0
    lto-llvm-38cd24.o(.text.LinkedList_Add) refers to lto-llvm-38cd24.o(.text.Memory_Malloc) for Memory_Malloc
    lto-llvm-38cd24.o(.text.LinkedList_Add) refers to lto-llvm-38cd24.o(.text.LinkedList_Find) for LinkedList_Find
    lto-llvm-38cd24.o(.ARM.exidx.text.LinkedList_Add) refers to lto-llvm-38cd24.o(.text.LinkedList_Add) for [Anonymous Symbol]
    lto-llvm-38cd24.o(.text.LinkedList_AddBehind) refers to lto-llvm-38cd24.o(.bss) for heap0
    lto-llvm-38cd24.o(.text.LinkedList_AddBehind) refers to lto-llvm-38cd24.o(.text.Memory_Malloc) for Memory_Malloc
    lto-llvm-38cd24.o(.ARM.exidx.text.LinkedList_AddBehind) refers to lto-llvm-38cd24.o(.text.LinkedList_AddBehind) for [Anonymous Symbol]
    lto-llvm-38cd24.o(.text.LinkedList_AddtoEnd) refers to lto-llvm-38cd24.o(.text.LinkedList_Add) for LinkedList_Add
    lto-llvm-38cd24.o(.ARM.exidx.text.LinkedList_AddtoEnd) refers to lto-llvm-38cd24.o(.text.LinkedList_AddtoEnd) for [Anonymous Symbol]
    lto-llvm-38cd24.o(.text.Memory_Init) refers to lto-llvm-38cd24.o(.bss) for heap5
    lto-llvm-38cd24.o(.text.Memory_Init) refers to lto-llvm-38cd24.o(.text.Memory_Heap_Init) for Memory_Heap_Init
    lto-llvm-38cd24.o(.text.Memory_Init) refers to lto-llvm-38cd24.o(.text.Memory_Malloc) for Memory_Malloc
    lto-llvm-38cd24.o(.ARM.exidx.text.Memory_Init) refers to lto-llvm-38cd24.o(.text.Memory_Init) for [Anonymous Symbol]
    lto-llvm-38cd24.o(.ARM.exidx.text.Memory_Heap_Init) refers to lto-llvm-38cd24.o(.text.Memory_Heap_Init) for [Anonymous Symbol]
    lto-llvm-38cd24.o(.ARM.exidx.text.Memory_Malloc) refers to lto-llvm-38cd24.o(.text.Memory_Malloc) for [Anonymous Symbol]
    lto-llvm-38cd24.o(.ARM.exidx.text.Memory_Free) refers to lto-llvm-38cd24.o(.text.Memory_Free) for [Anonymous Symbol]
    lto-llvm-38cd24.o(.text.ArrayList_Insert) refers to lto-llvm-38cd24.o(.bss) for my_os
    lto-llvm-38cd24.o(.text.ArrayList_Insert) refers to lto-llvm-38cd24.o(.text.Memory_Malloc) for Memory_Malloc
    lto-llvm-38cd24.o(.text.ArrayList_Insert) refers to memmovea.o(.text) for __aeabi_memcpy
    lto-llvm-38cd24.o(.text.ArrayList_Insert) refers to lto-llvm-38cd24.o(.text.Memory_Free) for Memory_Free
    lto-llvm-38cd24.o(.ARM.exidx.text.ArrayList_Insert) refers to lto-llvm-38cd24.o(.text.ArrayList_Insert) for [Anonymous Symbol]
    lto-llvm-38cd24.o(.text.ArrayList_Remove) refers to lto-llvm-38cd24.o(.bss) for my_os
    lto-llvm-38cd24.o(.text.ArrayList_Remove) refers to lto-llvm-38cd24.o(.text.Memory_Malloc) for Memory_Malloc
    lto-llvm-38cd24.o(.text.ArrayList_Remove) refers to memmovea.o(.text) for __aeabi_memcpy
    lto-llvm-38cd24.o(.text.ArrayList_Remove) refers to lto-llvm-38cd24.o(.text.Memory_Free) for Memory_Free
    lto-llvm-38cd24.o(.ARM.exidx.text.ArrayList_Remove) refers to lto-llvm-38cd24.o(.text.ArrayList_Remove) for [Anonymous Symbol]
    lto-llvm-38cd24.o(.text.System_Process) refers to lto-llvm-38cd24.o(.bss) for my_os
    lto-llvm-38cd24.o(.text.System_Process) refers to lto-llvm-38cd24.o(.rodata.str1.1) for .L.str.18
    lto-llvm-38cd24.o(.text.System_Process) refers to lto-llvm-38cd24.o(.text.USART_Printf) for USART_Printf
    lto-llvm-38cd24.o(.ARM.exidx.text.System_Process) refers to lto-llvm-38cd24.o(.text.System_Process) for [Anonymous Symbol]
    lto-llvm-38cd24.o(.text.TYOS_Create_Process) refers to lto-llvm-38cd24.o(.bss) for my_os
    lto-llvm-38cd24.o(.text.TYOS_Create_Process) refers to lto-llvm-38cd24.o(.text.LinkedList_AddBehind) for LinkedList_AddBehind
    lto-llvm-38cd24.o(.text.TYOS_Create_Process) refers to lto-llvm-38cd24.o(.text.LinkedList_Add) for LinkedList_Add
    lto-llvm-38cd24.o(.text.TYOS_Create_Process) refers to lto-llvm-38cd24.o(.text.LinkedList_AddtoEnd) for LinkedList_AddtoEnd
    lto-llvm-38cd24.o(.text.TYOS_Create_Process) refers to lto-llvm-38cd24.o(.text.Memory_Malloc) for Memory_Malloc
    lto-llvm-38cd24.o(.ARM.exidx.text.TYOS_Create_Process) refers to lto-llvm-38cd24.o(.text.TYOS_Create_Process) for [Anonymous Symbol]
    lto-llvm-38cd24.o(.text.TYOS_Process_Start) refers to lto-llvm-38cd24.o(.bss) for my_os
    lto-llvm-38cd24.o(.ARM.exidx.text.TYOS_Process_Start) refers to lto-llvm-38cd24.o(.text.TYOS_Process_Start) for [Anonymous Symbol]
    lto-llvm-38cd24.o(.text.TYOS_Process_Wait_Time) refers to lto-llvm-38cd24.o(.bss) for my_os
    lto-llvm-38cd24.o(.text.TYOS_Process_Wait_Time) refers to lto-llvm-38cd24.o(.text.ArrayList_Remove) for ArrayList_Remove
    lto-llvm-38cd24.o(.text.TYOS_Process_Wait_Time) refers to lto-llvm-38cd24.o(.text.ArrayList_Insert) for ArrayList_Insert
    lto-llvm-38cd24.o(.ARM.exidx.text.TYOS_Process_Wait_Time) refers to lto-llvm-38cd24.o(.text.TYOS_Process_Wait_Time) for [Anonymous Symbol]
    lto-llvm-38cd24.o(.text.TYOS_Kernel_Prepare) refers to lto-llvm-38cd24.o(.bss) for heap1
    lto-llvm-38cd24.o(.text.TYOS_Kernel_Prepare) refers to lto-llvm-38cd24.o(.text.__NVIC_SetPriorityGrouping) for __NVIC_SetPriorityGrouping
    lto-llvm-38cd24.o(.text.TYOS_Kernel_Prepare) refers to lto-llvm-38cd24.o(.text.__NVIC_SetPriority) for __NVIC_SetPriority
    lto-llvm-38cd24.o(.text.TYOS_Kernel_Prepare) refers to lto-llvm-38cd24.o(.text.Memory_Malloc) for Memory_Malloc
    lto-llvm-38cd24.o(.text.TYOS_Kernel_Prepare) refers to lto-llvm-38cd24.o(.text.LinkedList_Add) for LinkedList_Add
    lto-llvm-38cd24.o(.text.TYOS_Kernel_Prepare) refers to lto-llvm-38cd24.o(.text.LinkedList_AddtoEnd) for LinkedList_AddtoEnd
    lto-llvm-38cd24.o(.text.TYOS_Kernel_Prepare) refers to lto-llvm-38cd24.o(.text.System_Process) for System_Process
    lto-llvm-38cd24.o(.ARM.exidx.text.TYOS_Kernel_Prepare) refers to lto-llvm-38cd24.o(.text.TYOS_Kernel_Prepare) for [Anonymous Symbol]
    lto-llvm-38cd24.o(.ARM.exidx.text.__NVIC_SetPriorityGrouping) refers to lto-llvm-38cd24.o(.text.__NVIC_SetPriorityGrouping) for [Anonymous Symbol]
    lto-llvm-38cd24.o(.ARM.exidx.text.__NVIC_SetPriority) refers to lto-llvm-38cd24.o(.text.__NVIC_SetPriority) for [Anonymous Symbol]
    lto-llvm-38cd24.o(.text._TYOS_Process_Switch) refers to lto-llvm-38cd24.o(.bss) for my_os
    lto-llvm-38cd24.o(.ARM.exidx.text._TYOS_Process_Switch) refers to lto-llvm-38cd24.o(.text._TYOS_Process_Switch) for [Anonymous Symbol]
    lto-llvm-38cd24.o(.text.SysTick_Handler) refers to lto-llvm-38cd24.o(.bss) for my_os
    lto-llvm-38cd24.o(.text.SysTick_Handler) refers to lto-llvm-38cd24.o(.text.ArrayList_Remove) for ArrayList_Remove
    lto-llvm-38cd24.o(.text.SysTick_Handler) refers to lto-llvm-38cd24.o(.text.USART_Send_Data_Flow) for USART_Send_Data_Flow
    lto-llvm-38cd24.o(.ARM.exidx.text.SysTick_Handler) refers to lto-llvm-38cd24.o(.text.SysTick_Handler) for [Anonymous Symbol]
    lto-llvm-38cd24.o(.ARM.exidx.text._TYOS_SVC_Handler_C) refers to lto-llvm-38cd24.o(.text._TYOS_SVC_Handler_C) for [Anonymous Symbol]
    lto-llvm-38cd24.o(.text.main) refers to lto-llvm-38cd24.o(.text.Stm32_Clock_Init) for Stm32_Clock_Init
    lto-llvm-38cd24.o(.text.main) refers to lto-llvm-38cd24.o(.text.SCB_EnableICache.20) for SCB_EnableICache.20
    lto-llvm-38cd24.o(.text.main) refers to lto-llvm-38cd24.o(.text.SCB_DisableDCache) for SCB_DisableDCache
    lto-llvm-38cd24.o(.text.main) refers to lto-llvm-38cd24.o(.text.USART_Init) for USART_Init
    lto-llvm-38cd24.o(.text.main) refers to lto-llvm-38cd24.o(.rodata.str1.1) for .L.str.21
    lto-llvm-38cd24.o(.text.main) refers to lto-llvm-38cd24.o(.text.USART_Printf) for USART_Printf
    lto-llvm-38cd24.o(.text.main) refers to lto-llvm-38cd24.o(.text.MPU_Memory_Protection) for MPU_Memory_Protection
    lto-llvm-38cd24.o(.text.main) refers to lto-llvm-38cd24.o(.text.Memory_Init) for Memory_Init
    lto-llvm-38cd24.o(.text.main) refers to lto-llvm-38cd24.o(.text.TYOS_Kernel_Prepare) for TYOS_Kernel_Prepare
    lto-llvm-38cd24.o(.text.main) refers to lto-llvm-38cd24.o(.text.Task1) for Task1
    lto-llvm-38cd24.o(.text.main) refers to lto-llvm-38cd24.o(.text.TYOS_Create_Process) for TYOS_Create_Process
    lto-llvm-38cd24.o(.text.main) refers to lto-llvm-38cd24.o(.bss) for p1
    lto-llvm-38cd24.o(.text.main) refers to lto-llvm-38cd24.o(.text.Task2) for Task2
    lto-llvm-38cd24.o(.text.main) refers to lto-llvm-38cd24.o(.text.Task3) for Task3
    lto-llvm-38cd24.o(.text.main) refers to lto-llvm-38cd24.o(.text.Task4) for Task4
    lto-llvm-38cd24.o(.text.main) refers to lto-llvm-38cd24.o(.text.TYOS_Process_Start) for TYOS_Process_Start
    lto-llvm-38cd24.o(.text.main) refers to TYOS_Assembly.o(TYOS) for TYOS_Start
    lto-llvm-38cd24.o(.ARM.exidx.text.main) refers to lto-llvm-38cd24.o(.text.main) for [Anonymous Symbol]
    lto-llvm-38cd24.o(.ARM.exidx.text.SCB_EnableICache.20) refers to lto-llvm-38cd24.o(.text.SCB_EnableICache.20) for [Anonymous Symbol]
    lto-llvm-38cd24.o(.ARM.exidx.text.SCB_DisableDCache) refers to lto-llvm-38cd24.o(.text.SCB_DisableDCache) for [Anonymous Symbol]
    lto-llvm-38cd24.o(.text.Task1) refers to lto-llvm-38cd24.o(.bss) for p1
    lto-llvm-38cd24.o(.text.Task1) refers to lto-llvm-38cd24.o(.rodata.str1.1) for .L.str.1.25
    lto-llvm-38cd24.o(.text.Task1) refers to lto-llvm-38cd24.o(.text.USART_Printf) for USART_Printf
    lto-llvm-38cd24.o(.ARM.exidx.text.Task1) refers to lto-llvm-38cd24.o(.text.Task1) for [Anonymous Symbol]
    lto-llvm-38cd24.o(.text.Task2) refers to lto-llvm-38cd24.o(.bss) for p2
    lto-llvm-38cd24.o(.text.Task2) refers to lto-llvm-38cd24.o(.rodata.str1.1) for .L.str.2.24
    lto-llvm-38cd24.o(.text.Task2) refers to lto-llvm-38cd24.o(.text.USART_Printf) for USART_Printf
    lto-llvm-38cd24.o(.ARM.exidx.text.Task2) refers to lto-llvm-38cd24.o(.text.Task2) for [Anonymous Symbol]
    lto-llvm-38cd24.o(.text.Task3) refers to lto-llvm-38cd24.o(.bss) for p3
    lto-llvm-38cd24.o(.text.Task3) refers to lto-llvm-38cd24.o(.rodata.str1.1) for .L.str.3.23
    lto-llvm-38cd24.o(.text.Task3) refers to lto-llvm-38cd24.o(.text.USART_Printf) for USART_Printf
    lto-llvm-38cd24.o(.text.Task3) refers to lto-llvm-38cd24.o(.text.TYOS_Process_Wait_Time) for TYOS_Process_Wait_Time
    lto-llvm-38cd24.o(.ARM.exidx.text.Task3) refers to lto-llvm-38cd24.o(.text.Task3) for [Anonymous Symbol]
    lto-llvm-38cd24.o(.text.Task4) refers to lto-llvm-38cd24.o(.bss) for p4
    lto-llvm-38cd24.o(.text.Task4) refers to lto-llvm-38cd24.o(.rodata.str1.1) for .L.str.4.22
    lto-llvm-38cd24.o(.text.Task4) refers to lto-llvm-38cd24.o(.text.USART_Printf) for USART_Printf
    lto-llvm-38cd24.o(.text.Task4) refers to lto-llvm-38cd24.o(.text.TYOS_Process_Wait_Time) for TYOS_Process_Wait_Time
    lto-llvm-38cd24.o(.ARM.exidx.text.Task4) refers to lto-llvm-38cd24.o(.text.Task4) for [Anonymous Symbol]
    scanf_fp.o(i._is_digit) refers (Special) to iusefp.o(.text) for __I$use$fp


==============================================================================

Removing Unused input sections from the image.

    Removing startup_stm32h743xx.o(HEAP), (0 bytes).
    Removing arm_cmplx_mag_f32.o(.rev16_text), (4 bytes).
    Removing arm_cmplx_mag_f32.o(.revsh_text), (4 bytes).
    Removing arm_cmplx_mag_f32.o(.rrx_text), (6 bytes).
    Removing arm_cmplx_mag_f32.o(.text), (256 bytes).
    Removing arm_cfft_f32.o(.rev16_text), (4 bytes).
    Removing arm_cfft_f32.o(.revsh_text), (4 bytes).
    Removing arm_cfft_f32.o(.rrx_text), (6 bytes).
    Removing arm_cfft_f32.o(.text), (1872 bytes).
    Removing arm_rms_f32.o(.rev16_text), (4 bytes).
    Removing arm_rms_f32.o(.revsh_text), (4 bytes).
    Removing arm_rms_f32.o(.rrx_text), (6 bytes).
    Removing arm_rms_f32.o(.text), (240 bytes).
    Removing arm_var_f32.o(.rev16_text), (4 bytes).
    Removing arm_var_f32.o(.revsh_text), (4 bytes).
    Removing arm_var_f32.o(.rrx_text), (6 bytes).
    Removing arm_var_f32.o(.text), (444 bytes).
    Removing arm_const_structs.o(.rev16_text), (4 bytes).
    Removing arm_const_structs.o(.revsh_text), (4 bytes).
    Removing arm_const_structs.o(.rrx_text), (6 bytes).
    Removing arm_const_structs.o(.constdata), (16 bytes).
    Removing arm_const_structs.o(.constdata), (16 bytes).
    Removing arm_const_structs.o(.constdata), (16 bytes).
    Removing arm_const_structs.o(.constdata), (16 bytes).
    Removing arm_const_structs.o(.constdata), (16 bytes).
    Removing arm_const_structs.o(.constdata), (16 bytes).
    Removing arm_const_structs.o(.constdata), (16 bytes).
    Removing arm_const_structs.o(.constdata), (16 bytes).
    Removing arm_const_structs.o(.constdata), (16 bytes).
    Removing arm_const_structs.o(.constdata), (16 bytes).
    Removing arm_const_structs.o(.constdata), (16 bytes).
    Removing arm_const_structs.o(.constdata), (16 bytes).
    Removing arm_const_structs.o(.constdata), (16 bytes).
    Removing arm_const_structs.o(.constdata), (16 bytes).
    Removing arm_const_structs.o(.constdata), (16 bytes).
    Removing arm_const_structs.o(.constdata), (16 bytes).
    Removing arm_const_structs.o(.constdata), (16 bytes).
    Removing arm_const_structs.o(.constdata), (16 bytes).
    Removing arm_const_structs.o(.constdata), (16 bytes).
    Removing arm_const_structs.o(.constdata), (16 bytes).
    Removing arm_const_structs.o(.constdata), (16 bytes).
    Removing arm_const_structs.o(.constdata), (16 bytes).
    Removing arm_const_structs.o(.constdata), (16 bytes).
    Removing arm_const_structs.o(.constdata), (16 bytes).
    Removing arm_const_structs.o(.constdata), (16 bytes).
    Removing arm_const_structs.o(.constdata), (16 bytes).
    Removing arm_const_structs.o(.constdata), (16 bytes).
    Removing arm_const_structs.o(.constdata), (24 bytes).
    Removing arm_const_structs.o(.constdata), (24 bytes).
    Removing arm_const_structs.o(.constdata), (24 bytes).
    Removing arm_const_structs.o(.constdata), (24 bytes).
    Removing arm_const_structs.o(.constdata), (24 bytes).
    Removing arm_const_structs.o(.constdata), (24 bytes).
    Removing arm_const_structs.o(.constdata), (24 bytes).
    Removing arm_const_structs.o(.constdata), (24 bytes).
    Removing arm_const_structs.o(.constdata), (24 bytes).
    Removing arm_const_structs.o(.constdata), (24 bytes).
    Removing arm_const_structs.o(.constdata), (24 bytes).
    Removing arm_const_structs.o(.constdata), (24 bytes).
    Removing arm_const_structs.o(.constdata), (24 bytes).
    Removing arm_const_structs.o(.constdata), (24 bytes).
    Removing arm_const_structs.o(.constdata), (24 bytes).
    Removing arm_const_structs.o(.constdata), (24 bytes).
    Removing arm_const_structs.o(.constdata), (24 bytes).
    Removing arm_const_structs.o(.constdata), (24 bytes).
    Removing arm_const_structs.o(.constdata), (24 bytes).
    Removing arm_const_structs.o(.constdata), (24 bytes).
    Removing arm_const_structs.o(.constdata), (24 bytes).
    Removing arm_const_structs.o(.constdata), (24 bytes).
    Removing arm_const_structs.o(.constdata), (24 bytes).
    Removing arm_const_structs.o(.constdata), (24 bytes).
    Removing arm_const_structs.o(.constdata), (24 bytes).
    Removing arm_const_structs.o(.constdata), (24 bytes).
    Removing arm_rfft_init_q15.o(.rev16_text), (4 bytes).
    Removing arm_rfft_init_q15.o(.revsh_text), (4 bytes).
    Removing arm_rfft_init_q15.o(.rrx_text), (6 bytes).
    Removing arm_rfft_init_q15.o(.text), (212 bytes).
    Removing arm_rfft_init_q15.o(.constdata), (32768 bytes).
    Removing arm_rfft_init_q31.o(.rev16_text), (4 bytes).
    Removing arm_rfft_init_q31.o(.revsh_text), (4 bytes).
    Removing arm_rfft_init_q31.o(.rrx_text), (6 bytes).
    Removing arm_rfft_init_q31.o(.text), (212 bytes).
    Removing arm_rfft_init_q31.o(.constdata), (65536 bytes).
    Removing arm_cfft_radix8_f32.o(.rev16_text), (4 bytes).
    Removing arm_cfft_radix8_f32.o(.revsh_text), (4 bytes).
    Removing arm_cfft_radix8_f32.o(.rrx_text), (6 bytes).
    Removing arm_cfft_radix8_f32.o(.text), (1226 bytes).
    Removing arm_bitreversal2.o(. text), (192 bytes).
    Removing arm_common_tables.o(.rev16_text), (4 bytes).
    Removing arm_common_tables.o(.revsh_text), (4 bytes).
    Removing arm_common_tables.o(.rrx_text), (6 bytes).
    Removing arm_common_tables.o(.constdata), (2048 bytes).
    Removing arm_common_tables.o(.constdata), (128 bytes).
    Removing arm_common_tables.o(.constdata), (256 bytes).
    Removing arm_common_tables.o(.constdata), (512 bytes).
    Removing arm_common_tables.o(.constdata), (1024 bytes).
    Removing arm_common_tables.o(.constdata), (2048 bytes).
    Removing arm_common_tables.o(.constdata), (4096 bytes).
    Removing arm_common_tables.o(.constdata), (8192 bytes).
    Removing arm_common_tables.o(.constdata), (16384 bytes).
    Removing arm_common_tables.o(.constdata), (32768 bytes).
    Removing arm_common_tables.o(.constdata), (96 bytes).
    Removing arm_common_tables.o(.constdata), (192 bytes).
    Removing arm_common_tables.o(.constdata), (384 bytes).
    Removing arm_common_tables.o(.constdata), (768 bytes).
    Removing arm_common_tables.o(.constdata), (1536 bytes).
    Removing arm_common_tables.o(.constdata), (3072 bytes).
    Removing arm_common_tables.o(.constdata), (6144 bytes).
    Removing arm_common_tables.o(.constdata), (12288 bytes).
    Removing arm_common_tables.o(.constdata), (24576 bytes).
    Removing arm_common_tables.o(.constdata), (48 bytes).
    Removing arm_common_tables.o(.constdata), (96 bytes).
    Removing arm_common_tables.o(.constdata), (192 bytes).
    Removing arm_common_tables.o(.constdata), (384 bytes).
    Removing arm_common_tables.o(.constdata), (768 bytes).
    Removing arm_common_tables.o(.constdata), (1536 bytes).
    Removing arm_common_tables.o(.constdata), (3072 bytes).
    Removing arm_common_tables.o(.constdata), (6144 bytes).
    Removing arm_common_tables.o(.constdata), (12288 bytes).
    Removing arm_common_tables.o(.constdata), (128 bytes).
    Removing arm_common_tables.o(.constdata), (256 bytes).
    Removing arm_common_tables.o(.constdata), (40 bytes).
    Removing arm_common_tables.o(.constdata), (96 bytes).
    Removing arm_common_tables.o(.constdata), (112 bytes).
    Removing arm_common_tables.o(.constdata), (416 bytes).
    Removing arm_common_tables.o(.constdata), (880 bytes).
    Removing arm_common_tables.o(.constdata), (896 bytes).
    Removing arm_common_tables.o(.constdata), (3600 bytes).
    Removing arm_common_tables.o(.constdata), (7616 bytes).
    Removing arm_common_tables.o(.constdata), (8064 bytes).
    Removing arm_common_tables.o(.constdata), (24 bytes).
    Removing arm_common_tables.o(.constdata), (48 bytes).
    Removing arm_common_tables.o(.constdata), (112 bytes).
    Removing arm_common_tables.o(.constdata), (224 bytes).
    Removing arm_common_tables.o(.constdata), (480 bytes).
    Removing arm_common_tables.o(.constdata), (960 bytes).
    Removing arm_common_tables.o(.constdata), (1984 bytes).
    Removing arm_common_tables.o(.constdata), (3968 bytes).
    Removing arm_common_tables.o(.constdata), (8064 bytes).
    Removing arm_common_tables.o(.constdata), (128 bytes).
    Removing arm_common_tables.o(.constdata), (256 bytes).
    Removing arm_common_tables.o(.constdata), (512 bytes).
    Removing arm_common_tables.o(.constdata), (1024 bytes).
    Removing arm_common_tables.o(.constdata), (2048 bytes).
    Removing arm_common_tables.o(.constdata), (4096 bytes).
    Removing arm_common_tables.o(.constdata), (8192 bytes).
    Removing arm_common_tables.o(.constdata), (16384 bytes).
    Removing arm_common_tables.o(.constdata), (2052 bytes).
    Removing arm_common_tables.o(.constdata), (2052 bytes).
    Removing arm_common_tables.o(.constdata), (1026 bytes).
    Removing dfltul.o(.text), (24 bytes).
    Removing d2f.o(.text), (56 bytes).
    Removing fepilogue.o(.text), (110 bytes).
    Removing lto-llvm-38cd24.o(.text), (0 bytes).
    Removing lto-llvm-38cd24.o(.ARM.exidx.text.GPIO_Set), (8 bytes).
    Removing lto-llvm-38cd24.o(.ARM.exidx.text.GPIO_AF_Set), (8 bytes).
    Removing lto-llvm-38cd24.o(.ARM.exidx.text._USART_Send_String), (8 bytes).
    Removing lto-llvm-38cd24.o(.ARM.exidx.text.USART_Init), (8 bytes).
    Removing lto-llvm-38cd24.o(.ARM.exidx.text.USART_Send_Data_Flow), (8 bytes).
    Removing lto-llvm-38cd24.o(.ARM.exidx.text.USART_Printf), (8 bytes).
    Removing lto-llvm-38cd24.o(.ARM.exidx.text.USART1_IRQHandler), (8 bytes).
    Removing lto-llvm-38cd24.o(.ARM.exidx.text.USART2_IRQHandler), (8 bytes).
    Removing lto-llvm-38cd24.o(.ARM.exidx.text.USART3_IRQHandler), (8 bytes).
    Removing lto-llvm-38cd24.o(.ARM.exidx.text.MPU_Disable), (8 bytes).
    Removing lto-llvm-38cd24.o(.ARM.exidx.text.MPU_Enable), (8 bytes).
    Removing lto-llvm-38cd24.o(.ARM.exidx.text.MPU_Convert_Bytes_To_POT), (8 bytes).
    Removing lto-llvm-38cd24.o(.ARM.exidx.text.MPU_Set_Protection), (8 bytes).
    Removing lto-llvm-38cd24.o(.ARM.exidx.text.MPU_Memory_Protection), (8 bytes).
    Removing lto-llvm-38cd24.o(.ARM.exidx.text.MemManage_Handler), (8 bytes).
    Removing lto-llvm-38cd24.o(.ARM.exidx.text.MY_NVIC_SetVectorTable), (8 bytes).
    Removing lto-llvm-38cd24.o(.ARM.exidx.text.Cache_Enable), (8 bytes).
    Removing lto-llvm-38cd24.o(.ARM.exidx.text.SCB_EnableICache), (8 bytes).
    Removing lto-llvm-38cd24.o(.ARM.exidx.text.SCB_EnableDCache), (8 bytes).
    Removing lto-llvm-38cd24.o(.ARM.exidx.text.Sys_Clock_Set), (8 bytes).
    Removing lto-llvm-38cd24.o(.ARM.exidx.text.Stm32_Clock_Init), (8 bytes).
    Removing lto-llvm-38cd24.o(.ARM.exidx.text.LinkedList_Find), (8 bytes).
    Removing lto-llvm-38cd24.o(.ARM.exidx.text.LinkedList_Add), (8 bytes).
    Removing lto-llvm-38cd24.o(.ARM.exidx.text.LinkedList_AddBehind), (8 bytes).
    Removing lto-llvm-38cd24.o(.ARM.exidx.text.LinkedList_AddtoEnd), (8 bytes).
    Removing lto-llvm-38cd24.o(.ARM.exidx.text.Memory_Init), (8 bytes).
    Removing lto-llvm-38cd24.o(.ARM.exidx.text.Memory_Heap_Init), (8 bytes).
    Removing lto-llvm-38cd24.o(.ARM.exidx.text.Memory_Malloc), (8 bytes).
    Removing lto-llvm-38cd24.o(.ARM.exidx.text.Memory_Free), (8 bytes).
    Removing lto-llvm-38cd24.o(.ARM.exidx.text.ArrayList_Insert), (8 bytes).
    Removing lto-llvm-38cd24.o(.ARM.exidx.text.ArrayList_Remove), (8 bytes).
    Removing lto-llvm-38cd24.o(.ARM.exidx.text.System_Process), (8 bytes).
    Removing lto-llvm-38cd24.o(.ARM.exidx.text.TYOS_Create_Process), (8 bytes).
    Removing lto-llvm-38cd24.o(.ARM.exidx.text.TYOS_Process_Start), (8 bytes).
    Removing lto-llvm-38cd24.o(.ARM.exidx.text.TYOS_Process_Wait_Time), (8 bytes).
    Removing lto-llvm-38cd24.o(.ARM.exidx.text.TYOS_Kernel_Prepare), (8 bytes).
    Removing lto-llvm-38cd24.o(.ARM.exidx.text.__NVIC_SetPriorityGrouping), (8 bytes).
    Removing lto-llvm-38cd24.o(.ARM.exidx.text.__NVIC_SetPriority), (8 bytes).
    Removing lto-llvm-38cd24.o(.ARM.exidx.text._TYOS_Process_Switch), (8 bytes).
    Removing lto-llvm-38cd24.o(.ARM.exidx.text.SysTick_Handler), (8 bytes).
    Removing lto-llvm-38cd24.o(.ARM.exidx.text._TYOS_SVC_Handler_C), (8 bytes).
    Removing lto-llvm-38cd24.o(.ARM.exidx.text.main), (8 bytes).
    Removing lto-llvm-38cd24.o(.ARM.exidx.text.SCB_EnableICache.20), (8 bytes).
    Removing lto-llvm-38cd24.o(.ARM.exidx.text.SCB_DisableDCache), (8 bytes).
    Removing lto-llvm-38cd24.o(.ARM.exidx.text.Task1), (8 bytes).
    Removing lto-llvm-38cd24.o(.ARM.exidx.text.Task2), (8 bytes).
    Removing lto-llvm-38cd24.o(.ARM.exidx.text.Task3), (8 bytes).
    Removing lto-llvm-38cd24.o(.ARM.exidx.text.Task4), (8 bytes).
    Removing lto-llvm-38cd24.o(.ARM.use_no_argv), (4 bytes).

203 unused section(s) (total 321496 bytes) removed from the image.

==============================================================================

Image Symbol Table

    Local Symbols

    Symbol Name                              Value     Ov Type        Size  Object(Section)

    ../clib/division.s                       0x00000000   Number         0  aeabi_sdiv.o ABSOLUTE
    ../clib/microlib/ctype/ctype.c           0x00000000   Number         0  isspace_c.o ABSOLUTE
    ../clib/microlib/ctype/ctype.c           0x00000000   Number         0  ctype_c.o ABSOLUTE
    ../clib/microlib/division.c              0x00000000   Number         0  uidiv.o ABSOLUTE
    ../clib/microlib/division.c              0x00000000   Number         0  uldiv.o ABSOLUTE
    ../clib/microlib/errno.c                 0x00000000   Number         0  errno.o ABSOLUTE
    ../clib/microlib/init/entry.s            0x00000000   Number         0  entry.o ABSOLUTE
    ../clib/microlib/init/entry.s            0x00000000   Number         0  entry2.o ABSOLUTE
    ../clib/microlib/init/entry.s            0x00000000   Number         0  entry5.o ABSOLUTE
    ../clib/microlib/init/entry.s            0x00000000   Number         0  entry7a.o ABSOLUTE
    ../clib/microlib/init/entry.s            0x00000000   Number         0  entry7b.o ABSOLUTE
    ../clib/microlib/init/entry.s            0x00000000   Number         0  entry8a.o ABSOLUTE
    ../clib/microlib/init/entry.s            0x00000000   Number         0  entry8b.o ABSOLUTE
    ../clib/microlib/init/entry.s            0x00000000   Number         0  entry9a.o ABSOLUTE
    ../clib/microlib/init/entry.s            0x00000000   Number         0  entry9b.o ABSOLUTE
    ../clib/microlib/init/entry.s            0x00000000   Number         0  entry10a.o ABSOLUTE
    ../clib/microlib/init/entry.s            0x00000000   Number         0  entry10b.o ABSOLUTE
    ../clib/microlib/init/entry.s            0x00000000   Number         0  entry11a.o ABSOLUTE
    ../clib/microlib/init/entry.s            0x00000000   Number         0  entry11b.o ABSOLUTE
    ../clib/microlib/longlong.c              0x00000000   Number         0  llshl.o ABSOLUTE
    ../clib/microlib/longlong.c              0x00000000   Number         0  llushr.o ABSOLUTE
    ../clib/microlib/longlong.c              0x00000000   Number         0  llsshr.o ABSOLUTE
    ../clib/microlib/printf/printf.c         0x00000000   Number         0  printfa.o ABSOLUTE
    ../clib/microlib/stdio/fputc.c           0x00000000   Number         0  fputc.o ABSOLUTE
    ../clib/microlib/stdio/fputc.c           0x00000000   Number         0  fputc_h.o ABSOLUTE
    ../clib/microlib/stdio/semi.s            0x00000000   Number         0  semi.o ABSOLUTE
    ../clib/microlib/stdio/streams.c         0x00000000   Number         0  stdout.o ABSOLUTE
    ../clib/microlib/string/memcpy.c         0x00000000   Number         0  memcpya.o ABSOLUTE
    ../clib/microlib/string/memcpy.c         0x00000000   Number         0  memmovea.o ABSOLUTE
    ../clib/microlib/string/memcpy.c         0x00000000   Number         0  memcpyb.o ABSOLUTE
    ../clib/microlib/string/memcpy.c         0x00000000   Number         0  memmoveb.o ABSOLUTE
    ../clib/microlib/stubs.s                 0x00000000   Number         0  iusefp.o ABSOLUTE
    ../clib/microlib/stubs.s                 0x00000000   Number         0  iusesemip.o ABSOLUTE
    ../clib/scanf.c                          0x00000000   Number         0  vsscanf.o ABSOLUTE
    ../clib/scanf.c                          0x00000000   Number         0  _scanf_longlong.o ABSOLUTE
    ../clib/scanf.c                          0x00000000   Number         0  _scanf_int.o ABSOLUTE
    ../clib/scanf.c                          0x00000000   Number         0  _scanf_str.o ABSOLUTE
    ../clib/scanf.c                          0x00000000   Number         0  scanf_fp.o ABSOLUTE
    ../clib/scanf.c                          0x00000000   Number         0  scanf_char.o ABSOLUTE
    ../clib/scanf.c                          0x00000000   Number         0  _sgetc.o ABSOLUTE
    ../clib/scanf.c                          0x00000000   Number         0  _chval.o ABSOLUTE
    ../clib/scanf.c                          0x00000000   Number         0  _scanf.o ABSOLUTE
    ../fplib/microlib/d2f.c                  0x00000000   Number         0  d2f.o ABSOLUTE
    ../fplib/microlib/fpadd.c                0x00000000   Number         0  dadd.o ABSOLUTE
    ../fplib/microlib/fpdiv.c                0x00000000   Number         0  ddiv.o ABSOLUTE
    ../fplib/microlib/fpepilogue.c           0x00000000   Number         0  depilogue.o ABSOLUTE
    ../fplib/microlib/fpepilogue.c           0x00000000   Number         0  fepilogue.o ABSOLUTE
    ../fplib/microlib/fpfix.c                0x00000000   Number         0  dfixul.o ABSOLUTE
    ../fplib/microlib/fpflt.c                0x00000000   Number         0  dfltul.o ABSOLUTE
    ../fplib/microlib/fpmul.c                0x00000000   Number         0  dmul.o ABSOLUTE
    ../mathlib/cosf.c                        0x00000000   Number         0  cosf.o ABSOLUTE
    ../mathlib/fpclassifyf.c                 0x00000000   Number         0  fpclassifyf.o ABSOLUTE
    ../mathlib/funder.c                      0x00000000   Number         0  funder.o ABSOLUTE
    ../mathlib/rredf.c                       0x00000000   Number         0  rredf.o ABSOLUTE
    ../mathlib/sinf.c                        0x00000000   Number         0  sinf.o ABSOLUTE
    ../mathlib/sqrtf.c                       0x00000000   Number         0  sqrtf.o ABSOLUTE
    ..\..\Source\CommonTables\arm_common_tables.c 0x00000000   Number         0  arm_common_tables.o ABSOLUTE
    ..\..\Source\CommonTables\arm_const_structs.c 0x00000000   Number         0  arm_const_structs.o ABSOLUTE
    ..\..\Source\ComplexMathFunctions\arm_cmplx_mag_f32.c 0x00000000   Number         0  arm_cmplx_mag_f32.o ABSOLUTE
    ..\..\Source\StatisticsFunctions\arm_rms_f32.c 0x00000000   Number         0  arm_rms_f32.o ABSOLUTE
    ..\..\Source\StatisticsFunctions\arm_var_f32.c 0x00000000   Number         0  arm_var_f32.o ABSOLUTE
    ..\..\Source\TransformFunctions\arm_cfft_f32.c 0x00000000   Number         0  arm_cfft_f32.o ABSOLUTE
    ..\..\Source\TransformFunctions\arm_cfft_radix8_f32.c 0x00000000   Number         0  arm_cfft_radix8_f32.o ABSOLUTE
    ..\..\Source\TransformFunctions\arm_rfft_init_q15.c 0x00000000   Number         0  arm_rfft_init_q15.o ABSOLUTE
    ..\..\Source\TransformFunctions\arm_rfft_init_q31.c 0x00000000   Number         0  arm_rfft_init_q31.o ABSOLUTE
    ..\\..\\Source\\CommonTables\\arm_common_tables.c 0x00000000   Number         0  arm_common_tables.o ABSOLUTE
    ..\\..\\Source\\CommonTables\\arm_const_structs.c 0x00000000   Number         0  arm_const_structs.o ABSOLUTE
    ..\\..\\Source\\ComplexMathFunctions\\arm_cmplx_mag_f32.c 0x00000000   Number         0  arm_cmplx_mag_f32.o ABSOLUTE
    ..\\..\\Source\\StatisticsFunctions\\arm_rms_f32.c 0x00000000   Number         0  arm_rms_f32.o ABSOLUTE
    ..\\..\\Source\\StatisticsFunctions\\arm_var_f32.c 0x00000000   Number         0  arm_var_f32.o ABSOLUTE
    ..\\..\\Source\\TransformFunctions\\arm_bitreversal2.S 0x00000000   Number         0  arm_bitreversal2.o ABSOLUTE
    ..\\..\\Source\\TransformFunctions\\arm_cfft_f32.c 0x00000000   Number         0  arm_cfft_f32.o ABSOLUTE
    ..\\..\\Source\\TransformFunctions\\arm_cfft_radix8_f32.c 0x00000000   Number         0  arm_cfft_radix8_f32.o ABSOLUTE
    ..\\..\\Source\\TransformFunctions\\arm_rfft_init_q15.c 0x00000000   Number         0  arm_rfft_init_q15.o ABSOLUTE
    ..\\..\\Source\\TransformFunctions\\arm_rfft_init_q31.c 0x00000000   Number         0  arm_rfft_init_q31.o ABSOLUTE
    ./../../src/TYOS_Assembly.s              0x00000000   Number         0  TYOS_Assembly.o ABSOLUTE
    ./startup_stm32h743xx.s                  0x00000000   Number         0  startup_stm32h743xx.o ABSOLUTE
    cdrcmple.s                               0x00000000   Number         0  cdrcmple.o ABSOLUTE
    dc.s                                     0x00000000   Number         0  dc.o ABSOLUTE
    handlers.s                               0x00000000   Number         0  handlers.o ABSOLUTE
    init.s                                   0x00000000   Number         0  init.o ABSOLUTE
    ld-temp.o                                0x00000000   Number         0  lto-llvm-38cd24.o ABSOLUTE
    RESET                                    0x08000000   Section      664  startup_stm32h743xx.o(RESET)
    .ARM.Collect$$$$00000000                 0x08000298   Section        0  entry.o(.ARM.Collect$$$$00000000)
    .ARM.Collect$$$$00000001                 0x08000298   Section        4  entry2.o(.ARM.Collect$$$$00000001)
    .ARM.Collect$$$$00000004                 0x0800029c   Section        4  entry5.o(.ARM.Collect$$$$00000004)
    .ARM.Collect$$$$00000008                 0x080002a0   Section        0  entry7b.o(.ARM.Collect$$$$00000008)
    .ARM.Collect$$$$0000000A                 0x080002a0   Section        0  entry8b.o(.ARM.Collect$$$$0000000A)
    .ARM.Collect$$$$0000000B                 0x080002a0   Section        8  entry9a.o(.ARM.Collect$$$$0000000B)
    __lit__00000000                          0x080002a8   Data           4  entry2.o(.ARM.Collect$$$$00002712)
    .ARM.Collect$$$$0000000D                 0x080002a8   Section        0  entry10a.o(.ARM.Collect$$$$0000000D)
    .ARM.Collect$$$$0000000F                 0x080002a8   Section        0  entry11a.o(.ARM.Collect$$$$0000000F)
    .ARM.Collect$$$$00002712                 0x080002a8   Section        4  entry2.o(.ARM.Collect$$$$00002712)
    .text                                    0x080002ac   Section        0  dadd.o(.text)
    .text                                    0x080003fa   Section        0  dmul.o(.text)
    .text                                    0x080004e0   Section       36  init.o(.text)
    .text                                    0x08000504   Section        0  llshl.o(.text)
    .text                                    0x08000522   Section        0  llsshr.o(.text)
    ArrayList_Remove                         0x08000549   Thumb Code   480  lto-llvm-38cd24.o(.text.ArrayList_Remove)
    [Anonymous Symbol]                       0x08000548   Section        0  lto-llvm-38cd24.o(.text.ArrayList_Remove)
    Cache_Enable                             0x08000729   Thumb Code    28  lto-llvm-38cd24.o(.text.Cache_Enable)
    [Anonymous Symbol]                       0x08000728   Section        0  lto-llvm-38cd24.o(.text.Cache_Enable)
    GPIO_AF_Set                              0x08000749   Thumb Code   100  lto-llvm-38cd24.o(.text.GPIO_AF_Set)
    [Anonymous Symbol]                       0x08000748   Section        0  lto-llvm-38cd24.o(.text.GPIO_AF_Set)
    GPIO_Set                                 0x080007b1   Thumb Code   406  lto-llvm-38cd24.o(.text.GPIO_Set)
    [Anonymous Symbol]                       0x080007b0   Section        0  lto-llvm-38cd24.o(.text.GPIO_Set)
    LinkedList_AddBehind                     0x08000949   Thumb Code   250  lto-llvm-38cd24.o(.text.LinkedList_AddBehind)
    [Anonymous Symbol]                       0x08000948   Section        0  lto-llvm-38cd24.o(.text.LinkedList_AddBehind)
    MPU_Convert_Bytes_To_POT                 0x08000a49   Thumb Code    46  lto-llvm-38cd24.o(.text.MPU_Convert_Bytes_To_POT)
    [Anonymous Symbol]                       0x08000a48   Section        0  lto-llvm-38cd24.o(.text.MPU_Convert_Bytes_To_POT)
    MPU_Disable                              0x08000a79   Thumb Code    34  lto-llvm-38cd24.o(.text.MPU_Disable)
    [Anonymous Symbol]                       0x08000a78   Section        0  lto-llvm-38cd24.o(.text.MPU_Disable)
    MPU_Set_Protection                       0x08000aa1   Thumb Code   200  lto-llvm-38cd24.o(.text.MPU_Set_Protection)
    [Anonymous Symbol]                       0x08000aa0   Section        0  lto-llvm-38cd24.o(.text.MPU_Set_Protection)
    MY_NVIC_SetVectorTable                   0x08000b69   Thumb Code    38  lto-llvm-38cd24.o(.text.MY_NVIC_SetVectorTable)
    [Anonymous Symbol]                       0x08000b68   Section        0  lto-llvm-38cd24.o(.text.MY_NVIC_SetVectorTable)
    Memory_Free                              0x08000b91   Thumb Code   128  lto-llvm-38cd24.o(.text.Memory_Free)
    [Anonymous Symbol]                       0x08000b90   Section        0  lto-llvm-38cd24.o(.text.Memory_Free)
    Memory_Heap_Init                         0x08000c11   Thumb Code   148  lto-llvm-38cd24.o(.text.Memory_Heap_Init)
    [Anonymous Symbol]                       0x08000c10   Section        0  lto-llvm-38cd24.o(.text.Memory_Heap_Init)
    Memory_Malloc                            0x08000ca9   Thumb Code   284  lto-llvm-38cd24.o(.text.Memory_Malloc)
    [Anonymous Symbol]                       0x08000ca8   Section        0  lto-llvm-38cd24.o(.text.Memory_Malloc)
    Stm32_Clock_Init                         0x08000dc9   Thumb Code   138  lto-llvm-38cd24.o(.text.Stm32_Clock_Init)
    [Anonymous Symbol]                       0x08000dc8   Section        0  lto-llvm-38cd24.o(.text.Stm32_Clock_Init)
    TYOS_Create_Process                      0x08000e59   Thumb Code   872  lto-llvm-38cd24.o(.text.TYOS_Create_Process)
    [Anonymous Symbol]                       0x08000e58   Section        0  lto-llvm-38cd24.o(.text.TYOS_Create_Process)
    TYOS_Kernel_Prepare                      0x080011c1   Thumb Code   754  lto-llvm-38cd24.o(.text.TYOS_Kernel_Prepare)
    [Anonymous Symbol]                       0x080011c0   Section        0  lto-llvm-38cd24.o(.text.TYOS_Kernel_Prepare)
    TYOS_Process_Start                       0x080014b9   Thumb Code    72  lto-llvm-38cd24.o(.text.TYOS_Process_Start)
    [Anonymous Symbol]                       0x080014b8   Section        0  lto-llvm-38cd24.o(.text.TYOS_Process_Start)
    Task1                                    0x08001501   Thumb Code    42  lto-llvm-38cd24.o(.text.Task1)
    [Anonymous Symbol]                       0x08001500   Section        0  lto-llvm-38cd24.o(.text.Task1)
    Task3                                    0x08001531   Thumb Code    50  lto-llvm-38cd24.o(.text.Task3)
    [Anonymous Symbol]                       0x08001530   Section        0  lto-llvm-38cd24.o(.text.Task3)
    Task4                                    0x08001569   Thumb Code    50  lto-llvm-38cd24.o(.text.Task4)
    [Anonymous Symbol]                       0x08001568   Section        0  lto-llvm-38cd24.o(.text.Task4)
    [Anonymous Symbol]                       0x080015a0   Section        0  lto-llvm-38cd24.o(.text.USART2_IRQHandler)
    [Anonymous Symbol]                       0x080015c8   Section        0  lto-llvm-38cd24.o(.text._TYOS_SVC_Handler_C)
    _USART_Send_String                       0x080015d1   Thumb Code    70  lto-llvm-38cd24.o(.text._USART_Send_String)
    [Anonymous Symbol]                       0x080015d0   Section        0  lto-llvm-38cd24.o(.text._USART_Send_String)
    __NVIC_SetPriority                       0x08001619   Thumb Code    66  lto-llvm-38cd24.o(.text.__NVIC_SetPriority)
    [Anonymous Symbol]                       0x08001618   Section        0  lto-llvm-38cd24.o(.text.__NVIC_SetPriority)
    __NVIC_SetPriorityGrouping               0x08001661   Thumb Code    62  lto-llvm-38cd24.o(.text.__NVIC_SetPriorityGrouping)
    [Anonymous Symbol]                       0x08001660   Section        0  lto-llvm-38cd24.o(.text.__NVIC_SetPriorityGrouping)
    [Anonymous Symbol]                       0x080016a0   Section        0  lto-llvm-38cd24.o(.text.main)
    $v0                                      0x08001760   Number         0  TYOS_Assembly.o(TYOS)
    TYOS                                     0x08001760   Section      120  TYOS_Assembly.o(TYOS)
    i.__0vsprintf                            0x080017d8   Section        0  printfa.o(i.__0vsprintf)
    i.__scatterload_copy                     0x080017fc   Section       14  handlers.o(i.__scatterload_copy)
    i.__scatterload_null                     0x0800180a   Section        2  handlers.o(i.__scatterload_null)
    i.__scatterload_zeroinit                 0x0800180c   Section       14  handlers.o(i.__scatterload_zeroinit)
    _fp_digits                               0x0800181d   Thumb Code   366  printfa.o(i._fp_digits)
    i._fp_digits                             0x0800181c   Section        0  printfa.o(i._fp_digits)
    _printf_pre_padding                      0x080019a1   Thumb Code    46  printfa.o(i._printf_pre_padding)
    i._printf_pre_padding                    0x080019a0   Section        0  printfa.o(i._printf_pre_padding)
    .L.str.1.25                              0x080019ce   Data           9  lto-llvm-38cd24.o(.rodata.str1.1)
    [Anonymous Symbol]                       0x080019ce   Section        0  lto-llvm-38cd24.o(.rodata.str1.1)
    .L.str.2.24                              0x080019d7   Data           9  lto-llvm-38cd24.o(.rodata.str1.1)
    .L.str.3.23                              0x080019e0   Data           9  lto-llvm-38cd24.o(.rodata.str1.1)
    .L.str.4.22                              0x080019e9   Data           9  lto-llvm-38cd24.o(.rodata.str1.1)
    .L.str.18                                0x080019f2   Data           8  lto-llvm-38cd24.o(.rodata.str1.1)
    .L.str.1.19                              0x080019fa   Data           7  lto-llvm-38cd24.o(.rodata.str1.1)
    .L.str.21                                0x08001a01   Data           8  lto-llvm-38cd24.o(.rodata.str1.1)
    $v0                                      0x08100000   Number         0  startup_stm32h743xx.o(.text)
    .text                                    0x08100000   Section       68  startup_stm32h743xx.o(.text)
    .text                                    0x08100044   Section        0  uidiv.o(.text)
    .text                                    0x08100070   Section        0  uldiv.o(.text)
    .text                                    0x081000d2   Section        0  iusefp.o(.text)
    .text                                    0x081000d2   Section        0  ddiv.o(.text)
    .text                                    0x081001b0   Section        0  dfixul.o(.text)
    .text                                    0x081001e0   Section       48  cdrcmple.o(.text)
    .text                                    0x08100210   Section        0  llushr.o(.text)
    .text                                    0x08100230   Section        0  depilogue.o(.text)
    .text                                    0x081002ea   Section        0  memmovea.o(.text)
    ArrayList_Insert                         0x08100331   Thumb Code   376  lto-llvm-38cd24.o(.text.ArrayList_Insert)
    [Anonymous Symbol]                       0x08100330   Section        0  lto-llvm-38cd24.o(.text.ArrayList_Insert)
    LinkedList_Add                           0x081004a9   Thumb Code   328  lto-llvm-38cd24.o(.text.LinkedList_Add)
    [Anonymous Symbol]                       0x081004a8   Section        0  lto-llvm-38cd24.o(.text.LinkedList_Add)
    LinkedList_AddtoEnd                      0x081005f1   Thumb Code    18  lto-llvm-38cd24.o(.text.LinkedList_AddtoEnd)
    [Anonymous Symbol]                       0x081005f0   Section        0  lto-llvm-38cd24.o(.text.LinkedList_AddtoEnd)
    LinkedList_Find                          0x08100609   Thumb Code   280  lto-llvm-38cd24.o(.text.LinkedList_Find)
    [Anonymous Symbol]                       0x08100608   Section        0  lto-llvm-38cd24.o(.text.LinkedList_Find)
    MPU_Enable                               0x08100721   Thumb Code    30  lto-llvm-38cd24.o(.text.MPU_Enable)
    [Anonymous Symbol]                       0x08100720   Section        0  lto-llvm-38cd24.o(.text.MPU_Enable)
    MPU_Memory_Protection                    0x08100741   Thumb Code   138  lto-llvm-38cd24.o(.text.MPU_Memory_Protection)
    [Anonymous Symbol]                       0x08100740   Section        0  lto-llvm-38cd24.o(.text.MPU_Memory_Protection)
    [Anonymous Symbol]                       0x081007d0   Section        0  lto-llvm-38cd24.o(.text.MemManage_Handler)
    Memory_Init                              0x081007d9   Thumb Code   122  lto-llvm-38cd24.o(.text.Memory_Init)
    [Anonymous Symbol]                       0x081007d8   Section        0  lto-llvm-38cd24.o(.text.Memory_Init)
    SCB_DisableDCache                        0x08100859   Thumb Code   130  lto-llvm-38cd24.o(.text.SCB_DisableDCache)
    [Anonymous Symbol]                       0x08100858   Section        0  lto-llvm-38cd24.o(.text.SCB_DisableDCache)
    SCB_EnableDCache                         0x081008e1   Thumb Code   130  lto-llvm-38cd24.o(.text.SCB_EnableDCache)
    [Anonymous Symbol]                       0x081008e0   Section        0  lto-llvm-38cd24.o(.text.SCB_EnableDCache)
    SCB_EnableICache                         0x08100969   Thumb Code    54  lto-llvm-38cd24.o(.text.SCB_EnableICache)
    [Anonymous Symbol]                       0x08100968   Section        0  lto-llvm-38cd24.o(.text.SCB_EnableICache)
    SCB_EnableICache.20                      0x081009a1   Thumb Code    54  lto-llvm-38cd24.o(.text.SCB_EnableICache.20)
    [Anonymous Symbol]                       0x081009a0   Section        0  lto-llvm-38cd24.o(.text.SCB_EnableICache.20)
    [Anonymous Symbol]                       0x081009d8   Section        0  lto-llvm-38cd24.o(.text.SysTick_Handler)
    Sys_Clock_Set                            0x08100ab9   Thumb Code   674  lto-llvm-38cd24.o(.text.Sys_Clock_Set)
    [Anonymous Symbol]                       0x08100ab8   Section        0  lto-llvm-38cd24.o(.text.Sys_Clock_Set)
    System_Process                           0x08100d61   Thumb Code    42  lto-llvm-38cd24.o(.text.System_Process)
    [Anonymous Symbol]                       0x08100d60   Section        0  lto-llvm-38cd24.o(.text.System_Process)
    TYOS_Process_Wait_Time                   0x08100d91   Thumb Code   420  lto-llvm-38cd24.o(.text.TYOS_Process_Wait_Time)
    [Anonymous Symbol]                       0x08100d90   Section        0  lto-llvm-38cd24.o(.text.TYOS_Process_Wait_Time)
    Task2                                    0x08100f39   Thumb Code    42  lto-llvm-38cd24.o(.text.Task2)
    [Anonymous Symbol]                       0x08100f38   Section        0  lto-llvm-38cd24.o(.text.Task2)
    [Anonymous Symbol]                       0x08100f68   Section        0  lto-llvm-38cd24.o(.text.USART1_IRQHandler)
    [Anonymous Symbol]                       0x08100f90   Section        0  lto-llvm-38cd24.o(.text.USART3_IRQHandler)
    USART_Init                               0x08100fb9   Thumb Code   406  lto-llvm-38cd24.o(.text.USART_Init)
    [Anonymous Symbol]                       0x08100fb8   Section        0  lto-llvm-38cd24.o(.text.USART_Init)
    USART_Printf                             0x08101151   Thumb Code    60  lto-llvm-38cd24.o(.text.USART_Printf)
    [Anonymous Symbol]                       0x08101150   Section        0  lto-llvm-38cd24.o(.text.USART_Printf)
    USART_Send_Data_Flow                     0x08101191   Thumb Code    82  lto-llvm-38cd24.o(.text.USART_Send_Data_Flow)
    [Anonymous Symbol]                       0x08101190   Section        0  lto-llvm-38cd24.o(.text.USART_Send_Data_Flow)
    [Anonymous Symbol]                       0x081011e8   Section        0  lto-llvm-38cd24.o(.text._TYOS_Process_Switch)
    _printf_core                             0x081012e5   Thumb Code  1744  printfa.o(i._printf_core)
    i._printf_core                           0x081012e4   Section        0  printfa.o(i._printf_core)
    _printf_post_padding                     0x081019c1   Thumb Code    36  printfa.o(i._printf_post_padding)
    i._printf_post_padding                   0x081019c0   Section        0  printfa.o(i._printf_post_padding)
    _sputc                                   0x081019e5   Thumb Code    10  printfa.o(i._sputc)
    i._sputc                                 0x081019e4   Section        0  printfa.o(i._sputc)
    USART_Cache                              0x24010000   Data        1024  lto-llvm-38cd24.o(.bss)
    [Anonymous Symbol]                       0x24010000   Section        0  lto-llvm-38cd24.o(.bss)
    heap5                                    0x24010400   Data          16  lto-llvm-38cd24.o(.bss)
    heap0                                    0x24010410   Data          16  lto-llvm-38cd24.o(.bss)
    heap1                                    0x24010420   Data          16  lto-llvm-38cd24.o(.bss)
    sys_p                                    0x24010480   Data           4  lto-llvm-38cd24.o(.bss)
    p1                                       0x24010484   Data           4  lto-llvm-38cd24.o(.bss)
    p2                                       0x24010488   Data           4  lto-llvm-38cd24.o(.bss)
    p3                                       0x2401048c   Data           4  lto-llvm-38cd24.o(.bss)
    p4                                       0x24010490   Data           4  lto-llvm-38cd24.o(.bss)
    STACK                                    0x24010498   Section     8192  startup_stm32h743xx.o(STACK)

    Global Symbols

    Symbol Name                              Value     Ov Type        Size  Object(Section)

    BuildAttributes$$THM_ISAv4$E$P$D$K$B$S$7EM$VFPv5_D16$PE$PLD8$A:L22UL41UL21$X:L11$S22US41US21$IEEE1$IW$~IW$USESV6$~STKCKD$USESV7$~SHL$OTIME$ROPI$IEEEX$EBA8$MICROLIB$REQ8$PRES8$EABIv2 0x00000000   Number         0  anon$$obj.o ABSOLUTE
    __cpp_initialize__aeabi_                  - Undefined Weak Reference
    __cxa_finalize                            - Undefined Weak Reference
    __decompress                              - Undefined Weak Reference
    _clock_init                               - Undefined Weak Reference
    _microlib_exit                            - Undefined Weak Reference
    __Vectors_Size                           0x00000298   Number         0  startup_stm32h743xx.o ABSOLUTE
    __Vectors                                0x08000000   Data           4  startup_stm32h743xx.o(RESET)
    __Vectors_End                            0x08000298   Data           0  startup_stm32h743xx.o(RESET)
    __main                                   0x08000299   Thumb Code     0  entry.o(.ARM.Collect$$$$00000000)
    _main_stk                                0x08000299   Thumb Code     0  entry2.o(.ARM.Collect$$$$00000001)
    _main_scatterload                        0x0800029d   Thumb Code     0  entry5.o(.ARM.Collect$$$$00000004)
    __main_after_scatterload                 0x080002a1   Thumb Code     0  entry5.o(.ARM.Collect$$$$00000004)
    _main_clock                              0x080002a1   Thumb Code     0  entry7b.o(.ARM.Collect$$$$00000008)
    _main_cpp_init                           0x080002a1   Thumb Code     0  entry8b.o(.ARM.Collect$$$$0000000A)
    _main_init                               0x080002a1   Thumb Code     0  entry9a.o(.ARM.Collect$$$$0000000B)
    __rt_final_cpp                           0x080002a9   Thumb Code     0  entry10a.o(.ARM.Collect$$$$0000000D)
    __rt_final_exit                          0x080002a9   Thumb Code     0  entry11a.o(.ARM.Collect$$$$0000000F)
    __aeabi_dadd                             0x080002ad   Thumb Code   322  dadd.o(.text)
    __aeabi_dsub                             0x080003ef   Thumb Code     6  dadd.o(.text)
    __aeabi_drsub                            0x080003f5   Thumb Code     6  dadd.o(.text)
    __aeabi_dmul                             0x080003fb   Thumb Code   228  dmul.o(.text)
    __scatterload                            0x080004e1   Thumb Code    28  init.o(.text)
    __scatterload_rt2                        0x080004e1   Thumb Code     0  init.o(.text)
    __aeabi_llsl                             0x08000505   Thumb Code    30  llshl.o(.text)
    _ll_shift_l                              0x08000505   Thumb Code     0  llshl.o(.text)
    __aeabi_lasr                             0x08000523   Thumb Code    36  llsshr.o(.text)
    _ll_sshift_r                             0x08000523   Thumb Code     0  llsshr.o(.text)
    USART2_IRQHandler                        0x080015a1   Thumb Code    36  lto-llvm-38cd24.o(.text.USART2_IRQHandler)
    _TYOS_SVC_Handler_C                      0x080015c9   Thumb Code     8  lto-llvm-38cd24.o(.text._TYOS_SVC_Handler_C)
    main                                     0x080016a1   Thumb Code   192  lto-llvm-38cd24.o(.text.main)
    TYOS_Start                               0x08001761   Thumb Code     0  TYOS_Assembly.o(TYOS)
    PendSV_Handler                           0x08001785   Thumb Code     0  TYOS_Assembly.o(TYOS)
    SVC_Handler                              0x080017bf   Thumb Code     0  TYOS_Assembly.o(TYOS)
    __0vsprintf                              0x080017d9   Thumb Code    30  printfa.o(i.__0vsprintf)
    __1vsprintf                              0x080017d9   Thumb Code     0  printfa.o(i.__0vsprintf)
    __2vsprintf                              0x080017d9   Thumb Code     0  printfa.o(i.__0vsprintf)
    __c89vsprintf                            0x080017d9   Thumb Code     0  printfa.o(i.__0vsprintf)
    vsprintf                                 0x080017d9   Thumb Code     0  printfa.o(i.__0vsprintf)
    __scatterload_copy                       0x080017fd   Thumb Code    14  handlers.o(i.__scatterload_copy)
    __scatterload_null                       0x0800180b   Thumb Code     2  handlers.o(i.__scatterload_null)
    __scatterload_zeroinit                   0x0800180d   Thumb Code    14  handlers.o(i.__scatterload_zeroinit)
    Region$$Table$$Base                      0x08001a0c   Number         0  anon$$obj.o(Region$$Table)
    Region$$Table$$Limit                     0x08001a1c   Number         0  anon$$obj.o(Region$$Table)
    Reset_Handler                            0x08100001   Thumb Code    36  startup_stm32h743xx.o(.text)
    NMI_Handler                              0x08100025   Thumb Code     2  startup_stm32h743xx.o(.text)
    HardFault_Handler                        0x08100027   Thumb Code     2  startup_stm32h743xx.o(.text)
    BusFault_Handler                         0x0810002b   Thumb Code     2  startup_stm32h743xx.o(.text)
    UsageFault_Handler                       0x0810002d   Thumb Code     2  startup_stm32h743xx.o(.text)
    DebugMon_Handler                         0x08100031   Thumb Code     2  startup_stm32h743xx.o(.text)
    ADC3_IRQHandler                          0x08100037   Thumb Code     0  startup_stm32h743xx.o(.text)
    ADC_IRQHandler                           0x08100037   Thumb Code     0  startup_stm32h743xx.o(.text)
    BDMA_Channel0_IRQHandler                 0x08100037   Thumb Code     0  startup_stm32h743xx.o(.text)
    BDMA_Channel1_IRQHandler                 0x08100037   Thumb Code     0  startup_stm32h743xx.o(.text)
    BDMA_Channel2_IRQHandler                 0x08100037   Thumb Code     0  startup_stm32h743xx.o(.text)
    BDMA_Channel3_IRQHandler                 0x08100037   Thumb Code     0  startup_stm32h743xx.o(.text)
    BDMA_Channel4_IRQHandler                 0x08100037   Thumb Code     0  startup_stm32h743xx.o(.text)
    BDMA_Channel5_IRQHandler                 0x08100037   Thumb Code     0  startup_stm32h743xx.o(.text)
    BDMA_Channel6_IRQHandler                 0x08100037   Thumb Code     0  startup_stm32h743xx.o(.text)
    BDMA_Channel7_IRQHandler                 0x08100037   Thumb Code     0  startup_stm32h743xx.o(.text)
    CEC_IRQHandler                           0x08100037   Thumb Code     0  startup_stm32h743xx.o(.text)
    COMP1_IRQHandler                         0x08100037   Thumb Code     0  startup_stm32h743xx.o(.text)
    CRS_IRQHandler                           0x08100037   Thumb Code     0  startup_stm32h743xx.o(.text)
    DCMI_IRQHandler                          0x08100037   Thumb Code     0  startup_stm32h743xx.o(.text)
    DFSDM1_FLT0_IRQHandler                   0x08100037   Thumb Code     0  startup_stm32h743xx.o(.text)
    DFSDM1_FLT1_IRQHandler                   0x08100037   Thumb Code     0  startup_stm32h743xx.o(.text)
    DFSDM1_FLT2_IRQHandler                   0x08100037   Thumb Code     0  startup_stm32h743xx.o(.text)
    DFSDM1_FLT3_IRQHandler                   0x08100037   Thumb Code     0  startup_stm32h743xx.o(.text)
    DMA1_Stream0_IRQHandler                  0x08100037   Thumb Code     0  startup_stm32h743xx.o(.text)
    DMA1_Stream1_IRQHandler                  0x08100037   Thumb Code     0  startup_stm32h743xx.o(.text)
    DMA1_Stream2_IRQHandler                  0x08100037   Thumb Code     0  startup_stm32h743xx.o(.text)
    DMA1_Stream3_IRQHandler                  0x08100037   Thumb Code     0  startup_stm32h743xx.o(.text)
    DMA1_Stream4_IRQHandler                  0x08100037   Thumb Code     0  startup_stm32h743xx.o(.text)
    DMA1_Stream5_IRQHandler                  0x08100037   Thumb Code     0  startup_stm32h743xx.o(.text)
    DMA1_Stream6_IRQHandler                  0x08100037   Thumb Code     0  startup_stm32h743xx.o(.text)
    DMA1_Stream7_IRQHandler                  0x08100037   Thumb Code     0  startup_stm32h743xx.o(.text)
    DMA2D_IRQHandler                         0x08100037   Thumb Code     0  startup_stm32h743xx.o(.text)
    DMA2_Stream0_IRQHandler                  0x08100037   Thumb Code     0  startup_stm32h743xx.o(.text)
    DMA2_Stream1_IRQHandler                  0x08100037   Thumb Code     0  startup_stm32h743xx.o(.text)
    DMA2_Stream2_IRQHandler                  0x08100037   Thumb Code     0  startup_stm32h743xx.o(.text)
    DMA2_Stream3_IRQHandler                  0x08100037   Thumb Code     0  startup_stm32h743xx.o(.text)
    DMA2_Stream4_IRQHandler                  0x08100037   Thumb Code     0  startup_stm32h743xx.o(.text)
    DMA2_Stream5_IRQHandler                  0x08100037   Thumb Code     0  startup_stm32h743xx.o(.text)
    DMA2_Stream6_IRQHandler                  0x08100037   Thumb Code     0  startup_stm32h743xx.o(.text)
    DMA2_Stream7_IRQHandler                  0x08100037   Thumb Code     0  startup_stm32h743xx.o(.text)
    DMAMUX1_OVR_IRQHandler                   0x08100037   Thumb Code     0  startup_stm32h743xx.o(.text)
    DMAMUX2_OVR_IRQHandler                   0x08100037   Thumb Code     0  startup_stm32h743xx.o(.text)
    ETH_IRQHandler                           0x08100037   Thumb Code     0  startup_stm32h743xx.o(.text)
    ETH_WKUP_IRQHandler                      0x08100037   Thumb Code     0  startup_stm32h743xx.o(.text)
    EXTI0_IRQHandler                         0x08100037   Thumb Code     0  startup_stm32h743xx.o(.text)
    EXTI15_10_IRQHandler                     0x08100037   Thumb Code     0  startup_stm32h743xx.o(.text)
    EXTI1_IRQHandler                         0x08100037   Thumb Code     0  startup_stm32h743xx.o(.text)
    EXTI2_IRQHandler                         0x08100037   Thumb Code     0  startup_stm32h743xx.o(.text)
    EXTI3_IRQHandler                         0x08100037   Thumb Code     0  startup_stm32h743xx.o(.text)
    EXTI4_IRQHandler                         0x08100037   Thumb Code     0  startup_stm32h743xx.o(.text)
    EXTI9_5_IRQHandler                       0x08100037   Thumb Code     0  startup_stm32h743xx.o(.text)
    FDCAN1_IT0_IRQHandler                    0x08100037   Thumb Code     0  startup_stm32h743xx.o(.text)
    FDCAN1_IT1_IRQHandler                    0x08100037   Thumb Code     0  startup_stm32h743xx.o(.text)
    FDCAN2_IT0_IRQHandler                    0x08100037   Thumb Code     0  startup_stm32h743xx.o(.text)
    FDCAN2_IT1_IRQHandler                    0x08100037   Thumb Code     0  startup_stm32h743xx.o(.text)
    FDCAN_CAL_IRQHandler                     0x08100037   Thumb Code     0  startup_stm32h743xx.o(.text)
    FLASH_IRQHandler                         0x08100037   Thumb Code     0  startup_stm32h743xx.o(.text)
    FMC_IRQHandler                           0x08100037   Thumb Code     0  startup_stm32h743xx.o(.text)
    FPU_IRQHandler                           0x08100037   Thumb Code     0  startup_stm32h743xx.o(.text)
    HRTIM1_FLT_IRQHandler                    0x08100037   Thumb Code     0  startup_stm32h743xx.o(.text)
    HRTIM1_Master_IRQHandler                 0x08100037   Thumb Code     0  startup_stm32h743xx.o(.text)
    HRTIM1_TIMA_IRQHandler                   0x08100037   Thumb Code     0  startup_stm32h743xx.o(.text)
    HRTIM1_TIMB_IRQHandler                   0x08100037   Thumb Code     0  startup_stm32h743xx.o(.text)
    HRTIM1_TIMC_IRQHandler                   0x08100037   Thumb Code     0  startup_stm32h743xx.o(.text)
    HRTIM1_TIMD_IRQHandler                   0x08100037   Thumb Code     0  startup_stm32h743xx.o(.text)
    HRTIM1_TIME_IRQHandler                   0x08100037   Thumb Code     0  startup_stm32h743xx.o(.text)
    HSEM1_IRQHandler                         0x08100037   Thumb Code     0  startup_stm32h743xx.o(.text)
    I2C1_ER_IRQHandler                       0x08100037   Thumb Code     0  startup_stm32h743xx.o(.text)
    I2C1_EV_IRQHandler                       0x08100037   Thumb Code     0  startup_stm32h743xx.o(.text)
    I2C2_ER_IRQHandler                       0x08100037   Thumb Code     0  startup_stm32h743xx.o(.text)
    I2C2_EV_IRQHandler                       0x08100037   Thumb Code     0  startup_stm32h743xx.o(.text)
    I2C3_ER_IRQHandler                       0x08100037   Thumb Code     0  startup_stm32h743xx.o(.text)
    I2C3_EV_IRQHandler                       0x08100037   Thumb Code     0  startup_stm32h743xx.o(.text)
    I2C4_ER_IRQHandler                       0x08100037   Thumb Code     0  startup_stm32h743xx.o(.text)
    I2C4_EV_IRQHandler                       0x08100037   Thumb Code     0  startup_stm32h743xx.o(.text)
    JPEG_IRQHandler                          0x08100037   Thumb Code     0  startup_stm32h743xx.o(.text)
    LPTIM1_IRQHandler                        0x08100037   Thumb Code     0  startup_stm32h743xx.o(.text)
    LPTIM2_IRQHandler                        0x08100037   Thumb Code     0  startup_stm32h743xx.o(.text)
    LPTIM3_IRQHandler                        0x08100037   Thumb Code     0  startup_stm32h743xx.o(.text)
    LPTIM4_IRQHandler                        0x08100037   Thumb Code     0  startup_stm32h743xx.o(.text)
    LPTIM5_IRQHandler                        0x08100037   Thumb Code     0  startup_stm32h743xx.o(.text)
    LPUART1_IRQHandler                       0x08100037   Thumb Code     0  startup_stm32h743xx.o(.text)
    LTDC_ER_IRQHandler                       0x08100037   Thumb Code     0  startup_stm32h743xx.o(.text)
    LTDC_IRQHandler                          0x08100037   Thumb Code     0  startup_stm32h743xx.o(.text)
    MDIOS_IRQHandler                         0x08100037   Thumb Code     0  startup_stm32h743xx.o(.text)
    MDIOS_WKUP_IRQHandler                    0x08100037   Thumb Code     0  startup_stm32h743xx.o(.text)
    MDMA_IRQHandler                          0x08100037   Thumb Code     0  startup_stm32h743xx.o(.text)
    OTG_FS_EP1_IN_IRQHandler                 0x08100037   Thumb Code     0  startup_stm32h743xx.o(.text)
    OTG_FS_EP1_OUT_IRQHandler                0x08100037   Thumb Code     0  startup_stm32h743xx.o(.text)
    OTG_FS_IRQHandler                        0x08100037   Thumb Code     0  startup_stm32h743xx.o(.text)
    OTG_FS_WKUP_IRQHandler                   0x08100037   Thumb Code     0  startup_stm32h743xx.o(.text)
    OTG_HS_EP1_IN_IRQHandler                 0x08100037   Thumb Code     0  startup_stm32h743xx.o(.text)
    OTG_HS_EP1_OUT_IRQHandler                0x08100037   Thumb Code     0  startup_stm32h743xx.o(.text)
    OTG_HS_IRQHandler                        0x08100037   Thumb Code     0  startup_stm32h743xx.o(.text)
    OTG_HS_WKUP_IRQHandler                   0x08100037   Thumb Code     0  startup_stm32h743xx.o(.text)
    PVD_AVD_IRQHandler                       0x08100037   Thumb Code     0  startup_stm32h743xx.o(.text)
    QUADSPI_IRQHandler                       0x08100037   Thumb Code     0  startup_stm32h743xx.o(.text)
    RCC_IRQHandler                           0x08100037   Thumb Code     0  startup_stm32h743xx.o(.text)
    RNG_IRQHandler                           0x08100037   Thumb Code     0  startup_stm32h743xx.o(.text)
    RTC_Alarm_IRQHandler                     0x08100037   Thumb Code     0  startup_stm32h743xx.o(.text)
    RTC_WKUP_IRQHandler                      0x08100037   Thumb Code     0  startup_stm32h743xx.o(.text)
    SAI1_IRQHandler                          0x08100037   Thumb Code     0  startup_stm32h743xx.o(.text)
    SAI2_IRQHandler                          0x08100037   Thumb Code     0  startup_stm32h743xx.o(.text)
    SAI3_IRQHandler                          0x08100037   Thumb Code     0  startup_stm32h743xx.o(.text)
    SAI4_IRQHandler                          0x08100037   Thumb Code     0  startup_stm32h743xx.o(.text)
    SDMMC1_IRQHandler                        0x08100037   Thumb Code     0  startup_stm32h743xx.o(.text)
    SDMMC2_IRQHandler                        0x08100037   Thumb Code     0  startup_stm32h743xx.o(.text)
    SPDIF_RX_IRQHandler                      0x08100037   Thumb Code     0  startup_stm32h743xx.o(.text)
    SPI1_IRQHandler                          0x08100037   Thumb Code     0  startup_stm32h743xx.o(.text)
    SPI2_IRQHandler                          0x08100037   Thumb Code     0  startup_stm32h743xx.o(.text)
    SPI3_IRQHandler                          0x08100037   Thumb Code     0  startup_stm32h743xx.o(.text)
    SPI4_IRQHandler                          0x08100037   Thumb Code     0  startup_stm32h743xx.o(.text)
    SPI5_IRQHandler                          0x08100037   Thumb Code     0  startup_stm32h743xx.o(.text)
    SPI6_IRQHandler                          0x08100037   Thumb Code     0  startup_stm32h743xx.o(.text)
    SWPMI1_IRQHandler                        0x08100037   Thumb Code     0  startup_stm32h743xx.o(.text)
    TAMP_STAMP_IRQHandler                    0x08100037   Thumb Code     0  startup_stm32h743xx.o(.text)
    TIM15_IRQHandler                         0x08100037   Thumb Code     0  startup_stm32h743xx.o(.text)
    TIM16_IRQHandler                         0x08100037   Thumb Code     0  startup_stm32h743xx.o(.text)
    TIM17_IRQHandler                         0x08100037   Thumb Code     0  startup_stm32h743xx.o(.text)
    TIM1_BRK_IRQHandler                      0x08100037   Thumb Code     0  startup_stm32h743xx.o(.text)
    TIM1_CC_IRQHandler                       0x08100037   Thumb Code     0  startup_stm32h743xx.o(.text)
    TIM1_TRG_COM_IRQHandler                  0x08100037   Thumb Code     0  startup_stm32h743xx.o(.text)
    TIM1_UP_IRQHandler                       0x08100037   Thumb Code     0  startup_stm32h743xx.o(.text)
    TIM2_IRQHandler                          0x08100037   Thumb Code     0  startup_stm32h743xx.o(.text)
    TIM3_IRQHandler                          0x08100037   Thumb Code     0  startup_stm32h743xx.o(.text)
    TIM4_IRQHandler                          0x08100037   Thumb Code     0  startup_stm32h743xx.o(.text)
    TIM5_IRQHandler                          0x08100037   Thumb Code     0  startup_stm32h743xx.o(.text)
    TIM6_DAC_IRQHandler                      0x08100037   Thumb Code     0  startup_stm32h743xx.o(.text)
    TIM7_IRQHandler                          0x08100037   Thumb Code     0  startup_stm32h743xx.o(.text)
    TIM8_BRK_TIM12_IRQHandler                0x08100037   Thumb Code     0  startup_stm32h743xx.o(.text)
    TIM8_CC_IRQHandler                       0x08100037   Thumb Code     0  startup_stm32h743xx.o(.text)
    TIM8_TRG_COM_TIM14_IRQHandler            0x08100037   Thumb Code     0  startup_stm32h743xx.o(.text)
    TIM8_UP_TIM13_IRQHandler                 0x08100037   Thumb Code     0  startup_stm32h743xx.o(.text)
    UART4_IRQHandler                         0x08100037   Thumb Code     0  startup_stm32h743xx.o(.text)
    UART5_IRQHandler                         0x08100037   Thumb Code     0  startup_stm32h743xx.o(.text)
    UART7_IRQHandler                         0x08100037   Thumb Code     0  startup_stm32h743xx.o(.text)
    UART8_IRQHandler                         0x08100037   Thumb Code     0  startup_stm32h743xx.o(.text)
    USART6_IRQHandler                        0x08100037   Thumb Code     0  startup_stm32h743xx.o(.text)
    WAKEUP_PIN_IRQHandler                    0x08100037   Thumb Code     0  startup_stm32h743xx.o(.text)
    WWDG_IRQHandler                          0x08100037   Thumb Code     0  startup_stm32h743xx.o(.text)
    __aeabi_uidiv                            0x08100045   Thumb Code     0  uidiv.o(.text)
    __aeabi_uidivmod                         0x08100045   Thumb Code    44  uidiv.o(.text)
    __aeabi_uldivmod                         0x08100071   Thumb Code    98  uldiv.o(.text)
    __I$use$fp                               0x081000d3   Thumb Code     0  iusefp.o(.text)
    __aeabi_ddiv                             0x081000d3   Thumb Code   222  ddiv.o(.text)
    __aeabi_d2ulz                            0x081001b1   Thumb Code    48  dfixul.o(.text)
    __aeabi_cdrcmple                         0x081001e1   Thumb Code    48  cdrcmple.o(.text)
    __aeabi_llsr                             0x08100211   Thumb Code    32  llushr.o(.text)
    _ll_ushift_r                             0x08100211   Thumb Code     0  llushr.o(.text)
    _double_round                            0x08100231   Thumb Code    30  depilogue.o(.text)
    _double_epilogue                         0x0810024f   Thumb Code   156  depilogue.o(.text)
    ___aeabi_memcpy4$move                    0x081002eb   Thumb Code     0  memmovea.o(.text)
    ___aeabi_memcpy8$move                    0x081002eb   Thumb Code     0  memmovea.o(.text)
    __aeabi_memcpy                           0x081002eb   Thumb Code    64  memmovea.o(.text)
    __aeabi_memmove                          0x081002eb   Thumb Code     0  memmovea.o(.text)
    __aeabi_memmove4                         0x081002eb   Thumb Code     0  memmovea.o(.text)
    __aeabi_memmove8                         0x081002eb   Thumb Code     0  memmovea.o(.text)
    MemManage_Handler                        0x081007d1   Thumb Code     2  lto-llvm-38cd24.o(.text.MemManage_Handler)
    SysTick_Handler                          0x081009d9   Thumb Code   224  lto-llvm-38cd24.o(.text.SysTick_Handler)
    USART1_IRQHandler                        0x08100f69   Thumb Code    36  lto-llvm-38cd24.o(.text.USART1_IRQHandler)
    USART3_IRQHandler                        0x08100f91   Thumb Code    36  lto-llvm-38cd24.o(.text.USART3_IRQHandler)
    _TYOS_Process_Switch                     0x081011e9   Thumb Code   250  lto-llvm-38cd24.o(.text._TYOS_Process_Switch)
    my_os                                    0x24010430   Data          80  lto-llvm-38cd24.o(.bss)
    __initial_sp                             0x24012498   Data           0  startup_stm32h743xx.o(STACK)



==============================================================================

Memory Map of the image

  Image Entry point : 0x08000299

  Load Region LR_IROM1 (Base: 0x08000000, Size: 0x00001a1c, Max: 0x00100000, ABSOLUTE)

    Execution Region ER_IROM1 (Base: 0x08000000, Size: 0x00001a1c, Max: 0x00100000, ABSOLUTE)

    Base Addr    Size         Type   Attr      Idx    E Section Name        Object

    0x08000000   0x00000298   Data   RO           20    RESET               startup_stm32h743xx.o
    0x08000298   0x00000000   Code   RO          414  * .ARM.Collect$$$$00000000  mc_w.l(entry.o)
    0x08000298   0x00000004   Code   RO          466    .ARM.Collect$$$$00000001  mc_w.l(entry2.o)
    0x0800029c   0x00000004   Code   RO          469    .ARM.Collect$$$$00000004  mc_w.l(entry5.o)
    0x080002a0   0x00000000   Code   RO          471    .ARM.Collect$$$$00000008  mc_w.l(entry7b.o)
    0x080002a0   0x00000000   Code   RO          473    .ARM.Collect$$$$0000000A  mc_w.l(entry8b.o)
    0x080002a0   0x00000008   Code   RO          474    .ARM.Collect$$$$0000000B  mc_w.l(entry9a.o)
    0x080002a8   0x00000000   Code   RO          476    .ARM.Collect$$$$0000000D  mc_w.l(entry10a.o)
    0x080002a8   0x00000000   Code   RO          478    .ARM.Collect$$$$0000000F  mc_w.l(entry11a.o)
    0x080002a8   0x00000004   Code   RO          467    .ARM.Collect$$$$00002712  mc_w.l(entry2.o)
    0x080002ac   0x0000014e   Code   RO          520    .text               mf_w.l(dadd.o)
    0x080003fa   0x000000e4   Code   RO          522    .text               mf_w.l(dmul.o)
    0x080004de   0x00000002   PAD
    0x080004e0   0x00000024   Code   RO          530    .text               mc_w.l(init.o)
    0x08000504   0x0000001e   Code   RO          533    .text               mc_w.l(llshl.o)
    0x08000522   0x00000024   Code   RO          537    .text               mc_w.l(llsshr.o)
    0x08000546   0x00000002   PAD
    0x08000548   0x000001e0   Code   RO          618    .text.ArrayList_Remove  lto-llvm-38cd24.o
    0x08000728   0x0000001c   Code   RO          590    .text.Cache_Enable  lto-llvm-38cd24.o
    0x08000744   0x00000004   PAD
    0x08000748   0x00000064   Code   RO          560    .text.GPIO_AF_Set   lto-llvm-38cd24.o
    0x080007ac   0x00000004   PAD
    0x080007b0   0x00000196   Code   RO          558    .text.GPIO_Set      lto-llvm-38cd24.o
    0x08000946   0x00000002   PAD
    0x08000948   0x000000fa   Code   RO          604    .text.LinkedList_AddBehind  lto-llvm-38cd24.o
    0x08000a42   0x00000006   PAD
    0x08000a48   0x0000002e   Code   RO          580    .text.MPU_Convert_Bytes_To_POT  lto-llvm-38cd24.o
    0x08000a76   0x00000002   PAD
    0x08000a78   0x00000022   Code   RO          576    .text.MPU_Disable   lto-llvm-38cd24.o
    0x08000a9a   0x00000006   PAD
    0x08000aa0   0x000000c8   Code   RO          582    .text.MPU_Set_Protection  lto-llvm-38cd24.o
    0x08000b68   0x00000026   Code   RO          588    .text.MY_NVIC_SetVectorTable  lto-llvm-38cd24.o
    0x08000b8e   0x00000002   PAD
    0x08000b90   0x00000080   Code   RO          614    .text.Memory_Free   lto-llvm-38cd24.o
    0x08000c10   0x00000094   Code   RO          610    .text.Memory_Heap_Init  lto-llvm-38cd24.o
    0x08000ca4   0x00000004   PAD
    0x08000ca8   0x0000011c   Code   RO          612    .text.Memory_Malloc  lto-llvm-38cd24.o
    0x08000dc4   0x00000004   PAD
    0x08000dc8   0x0000008a   Code   RO          598    .text.Stm32_Clock_Init  lto-llvm-38cd24.o
    0x08000e52   0x00000006   PAD
    0x08000e58   0x00000368   Code   RO          622    .text.TYOS_Create_Process  lto-llvm-38cd24.o
    0x080011c0   0x000002f2   Code   RO          628    .text.TYOS_Kernel_Prepare  lto-llvm-38cd24.o
    0x080014b2   0x00000006   PAD
    0x080014b8   0x00000048   Code   RO          624    .text.TYOS_Process_Start  lto-llvm-38cd24.o
    0x08001500   0x0000002a   Code   RO          646    .text.Task1         lto-llvm-38cd24.o
    0x0800152a   0x00000006   PAD
    0x08001530   0x00000032   Code   RO          650    .text.Task3         lto-llvm-38cd24.o
    0x08001562   0x00000006   PAD
    0x08001568   0x00000032   Code   RO          652    .text.Task4         lto-llvm-38cd24.o
    0x0800159a   0x00000006   PAD
    0x080015a0   0x00000024   Code   RO          572    .text.USART2_IRQHandler  lto-llvm-38cd24.o
    0x080015c4   0x00000004   PAD
    0x080015c8   0x00000008   Code   RO          638    .text._TYOS_SVC_Handler_C  lto-llvm-38cd24.o
    0x080015d0   0x00000046   Code   RO          562    .text._USART_Send_String  lto-llvm-38cd24.o
    0x08001616   0x00000002   PAD
    0x08001618   0x00000042   Code   RO          632    .text.__NVIC_SetPriority  lto-llvm-38cd24.o
    0x0800165a   0x00000006   PAD
    0x08001660   0x0000003e   Code   RO          630    .text.__NVIC_SetPriorityGrouping  lto-llvm-38cd24.o
    0x0800169e   0x00000002   PAD
    0x080016a0   0x000000c0   Code   RO          640    .text.main          lto-llvm-38cd24.o
    0x08001760   0x00000078   Code   RO           13    TYOS                TYOS_Assembly.o
    0x080017d8   0x00000024   Code   RO          424    i.__0vsprintf       mc_w.l(printfa.o)
    0x080017fc   0x0000000e   Code   RO          673    i.__scatterload_copy  mc_w.l(handlers.o)
    0x0800180a   0x00000002   Code   RO          674    i.__scatterload_null  mc_w.l(handlers.o)
    0x0800180c   0x0000000e   Code   RO          675    i.__scatterload_zeroinit  mc_w.l(handlers.o)
    0x0800181a   0x00000002   PAD
    0x0800181c   0x00000184   Code   RO          425    i._fp_digits        mc_w.l(printfa.o)
    0x080019a0   0x0000002e   Code   RO          428    i._printf_pre_padding  mc_w.l(printfa.o)
    0x080019ce   0x0000003b   Data   RO          655    .rodata.str1.1      lto-llvm-38cd24.o
    0x08001a09   0x00000003   PAD
    0x08001a0c   0x00000010   Data   RO          672    Region$$Table       anon$$obj.o


    Execution Region RW_IRAM1 (Base: 0x20010000, Size: 0x00000000, Max: 0x00010000, ABSOLUTE)

    **** No section assigned to this execution region ****


    Execution Region RW_IRAM2 (Base: 0x24010000, Size: 0x00002498, Max: 0x00070000, ABSOLUTE)

    Base Addr    Size         Type   Attr      Idx    E Section Name        Object

    0x24010000   0x00000494   Zero   RW          654    .bss                lto-llvm-38cd24.o
    0x24010494   0x00000004   PAD
    0x24010498   0x00002000   Zero   RW           18    STACK               startup_stm32h743xx.o



  Load Region LR_IROM2 (Base: 0x08100000, Size: 0x000019f0, Max: 0x00100000, ABSOLUTE)

    Execution Region ER_IROM2 (Base: 0x08100000, Size: 0x000019f0, Max: 0x00100000, ABSOLUTE)

    Base Addr    Size         Type   Attr      Idx    E Section Name        Object

    0x08100000   0x00000044   Code   RO           21    .text               startup_stm32h743xx.o
    0x08100044   0x0000002c   Code   RO          494    .text               mc_w.l(uidiv.o)
    0x08100070   0x00000062   Code   RO          496    .text               mc_w.l(uldiv.o)
    0x081000d2   0x00000000   Code   RO          519    .text               mc_w.l(iusefp.o)
    0x081000d2   0x000000de   Code   RO          524    .text               mf_w.l(ddiv.o)
    0x081001b0   0x00000030   Code   RO          526    .text               mf_w.l(dfixul.o)
    0x081001e0   0x00000030   Code   RO          528    .text               mf_w.l(cdrcmple.o)
    0x08100210   0x00000020   Code   RO          535    .text               mc_w.l(llushr.o)
    0x08100230   0x000000ba   Code   RO          546    .text               mf_w.l(depilogue.o)
    0x081002ea   0x00000040   Code   RO          665    .text               mc_w.l(memmovea.o)
    0x0810032a   0x00000006   PAD
    0x08100330   0x00000178   Code   RO          616    .text.ArrayList_Insert  lto-llvm-38cd24.o
    0x081004a8   0x00000148   Code   RO          602    .text.LinkedList_Add  lto-llvm-38cd24.o
    0x081005f0   0x00000012   Code   RO          606    .text.LinkedList_AddtoEnd  lto-llvm-38cd24.o
    0x08100602   0x00000006   PAD
    0x08100608   0x00000118   Code   RO          600    .text.LinkedList_Find  lto-llvm-38cd24.o
    0x08100720   0x0000001e   Code   RO          578    .text.MPU_Enable    lto-llvm-38cd24.o
    0x0810073e   0x00000002   PAD
    0x08100740   0x0000008a   Code   RO          584    .text.MPU_Memory_Protection  lto-llvm-38cd24.o
    0x081007ca   0x00000006   PAD
    0x081007d0   0x00000002   Code   RO          586    .text.MemManage_Handler  lto-llvm-38cd24.o
    0x081007d2   0x00000006   PAD
    0x081007d8   0x0000007a   Code   RO          608    .text.Memory_Init   lto-llvm-38cd24.o
    0x08100852   0x00000006   PAD
    0x08100858   0x00000082   Code   RO          644    .text.SCB_DisableDCache  lto-llvm-38cd24.o
    0x081008da   0x00000006   PAD
    0x081008e0   0x00000082   Code   RO          594    .text.SCB_EnableDCache  lto-llvm-38cd24.o
    0x08100962   0x00000006   PAD
    0x08100968   0x00000036   Code   RO          592    .text.SCB_EnableICache  lto-llvm-38cd24.o
    0x0810099e   0x00000002   PAD
    0x081009a0   0x00000036   Code   RO          642    .text.SCB_EnableICache.20  lto-llvm-38cd24.o
    0x081009d6   0x00000002   PAD
    0x081009d8   0x000000e0   Code   RO          636    .text.SysTick_Handler  lto-llvm-38cd24.o
    0x08100ab8   0x000002a2   Code   RO          596    .text.Sys_Clock_Set  lto-llvm-38cd24.o
    0x08100d5a   0x00000006   PAD
    0x08100d60   0x0000002a   Code   RO          620    .text.System_Process  lto-llvm-38cd24.o
    0x08100d8a   0x00000006   PAD
    0x08100d90   0x000001a4   Code   RO          626    .text.TYOS_Process_Wait_Time  lto-llvm-38cd24.o
    0x08100f34   0x00000004   PAD
    0x08100f38   0x0000002a   Code   RO          648    .text.Task2         lto-llvm-38cd24.o
    0x08100f62   0x00000006   PAD
    0x08100f68   0x00000024   Code   RO          570    .text.USART1_IRQHandler  lto-llvm-38cd24.o
    0x08100f8c   0x00000004   PAD
    0x08100f90   0x00000024   Code   RO          574    .text.USART3_IRQHandler  lto-llvm-38cd24.o
    0x08100fb4   0x00000004   PAD
    0x08100fb8   0x00000196   Code   RO          564    .text.USART_Init    lto-llvm-38cd24.o
    0x0810114e   0x00000002   PAD
    0x08101150   0x0000003c   Code   RO          568    .text.USART_Printf  lto-llvm-38cd24.o
    0x0810118c   0x00000004   PAD
    0x08101190   0x00000052   Code   RO          566    .text.USART_Send_Data_Flow  lto-llvm-38cd24.o
    0x081011e2   0x00000006   PAD
    0x081011e8   0x000000fa   Code   RO          634    .text._TYOS_Process_Switch  lto-llvm-38cd24.o
    0x081012e2   0x00000002   PAD
    0x081012e4   0x000006dc   Code   RO          426    i._printf_core      mc_w.l(printfa.o)
    0x081019c0   0x00000024   Code   RO          427    i._printf_post_padding  mc_w.l(printfa.o)
    0x081019e4   0x0000000a   Code   RO          430    i._sputc            mc_w.l(printfa.o)


==============================================================================

Image component sizes


      Code (inc. data)   RO Data    RW Data    ZI Data      Debug   Object Name

       120          8          0          0          0        332   TYOS_Assembly.o
      8488          0         59          0       1172      38411   lto-llvm-38cd24.o
        68         12        664          0       8192        832   startup_stm32h743xx.o

    ----------------------------------------------------------------------
      8840         20        742          0       9368      39575   Object Totals
         0          0         16          0          0          0   (incl. Generated)
       164          0          3          0          4          0   (incl. Padding)

    ----------------------------------------------------------------------

      Code (inc. data)   RO Data    RW Data    ZI Data      Debug   Library Member Name

         0          0          0          0          0          0   entry.o
         0          0          0          0          0          0   entry10a.o
         0          0          0          0          0          0   entry11a.o
         8          4          0          0          0          0   entry2.o
         4          0          0          0          0          0   entry5.o
         0          0          0          0          0          0   entry7b.o
         0          0          0          0          0          0   entry8b.o
         8          4          0          0          0          0   entry9a.o
        30          0          0          0          0          0   handlers.o
        36          8          0          0          0         68   init.o
         0          0          0          0          0          0   iusefp.o
        30          0          0          0          0         68   llshl.o
        36          0          0          0          0         68   llsshr.o
        32          0          0          0          0         68   llushr.o
        64          0          0          0          0         76   memmovea.o
      2272         86          0          0          0        516   printfa.o
        44          0          0          0          0         80   uidiv.o
        98          0          0          0          0         92   uldiv.o
        48          0          0          0          0         68   cdrcmple.o
       334          0          0          0          0        148   dadd.o
       222          0          0          0          0        100   ddiv.o
       186          0          0          0          0        176   depilogue.o
        48          0          0          0          0         68   dfixul.o
       228          0          0          0          0         96   dmul.o

    ----------------------------------------------------------------------
      3742        102          0          0          0       1692   Library Totals
        14          0          0          0          0          0   (incl. Padding)

    ----------------------------------------------------------------------

      Code (inc. data)   RO Data    RW Data    ZI Data      Debug   Library Name

      2662        102          0          0          0       1036   mc_w.l
      1066          0          0          0          0        656   mf_w.l

    ----------------------------------------------------------------------
      3742        102          0          0          0       1692   Library Totals

    ----------------------------------------------------------------------

==============================================================================


      Code (inc. data)   RO Data    RW Data    ZI Data      Debug   

     12582        122        742          0       9368      40587   Grand Totals
     12582        122        742          0       9368      40587   ELF Image Totals
     12582        122        742          0          0          0   ROM Totals

==============================================================================

    Total RO  Size (Code + RO Data)                13324 (  13.01kB)
    Total RW  Size (RW Data + ZI Data)              9368 (   9.15kB)
    Total ROM Size (Code + RO Data + RW Data)      13324 (  13.01kB)

==============================================================================

