<html>
<body>
<pre>
<h1>µVision Build Log</h1>
<h2>Tool Versions:</h2>
IDE-Version: ¦ÌVision V5.36.0.0
Copyright (C) 2021 ARM Ltd and ARM Germany GmbH. All rights reserved.
License Information: lemon yi, uestc, LIC=03C6R-K3HJ4-LQX0Q-N0BDU-GI9FX-RY5UV
 
Tool Versions:
Toolchain:       MDK-ARM Plus  Version: 5.36.0.0
Toolchain Path:  D:\Keil_v5\ARM\ARMCLANG\Bin
C Compiler:      ArmClang.exe V6.16
Assembler:       Armasm.exe V6.16
Linker/Locator:  ArmLink.exe V6.16
Library Manager: ArmAr.exe V6.16
Hex Converter:   FromElf.exe V6.16
CPU DLL:         SARMCM3.DLL V5.36.0.0
Dialog DLL:      DCM.DLL V1.17.3.0
Target DLL:      STLink\ST-LINKIII-KEIL_SWO.dll V3.0.9.0
Dialog DLL:      TCM.DLL V1.53.0.0
 
<h2>Project:</h2>
D:\Electric_Design\gitlib\mycode\embedded_system\framework\os\tyos\proj\user\tyos.uvprojx
Project File Date:  05/20/2022

<h2>Output:</h2>
*** Using Compiler 'V6.16', folder: 'D:\Keil_v5\ARM\ARMCLANG\Bin'
Rebuild target 'Target 1'
compiling main.c...
assembling startup_stm32h743xx.s...
compiling GPIO.c...
compiling mpu.c...
../../src/TYOS_Kernel.c(67): warning: non-void function does not return a value [-Wreturn-type]
}
^
1 warning generated.
compiling TYOS_Kernel.c...
compiling Framework.c...
compiling ArrayList.c...
compiling USART.c...
compiling sys.c...
compiling Memory.c...
compiling LinkedList.c...
assembling TYOS_Assembly.s...
compiling TYOS_MultProcess.c...
compiling MathHelper.c...
linking...
Program Size: Code=9702 RO-data=1222 RW-data=12 ZI-data=9516  
".\Objects\tyos.axf" - 0 Error(s), 1 Warning(s).

<h2>Software Packages used:</h2>

Package Vendor: Keil
                http://www.keil.com/pack/Keil.STM32H7xx_DFP.2.7.0.pack
                Keil.STM32H7xx_DFP.2.7.0
                STMicroelectronics STM32H7 Series Device Support and Examples

<h2>Collection of Component include folders:</h2>
  D:\Users\99533\AppData\Local\Arm\Packs\Keil\STM32H7xx_DFP\2.7.0\Drivers\CMSIS\Device\ST\STM32H7xx\Include

<h2>Collection of Component Files used:</h2>
Build Time Elapsed:  00:00:01
</pre>
</body>
</html>
