Component: ARM Compiler 6.16 Tool: armlink [5dfeaa00]

==============================================================================

Section Cross References

    main.o(.text.main) refers to sys.o(.text.Stm32_Clock_Init) for Stm32_Clock_Init
    main.o(.text.main) refers to main.o(.text.SCB_EnableICache) for SCB_EnableICache
    main.o(.text.main) refers to main.o(.text.SCB_DisableDCache) for SCB_DisableDCache
    main.o(.text.main) refers to usart.o(.text.USART_Init) for USART_Init
    main.o(.text.main) refers to usart.o(.text.USART_Printf) for USART_Printf
    main.o(.text.main) refers to mpu.o(.text.MPU_Memory_Protection) for MPU_Memory_Protection
    main.o(.text.main) refers to memory.o(.text.Memory_Init) for Memory_Init
    main.o(.text.main) refers to memory.o(.bss.heap1) for heap1
    main.o(.text.main) refers to tyos_kernel.o(.text.TYOS_Kernel_Prepare) for TYOS_Kernel_Prepare
    main.o(.text.main) refers to main.o(.text.Task1) for Task1
    main.o(.text.main) refers to tyos_kernel.o(.text.TYOS_Create_Process) for TYOS_Create_Process
    main.o(.text.main) refers to main.o(.bss.p1) for p1
    main.o(.text.main) refers to main.o(.text.Task2) for Task2
    main.o(.text.main) refers to main.o(.bss.p2) for p2
    main.o(.text.main) refers to main.o(.text.Task3) for Task3
    main.o(.text.main) refers to main.o(.bss.p3) for p3
    main.o(.text.main) refers to main.o(.text.Task4) for Task4
    main.o(.text.main) refers to main.o(.bss.p4) for p4
    main.o(.text.main) refers to tyos_kernel.o(.text.TYOS_Process_Start) for TYOS_Process_Start
    main.o(.text.main) refers to tyos_assembly.o(TYOS) for TYOS_Start
    main.o(.ARM.exidx.text.main) refers to main.o(.text.main) for [Anonymous Symbol]
    main.o(.ARM.exidx.text.SCB_EnableICache) refers to main.o(.text.SCB_EnableICache) for [Anonymous Symbol]
    main.o(.ARM.exidx.text.SCB_DisableDCache) refers to main.o(.text.SCB_DisableDCache) for [Anonymous Symbol]
    main.o(.text.Task1) refers to main.o(.bss.p1) for p1
    main.o(.text.Task1) refers to usart.o(.text.USART_Printf) for USART_Printf
    main.o(.ARM.exidx.text.Task1) refers to main.o(.text.Task1) for [Anonymous Symbol]
    main.o(.text.Task2) refers to main.o(.bss.p2) for p2
    main.o(.text.Task2) refers to usart.o(.text.USART_Printf) for USART_Printf
    main.o(.ARM.exidx.text.Task2) refers to main.o(.text.Task2) for [Anonymous Symbol]
    main.o(.text.Task3) refers to main.o(.bss.p3) for p3
    main.o(.text.Task3) refers to usart.o(.text.USART_Printf) for USART_Printf
    main.o(.text.Task3) refers to tyos_kernel.o(.text.TYOS_Process_Wait_Time) for TYOS_Process_Wait_Time
    main.o(.ARM.exidx.text.Task3) refers to main.o(.text.Task3) for [Anonymous Symbol]
    main.o(.text.Task4) refers to main.o(.bss.p4) for p4
    main.o(.text.Task4) refers to usart.o(.text.USART_Printf) for USART_Printf
    main.o(.text.Task4) refers to tyos_kernel.o(.text.TYOS_Process_Wait_Time) for TYOS_Process_Wait_Time
    main.o(.ARM.exidx.text.Task4) refers to main.o(.text.Task4) for [Anonymous Symbol]
    startup_stm32h743xx.o(STACK) refers (Special) to heapauxi.o(.text) for __use_two_region_memory
    startup_stm32h743xx.o(HEAP) refers (Special) to heapauxi.o(.text) for __use_two_region_memory
    startup_stm32h743xx.o(RESET) refers (Special) to heapauxi.o(.text) for __use_two_region_memory
    startup_stm32h743xx.o(RESET) refers to startup_stm32h743xx.o(STACK) for __initial_sp
    startup_stm32h743xx.o(RESET) refers to startup_stm32h743xx.o(.text) for Reset_Handler
    startup_stm32h743xx.o(RESET) refers to mpu.o(.text.MemManage_Handler) for MemManage_Handler
    startup_stm32h743xx.o(RESET) refers to tyos_assembly.o(TYOS) for SVC_Handler
    startup_stm32h743xx.o(RESET) refers to tyos_kernel.o(.text.SysTick_Handler) for SysTick_Handler
    startup_stm32h743xx.o(RESET) refers to usart.o(.text.USART1_IRQHandler) for USART1_IRQHandler
    startup_stm32h743xx.o(RESET) refers to usart.o(.text.USART2_IRQHandler) for USART2_IRQHandler
    startup_stm32h743xx.o(RESET) refers to usart.o(.text.USART3_IRQHandler) for USART3_IRQHandler
    startup_stm32h743xx.o(.text) refers (Special) to heapauxi.o(.text) for __use_two_region_memory
    startup_stm32h743xx.o(.text) refers to __main.o(!!!main) for __main
    startup_stm32h743xx.o(.text) refers to startup_stm32h743xx.o(HEAP) for Heap_Mem
    startup_stm32h743xx.o(.text) refers to startup_stm32h743xx.o(STACK) for Stack_Mem
    usart.o(.ARM.exidx.text._USART_Send_String) refers to usart.o(.text._USART_Send_String) for [Anonymous Symbol]
    usart.o(.text.USART_Init) refers to gpio.o(.text.GPIO_Set) for GPIO_Set
    usart.o(.text.USART_Init) refers to gpio.o(.text.GPIO_AF_Set) for GPIO_AF_Set
    usart.o(.ARM.exidx.text.USART_Init) refers to usart.o(.text.USART_Init) for [Anonymous Symbol]
    usart.o(.text.USART_Time_Out_Set) refers to usart.o(.bss.Time_Out_Enable) for Time_Out_Enable
[...]
    [Anonymous Symbol]                       0x08000f68   Section        0  memory.o(.text.Memory_Heap_Init)
    [Anonymous Symbol]                       0x08000fa8   Section        0  memory.o(.text.Memory_Init)
    SCB_EnableDCache                         0x08001039   Thumb Code    94  sys.o(.text.SCB_EnableDCache)
    [Anonymous Symbol]                       0x08001038   Section        0  sys.o(.text.SCB_EnableDCache)
    SCB_EnableICache                         0x08001099   Thumb Code    48  sys.o(.text.SCB_EnableICache)
    [Anonymous Symbol]                       0x08001098   Section        0  sys.o(.text.SCB_EnableICache)
    [Anonymous Symbol]                       0x080010c8   Section        0  sys.o(.text.Stm32_Clock_Init)
    [Anonymous Symbol]                       0x08001120   Section        0  tyos_kernel.o(.text.SysTick_Handler)
    [Anonymous Symbol]                       0x080011e8   Section        0  sys.o(.text.Sys_Clock_Set)
    [Anonymous Symbol]                       0x08001400   Section        0  tyos_kernel.o(.text.System_Process)
    [Anonymous Symbol]                       0x08001438   Section        0  tyos_kernel.o(.text.TYOS_Create_Process)
    [Anonymous Symbol]                       0x08001560   Section        0  main.o(.text.Task1)
    [Anonymous Symbol]                       0x08001598   Section        0  main.o(.text.Task3)
    [Anonymous Symbol]                       0x080015d8   Section        0  usart.o(.text.USART1_IRQHandler)
    [Anonymous Symbol]                       0x08001600   Section        0  usart.o(.text.USART2_IRQHandler)
    [Anonymous Symbol]                       0x08001628   Section        0  usart.o(.text.USART_Init)
    [Anonymous Symbol]                       0x08001728   Section        0  usart.o(.text.USART_Send_Data_Flow)
    [Anonymous Symbol]                       0x08001750   Section        0  tyos_kernel.o(.text._TYOS_SVC_Handler_C)
    __NVIC_SetPriority                       0x08001759   Thumb Code    18  tyos_kernel.o(.text.__NVIC_SetPriority)
    [Anonymous Symbol]                       0x08001758   Section        0  tyos_kernel.o(.text.__NVIC_SetPriority)
    __NVIC_SetPriorityGrouping               0x08001771   Thumb Code    30  tyos_kernel.o(.text.__NVIC_SetPriorityGrouping)
    [Anonymous Symbol]                       0x08001770   Section        0  tyos_kernel.o(.text.__NVIC_SetPriorityGrouping)
    i.__ARM_fpclassify                       0x0800178e   Section        0  fpclassify.o(i.__ARM_fpclassify)
    i._is_digit                              0x080017be   Section        0  __printf_wp.o(i._is_digit)
    locale$$code                             0x080017cc   Section       44  lc_ctype_c.o(locale$$code)
    $v0                                      0x080017f8   Number         0  fpinit.o(x$fpl$fpinit)
    x$fpl$fpinit                             0x080017f8   Section       22  fpinit.o(x$fpl$fpinit)
    $v0                                      0x0800180e   Number         0  printf1.o(x$fpl$printf1)
    x$fpl$printf1                            0x0800180e   Section        4  printf1.o(x$fpl$printf1)
    $v0                                      0x08001812   Number         0  printf2.o(x$fpl$printf2)
    x$fpl$printf2                            0x08001812   Section        4  printf2.o(x$fpl$printf2)
    x$fpl$usenofp                            0x08001816   Section        0  usenofp.o(x$fpl$usenofp)
    initial_mbstate                          0x08001818   Data           8  _printf_wctomb.o(.constdata)
    .constdata                               0x08001818   Section        8  _printf_wctomb.o(.constdata)
    lc_hextab                                0x08001820   Data          19  _printf_fp_hex.o(.constdata)
    .constdata                               0x08001820   Section       38  _printf_fp_hex.o(.constdata)
    uc_hextab                                0x08001833   Data          19  _printf_fp_hex.o(.constdata)
    locale$$data                             0x08001868   Section       28  lc_numeric_c.o(locale$$data)
    __lcnum_c_name                           0x0800186c   Data           2  lc_numeric_c.o(locale$$data)
    __lcnum_c_start                          0x08001874   Data           0  lc_numeric_c.o(locale$$data)
    __lcnum_c_point                          0x08001880   Data           0  lc_numeric_c.o(locale$$data)
    __lcnum_c_thousands                      0x08001882   Data           0  lc_numeric_c.o(locale$$data)
    __lcnum_c_grouping                       0x08001883   Data           0  lc_numeric_c.o(locale$$data)
    __lcnum_c_end                            0x08001884   Data           0  lc_numeric_c.o(locale$$data)
    locale$$data                             0x08001884   Section      272  lc_ctype_c.o(locale$$data)
    __lcctype_c_name                         0x08001888   Data           2  lc_ctype_c.o(locale$$data)
    __lcctype_c_start                        0x08001890   Data           0  lc_ctype_c.o(locale$$data)
    __lcctype_c_end                          0x08001994   Data           0  lc_ctype_c.o(locale$$data)
    .ARM.Collect$$_printf_percent$$00000000  0x08100000   Section        0  _printf_percent.o(.ARM.Collect$$_printf_percent$$00000000)
    .ARM.Collect$$_printf_percent$$00000001  0x08100000   Section        6  _printf_n.o(.ARM.Collect$$_printf_percent$$00000001)
    .ARM.Collect$$_printf_percent$$00000002  0x08100006   Section        6  _printf_p.o(.ARM.Collect$$_printf_percent$$00000002)
    .ARM.Collect$$_printf_percent$$00000003  0x0810000c   Section        6  _printf_f.o(.ARM.Collect$$_printf_percent$$00000003)
    .ARM.Collect$$_printf_percent$$00000004  0x08100012   Section        6  _printf_e.o(.ARM.Collect$$_printf_percent$$00000004)
    .ARM.Collect$$_printf_percent$$00000005  0x08100018   Section        6  _printf_g.o(.ARM.Collect$$_printf_percent$$00000005)
    .ARM.Collect$$_printf_percent$$00000006  0x0810001e   Section        6  _printf_a.o(.ARM.Collect$$_printf_percent$$00000006)
    .ARM.Collect$$_printf_percent$$00000007  0x08100024   Section       10  _printf_ll.o(.ARM.Collect$$_printf_percent$$00000007)
    .ARM.Collect$$_printf_percent$$00000008  0x0810002e   Section        6  _printf_i.o(.ARM.Collect$$_printf_percent$$00000008)
    .ARM.Collect$$_printf_percent$$00000009  0x08100034   Section        6  _printf_d.o(.ARM.Collect$$_printf_percent$$00000009)
    .ARM.Collect$$_printf_percent$$0000000A  0x0810003a   Section        6  _printf_u.o(.ARM.Collect$$_printf_percent$$0000000A)
    .ARM.Collect$$_printf_percent$$0000000B  0x08100040   Section        6  _printf_o.o(.ARM.Collect$$_printf_percent$$0000000B)
    .ARM.Collect$$_printf_percent$$0000000C  0x08100046   Section        6  _printf_x.o(.ARM.Collect$$_printf_percent$$0000000C)
    .ARM.Collect$$_printf_percent$$0000000D  0x0810004c   Section        6  _printf_lli.o(.ARM.Collect$$_printf_percent$$0000000D)
    .ARM.Collect$$_printf_percent$$0000000E  0x08100052   Section        6  _printf_lld.o(.ARM.Collect$$_printf_percent$$0000000E)
    .ARM.Collect$$_printf_percent$$0000000F  0x08100058   Section        6  _printf_llu.o(.ARM.Collect$$_printf_percent$$0000000F)
    .ARM.Collect$$_printf_percent$$00000010  0x0810005e   Section        6  _printf_llo.o(.ARM.Collect$$_printf_percent$$00000010)
    .ARM.Collect$$_printf_percent$$00000011  0x08100064   Section        6  _printf_llx.o(.ARM.Collect$$_printf_percent$$00000011)
    .ARM.Collect$$_printf_percent$$00000012  0x0810006a   Section       10  _printf_l.o(.ARM.Collect$$_printf_percent$$00000012)
    .ARM.Collect$$_printf_percent$$00000013  0x08100074   Section        6  _printf_c.o(.ARM.Collect$$_printf_percent$$00000013)
    .ARM.Collect$$_printf_percent$$00000014  0x0810007a   Section        6  _printf_s.o(.ARM.Collect$$_printf_percent$$00000014)
    .ARM.Collect$$_printf_percent$$00000015  0x08100080   Section        6  _printf_lc.o(.ARM.Collect$$_printf_percent$$00000015)
    .ARM.Collect$$_printf_percent$$00000016  0x08100086   Section        6  _printf_ls.o(.ARM.Collect$$_printf_percent$$00000016)
    .ARM.Collect$$_printf_percent$$00000017  0x0810008c   Section        4  _printf_percent_end.o(.ARM.Collect$$_printf_percent$$00000017)
    $v0                                      0x08100090   Number         0  startup_stm32h743xx.o(.text)
    .text                                    0x08100090   Section       92  startup_stm32h743xx.o(.text)
    .text                                    0x081000ec   Section        0  vsprintf.o(.text)
    .text                                    0x08100110   Section      138  rt_memcpy_v6.o(.text)
    .text                                    0x0810019a   Section      132  rt_memmove_v6.o(.text)
    .text                                    0x0810021e   Section        0  _printf_pad.o(.text)
    .text                                    0x0810026c   Section        0  _printf_str.o(.text)
    .text                                    0x081002c0   Section        0  _printf_dec.o(.text)
    _printf_input_char                       0x08100339   Thumb Code    10  _printf_char_common.o(.text)
    .text                                    0x08100338   Section        0  _printf_char_common.o(.text)
    .text                                    0x08100368   Section        0  _sputc.o(.text)
    .text                                    0x08100374   Section        0  _printf_wctomb.o(.text)
    _printf_hex_common                       0x08100431   Thumb Code     0  _printf_hex_int_ll_ptr.o(.text)
    .text                                    0x08100430   Section        0  _printf_hex_int_ll_ptr.o(.text)
    .text                                    0x081004c4   Section        0  __printf_flags_ss_wp.o(.text)
    _fp_digits                               0x0810064d   Thumb Code   222  _printf_fp_dec_accurate.o(.text)
    .text                                    0x0810064c   Section        0  _printf_fp_dec_accurate.o(.text)
    .text                                    0x08100994   Section        0  _printf_fp_hex.o(.text)
    .text                                    0x08100c90   Section        0  _printf_char.o(.text)
    .text                                    0x08100cbc   Section       16  rt_ctype_table.o(.text)
    .text                                    0x08100cd0   Section      124  strcmpv7m_pel.o(.text)
    .text                                    0x08100d4c   Section       38  llushr.o(.text)
    .text                                    0x08100d74   Section        0  sys_exit.o(.text)
    [Anonymous Symbol]                       0x08100d80   Section        0  arraylist.o(.text.ArrayList_Remove)
    [Anonymous Symbol]                       0x08100e90   Section        0  sys.o(.text.Cache_Enable)
    [Anonymous Symbol]                       0x08100eb0   Section        0  gpio.o(.text.GPIO_AF_Set)
    [Anonymous Symbol]                       0x08100ef8   Section        0  linkedlist.o(.text.LinkedList_Add)
    [Anonymous Symbol]                       0x08100fc8   Section        0  linkedlist.o(.text.LinkedList_AddtoEnd)
    [Anonymous Symbol]                       0x08100fd8   Section        0  mpu.o(.text.MPU_Disable)
    [Anonymous Symbol]                       0x08100ff8   Section        0  mpu.o(.text.MPU_Enable)
    [Anonymous Symbol]                       0x08101010   Section        0  mpu.o(.text.MPU_Memory_Protection)
    [Anonymous Symbol]                       0x081010b8   Section        0  mpu.o(.text.MPU_Set_Protection)
    [Anonymous Symbol]                       0x08101118   Section        0  sys.o(.text.MY_NVIC_SetVectorTable)
    [Anonymous Symbol]                       0x08101130   Section        0  memory.o(.text.Memory_Free)
    [Anonymous Symbol]                       0x08101178   Section        0  memory.o(.text.Memory_Malloc)
    SCB_DisableDCache                        0x08101211   Thumb Code    94  main.o(.text.SCB_DisableDCache)
    [Anonymous Symbol]                       0x08101210   Section        0  main.o(.text.SCB_DisableDCache)
    SCB_EnableICache                         0x08101271   Thumb Code    48  main.o(.text.SCB_EnableICache)
    [Anonymous Symbol]                       0x08101270   Section        0  main.o(.text.SCB_EnableICache)
    [Anonymous Symbol]                       0x081012a0   Section        0  tyos_kernel.o(.text.TYOS_Kernel_Prepare)
    [Anonymous Symbol]                       0x081014a0   Section        0  tyos_kernel.o(.text.TYOS_Process_Start)
    [Anonymous Symbol]                       0x081014d0   Section        0  tyos_kernel.o(.text.TYOS_Process_Wait_Time)
    [Anonymous Symbol]                       0x081015e0   Section        0  main.o(.text.Task2)
    [Anonymous Symbol]                       0x08101618   Section        0  main.o(.text.Task4)
    [Anonymous Symbol]                       0x08101658   Section        0  usart.o(.text.USART3_IRQHandler)
    [Anonymous Symbol]                       0x08101680   Section        0  usart.o(.text.USART_Printf)
    [Anonymous Symbol]                       0x081016b0   Section        0  tyos_kernel.o(.text._TYOS_Process_Switch)
    [Anonymous Symbol]                       0x08101738   Section        0  usart.o(.text._USART_Send_String)
    [Anonymous Symbol]                       0x08101758   Section        0  main.o(.text.main)
    $v0                                      0x08101838   Number         0  tyos_assembly.o(TYOS)
    TYOS                                     0x08101838   Section      120  tyos_assembly.o(TYOS)
    locale$$code                             0x081018d8   Section       44  lc_numeric_c.o(locale$$code)
    $v0                                      0x08101904   Number         0  istatus.o(x$fpl$ieeestatus)
    x$fpl$ieeestatus                         0x08101904   Section       32  istatus.o(x$fpl$ieeestatus)
    uc_hextab                                0x08101924   Data          20  _printf_hex_int_ll_ptr.o(.constdata)
    .constdata                               0x08101924   Section       40  _printf_hex_int_ll_ptr.o(.constdata)
    lc_hextab                                0x08101938   Data          20  _printf_hex_int_ll_ptr.o(.constdata)
    maptable                                 0x0810194c   Data          17  __printf_flags_ss_wp.o(.constdata)
    .constdata                               0x0810194c   Section       17  __printf_flags_ss_wp.o(.constdata)
    .bss                                     0x24010008   Section       96  libspace.o(.bss)
    Heap_Mem                                 0x24010510   Data           0  startup_stm32h743xx.o(HEAP)
    Stack_Mem                                0x24010510   Data        8192  startup_stm32h743xx.o(STACK)
    HEAP                                     0x24010510   Section        0  startup_stm32h743xx.o(HEAP)
    STACK                                    0x24010510   Section     8192  startup_stm32h743xx.o(STACK)
    __initial_sp                             0x24012510   Data           0  startup_stm32h743xx.o(STACK)

    Global Symbols

    Symbol Name                              Value     Ov Type        Size  Object(Section)

    BuildAttributes$$THM_ISAv4$E$P$D$K$B$S$7EM$VFPv5_D16$PE$PLD8$A:L22UL41UL21$X:L11$S22US41US21$IEEE1$IW$~IW$USESV6$~STKCKD$USESV7$~SHL$OTIME$ROPI$IEEEX$EBA8$UX$STANDARDLIB$REQ8$PRES8$EABIv2 0x00000000   Number         0  anon$$obj.o ABSOLUTE
    _printf_flags                            0x00000000   Number         0  printf_stubs.o ABSOLUTE
    _printf_return_value                     0x00000000   Number         0  printf_stubs.o ABSOLUTE
    _printf_sizespec                         0x00000000   Number         0  printf_stubs.o ABSOLUTE
    _printf_widthprec                        0x00000000   Number         0  printf_stubs.o ABSOLUTE
    __ARM_exceptions_init                     - Undefined Weak Reference
    __alloca_initialize                       - Undefined Weak Reference
    __arm_preinit_                            - Undefined Weak Reference
    __cpp_initialize__aeabi_                  - Undefined Weak Reference
    __cxa_finalize                            - Undefined Weak Reference
    __sigvec_lookup                           - Undefined Weak Reference
    _atexit_init                              - Undefined Weak Reference
    _call_atexit_fns                          - Undefined Weak Reference
    _clock_init                               - Undefined Weak Reference
    _fp_trap_big                              - Undefined Weak Reference
    _fp_trap_init                             - Undefined Weak Reference
    _fp_trap_shutdown                         - Undefined Weak Reference
    _get_lc_collate                           - Undefined Weak Reference
    _get_lc_monetary                          - Undefined Weak Reference
    _get_lc_time                              - Undefined Weak Reference
    _getenv_init                              - Undefined Weak Reference
    _handle_redirection                       - Undefined Weak Reference
    _init_alloc                               - Undefined Weak Reference
    _init_user_alloc                          - Undefined Weak Reference
    _initio                                   - Undefined Weak Reference
    _printf_mbtowc                            - Undefined Weak Reference
    _printf_wc                                - Undefined Weak Reference
    _rand_init                                - Undefined Weak Reference
    _signal_finish                            - Undefined Weak Reference
    _signal_init                              - Undefined Weak Reference
    _terminate_alloc                          - Undefined Weak Reference
    _terminate_user_alloc                     - Undefined Weak Reference
    _terminateio                              - Undefined Weak Reference
    __Vectors_Size                           0x00000298   Number         0  startup_stm32h743xx.o ABSOLUTE
    __Vectors                                0x08000000   Data           4  startup_stm32h743xx.o(RESET)
    __Vectors_End                            0x08000298   Data           0  startup_stm32h743xx.o(RESET)
    __main                                   0x08000299   Thumb Code     8  __main.o(!!!main)
    __scatterload                            0x080002a1   Thumb Code     0  __scatter.o(!!!scatter)
    __scatterload_rt2                        0x080002a1   Thumb Code    44  __scatter.o(!!!scatter)
    __scatterload_rt2_thumb_only             0x080002a1   Thumb Code     0  __scatter.o(!!!scatter)
    __scatterload_null                       0x080002af   Thumb Code     0  __scatter.o(!!!scatter)
    __scatterload_copy                       0x080002d5   Thumb Code    26  __scatter_copy.o(!!handler_copy)
    __scatterload_zeroinit                   0x080002f1   Thumb Code    28  __scatter_zi.o(!!handler_zi)
    __rt_lib_init                            0x0800030d   Thumb Code     0  libinit.o(.ARM.Collect$$libinit$$00000000)
    __rt_lib_init_fp_1                       0x0800030f   Thumb Code     0  libinit2.o(.ARM.Collect$$libinit$$00000001)
    __rt_lib_init_heap_1                     0x08000313   Thumb Code     0  libinit2.o(.ARM.Collect$$libinit$$0000000A)
    __rt_lib_init_lc_common                  0x08000313   Thumb Code     0  libinit2.o(.ARM.Collect$$libinit$$0000000F)
    __rt_lib_init_preinit_1                  0x08000313   Thumb Code     0  libinit2.o(.ARM.Collect$$libinit$$00000004)
    __rt_lib_init_rand_1                     0x08000313   Thumb Code     0  libinit2.o(.ARM.Collect$$libinit$$0000000E)
    __rt_lib_init_user_alloc_1               0x08000313   Thumb Code     0  libinit2.o(.ARM.Collect$$libinit$$0000000C)
    __rt_lib_init_lc_collate_1               0x08000319   Thumb Code     0  libinit2.o(.ARM.Collect$$libinit$$00000011)
    __rt_lib_init_lc_ctype_2                 0x08000319   Thumb Code     0  libinit2.o(.ARM.Collect$$libinit$$00000012)
    __rt_lib_init_lc_ctype_1                 0x08000325   Thumb Code     0  libinit2.o(.ARM.Collect$$libinit$$00000013)
    __rt_lib_init_lc_monetary_1              0x08000325   Thumb Code     0  libinit2.o(.ARM.Collect$$libinit$$00000015)
    __rt_lib_init_lc_numeric_2               0x08000325   Thumb Code     0  libinit2.o(.ARM.Collect$$libinit$$00000016)
    __rt_lib_init_alloca_1                   0x0800032f   Thumb Code     0  libinit2.o(.ARM.Collect$$libinit$$0000002E)
    __rt_lib_init_argv_1                     0x0800032f   Thumb Code     0  libinit2.o(.ARM.Collect$$libinit$$0000002C)
    __rt_lib_init_atexit_1                   0x0800032f   Thumb Code     0  libinit2.o(.ARM.Collect$$libinit$$0000001B)
    __rt_lib_init_clock_1                    0x0800032f   Thumb Code     0  libinit2.o(.ARM.Collect$$libinit$$00000021)
    __rt_lib_init_cpp_1                      0x0800032f   Thumb Code     0  libinit2.o(.ARM.Collect$$libinit$$00000032)
    __rt_lib_init_exceptions_1               0x0800032f   Thumb Code     0  libinit2.o(.ARM.Collect$$libinit$$00000030)
    __rt_lib_init_fp_trap_1                  0x0800032f   Thumb Code     0  libinit2.o(.ARM.Collect$$libinit$$0000001F)
    __rt_lib_init_getenv_1                   0x0800032f   Thumb Code     0  libinit2.o(.ARM.Collect$$libinit$$00000023)
    __rt_lib_init_lc_numeric_1               0x0800032f   Thumb Code     0  libinit2.o(.ARM.Collect$$libinit$$00000017)
    __rt_lib_init_lc_time_1                  0x0800032f   Thumb Code     0  libinit2.o(.ARM.Collect$$libinit$$00000019)
    __rt_lib_init_return                     0x0800032f   Thumb Code     0  libinit2.o(.ARM.Collect$$libinit$$00000033)
    __rt_lib_init_signal_1                   0x0800032f   Thumb Code     0  libinit2.o(.ARM.Collect$$libinit$$0000001D)
    __rt_lib_init_stdio_1                    0x0800032f   Thumb Code     0  libinit2.o(.ARM.Collect$$libinit$$00000025)
    __rt_lib_shutdown                        0x08000331   Thumb Code     0  libshutdown.o(.ARM.Collect$$libshutdown$$00000000)
    __rt_lib_shutdown_cpp_1                  0x08000333   Thumb Code     0  libshutdown2.o(.ARM.Collect$$libshutdown$$00000002)
    __rt_lib_shutdown_fp_trap_1              0x08000333   Thumb Code     0  libshutdown2.o(.ARM.Collect$$libshutdown$$00000007)
    __rt_lib_shutdown_heap_1                 0x08000333   Thumb Code     0  libshutdown2.o(.ARM.Collect$$libshutdown$$0000000F)
    __rt_lib_shutdown_return                 0x08000333   Thumb Code     0  libshutdown2.o(.ARM.Collect$$libshutdown$$00000010)
    __rt_lib_shutdown_signal_1               0x08000333   Thumb Code     0  libshutdown2.o(.ARM.Collect$$libshutdown$$0000000A)
    __rt_lib_shutdown_stdio_1                0x08000333   Thumb Code     0  libshutdown2.o(.ARM.Collect$$libshutdown$$00000004)
    __rt_lib_shutdown_user_alloc_1           0x08000333   Thumb Code     0  libshutdown2.o(.ARM.Collect$$libshutdown$$0000000C)
    __rt_entry                               0x08000335   Thumb Code     0  __rtentry.o(.ARM.Collect$$rtentry$$00000000)
    __rt_entry_presh_1                       0x08000335   Thumb Code     0  __rtentry2.o(.ARM.Collect$$rtentry$$00000002)
    __rt_entry_sh                            0x08000335   Thumb Code     0  __rtentry4.o(.ARM.Collect$$rtentry$$00000004)
    __rt_entry_li                            0x0800033b   Thumb Code     0  __rtentry2.o(.ARM.Collect$$rtentry$$0000000A)
    __rt_entry_postsh_1                      0x0800033b   Thumb Code     0  __rtentry2.o(.ARM.Collect$$rtentry$$00000009)
    __rt_entry_main                          0x0800033f   Thumb Code     0  __rtentry2.o(.ARM.Collect$$rtentry$$0000000D)
    __rt_entry_postli_1                      0x0800033f   Thumb Code     0  __rtentry2.o(.ARM.Collect$$rtentry$$0000000C)
    __rt_exit                                0x08000347   Thumb Code     0  rtexit.o(.ARM.Collect$$rtexit$$00000000)
    __rt_exit_ls                             0x08000349   Thumb Code     0  rtexit2.o(.ARM.Collect$$rtexit$$00000003)
    __rt_exit_prels_1                        0x08000349   Thumb Code     0  rtexit2.o(.ARM.Collect$$rtexit$$00000002)
    __rt_exit_exit                           0x0800034d   Thumb Code     0  rtexit2.o(.ARM.Collect$$rtexit$$00000004)
    __use_two_region_memory                  0x08000353   Thumb Code     2  heapauxi.o(.text)
    __rt_heap_escrow$2region                 0x08000355   Thumb Code     2  heapauxi.o(.text)
    __rt_heap_expand$2region                 0x08000357   Thumb Code     2  heapauxi.o(.text)
    _printf_truncate_signed                  0x08000359   Thumb Code    18  _printf_truncate.o(.text)
    _printf_truncate_unsigned                0x0800036b   Thumb Code    18  _printf_truncate.o(.text)
    _printf_charcount                        0x0800037d   Thumb Code    40  _printf_charcount.o(.text)
    _printf_longlong_dec                     0x080003a5   Thumb Code   108  _printf_longlong_dec.o(.text)
    _printf_longlong_oct                     0x08000421   Thumb Code    68  _printf_oct_int_ll.o(.text)
    _printf_int_oct                          0x08000465   Thumb Code    24  _printf_oct_int_ll.o(.text)
    _printf_ll_oct                           0x0800047d   Thumb Code    12  _printf_oct_int_ll.o(.text)
    __aeabi_memcpy4                          0x08000491   Thumb Code     0  rt_memcpy_w.o(.text)
    __aeabi_memcpy8                          0x08000491   Thumb Code     0  rt_memcpy_w.o(.text)
    __rt_memcpy_w                            0x08000491   Thumb Code   100  rt_memcpy_w.o(.text)
    _memcpy_lastbytes_aligned                0x080004d9   Thumb Code     0  rt_memcpy_w.o(.text)
    __aeabi_memmove4                         0x080004f5   Thumb Code     0  rt_memmove_w.o(.text)
    __aeabi_memmove8                         0x080004f5   Thumb Code     0  rt_memmove_w.o(.text)
    __rt_memmove_w                           0x080004f5   Thumb Code   122  rt_memmove_w.o(.text)
    __memmove_aligned                        0x0800051b   Thumb Code     0  rt_memmove_w.o(.text)
    __memmove_lastfew_aligned                0x08000553   Thumb Code     0  rt_memmove_w.o(.text)
    _ll_udiv10                               0x0800056f   Thumb Code   138  lludiv10.o(.text)
    _printf_int_common                       0x080005f9   Thumb Code   178  _printf_intcommon.o(.text)
    _printf_lcs_common                       0x080006ab   Thumb Code    20  _printf_wchar.o(.text)
    _printf_wchar                            0x080006bf   Thumb Code    16  _printf_wchar.o(.text)
    _printf_wstring                          0x080006cf   Thumb Code     8  _printf_wchar.o(.text)
    _c16rtomb                                0x080006d7   Thumb Code    72  _c16rtomb.o(.text)
    _wcrtomb                                 0x080006d7   Thumb Code     0  _c16rtomb.o(.text)
    __user_libspace                          0x08000721   Thumb Code     8  libspace.o(.text)
    __user_perproc_libspace                  0x08000721   Thumb Code     0  libspace.o(.text)
    __user_perthread_libspace                0x08000721   Thumb Code     0  libspace.o(.text)
    __user_setup_stackheap                   0x08000729   Thumb Code    74  sys_stackheap_outer.o(.text)
    __rt_locale                              0x08000775   Thumb Code     8  rt_locale_intlibspace.o(.text)
    _printf_fp_infnan                        0x0800077d   Thumb Code   112  _printf_fp_infnan.o(.text)
    _btod_main                               0x080007fd   Thumb Code   422  btod_accurate.o(.text)
    exit                                     0x080009a3   Thumb Code    18  exit.o(.text)
    _btod_approx_div10000                    0x080009b5   Thumb Code    20  btod_accurate_common.o(.text)
    _btod_mul                                0x080009c9   Thumb Code   120  btod_accurate_common.o(.text)
    _btod_pow                                0x08000a41   Thumb Code   332  btod_accurate_common.o(.text)
    _bcd2digits                              0x08000b8d   Thumb Code    88  btod_accurate_common.o(.text)
    _btod_common                             0x08000be5   Thumb Code   238  btod_accurate_common.o(.text)
    __I$use$semihosting                      0x08000cd9   Thumb Code     0  use_no_semi.o(.text)
    __use_no_semihosting_swi                 0x08000cd9   Thumb Code     2  use_no_semi.o(.text)
    __semihosting_library_function           0x08000cdb   Thumb Code     0  indicate_semi.o(.text)
    ArrayList_Insert                         0x08000ce1   Thumb Code   212  arraylist.o(.text.ArrayList_Insert)
    GPIO_Set                                 0x08000db9   Thumb Code   148  gpio.o(.text.GPIO_Set)
    LinkedList_AddBehind                     0x08000e51   Thumb Code    90  linkedlist.o(.text.LinkedList_AddBehind)
    LinkedList_Find                          0x08000eb1   Thumb Code   140  linkedlist.o(.text.LinkedList_Find)
    MPU_Convert_Bytes_To_POT                 0x08000f41   Thumb Code    26  mpu.o(.text.MPU_Convert_Bytes_To_POT)
    MemManage_Handler                        0x08000f61   Thumb Code     2  mpu.o(.text.MemManage_Handler)
    Memory_Heap_Init                         0x08000f69   Thumb Code    62  memory.o(.text.Memory_Heap_Init)
    Memory_Init                              0x08000fa9   Thumb Code   138  memory.o(.text.Memory_Init)
    Stm32_Clock_Init                         0x080010c9   Thumb Code    86  sys.o(.text.Stm32_Clock_Init)
    SysTick_Handler                          0x08001121   Thumb Code   188  tyos_kernel.o(.text.SysTick_Handler)
    Sys_Clock_Set                            0x080011e9   Thumb Code   536  sys.o(.text.Sys_Clock_Set)
    System_Process                           0x08001401   Thumb Code    44  tyos_kernel.o(.text.System_Process)
    TYOS_Create_Process                      0x08001439   Thumb Code   290  tyos_kernel.o(.text.TYOS_Create_Process)
    Task1                                    0x08001561   Thumb Code    44  main.o(.text.Task1)
    Task3                                    0x08001599   Thumb Code    52  main.o(.text.Task3)
    USART1_IRQHandler                        0x080015d9   Thumb Code    38  usart.o(.text.USART1_IRQHandler)
    USART2_IRQHandler                        0x08001601   Thumb Code    38  usart.o(.text.USART2_IRQHandler)
    USART_Init                               0x08001629   Thumb Code   252  usart.o(.text.USART_Init)
    USART_Send_Data_Flow                     0x08001729   Thumb Code    36  usart.o(.text.USART_Send_Data_Flow)
    _TYOS_SVC_Handler_C                      0x08001751   Thumb Code     2  tyos_kernel.o(.text._TYOS_SVC_Handler_C)
    __ARM_fpclassify                         0x0800178f   Thumb Code    48  fpclassify.o(i.__ARM_fpclassify)
    _is_digit                                0x080017bf   Thumb Code    14  __printf_wp.o(i._is_digit)
    _get_lc_ctype                            0x080017cd   Thumb Code    44  lc_ctype_c.o(locale$$code)
    _fp_init                                 0x080017f9   Thumb Code    22  fpinit.o(x$fpl$fpinit)
    __fplib_config_fpu_vfp                   0x0800180d   Thumb Code     0  fpinit.o(x$fpl$fpinit)
    __fplib_config_pureend_doubles           0x0800180d   Thumb Code     0  fpinit.o(x$fpl$fpinit)
    __default_to_accurate_btod               0x0800180f   Thumb Code     0  printf1.o(x$fpl$printf1)
    _printf_fp_dec                           0x0800180f   Thumb Code     4  printf1.o(x$fpl$printf1)
    _printf_fp_hex                           0x08001813   Thumb Code     4  printf2.o(x$fpl$printf2)
    __I$use$fp                               0x08001816   Number         0  usenofp.o(x$fpl$usenofp)
    Region$$Table$$Base                      0x08001848   Number         0  anon$$obj.o(Region$$Table)
    Region$$Table$$Limit                     0x08001868   Number         0  anon$$obj.o(Region$$Table)
    __ctype                                  0x08001891   Data           0  lc_ctype_c.o(locale$$data)
    _printf_n                                0x08100001   Thumb Code     0  _printf_n.o(.ARM.Collect$$_printf_percent$$00000001)
    _printf_percent                          0x08100001   Thumb Code     0  _printf_percent.o(.ARM.Collect$$_printf_percent$$00000000)
    _printf_p                                0x08100007   Thumb Code     0  _printf_p.o(.ARM.Collect$$_printf_percent$$00000002)
    _printf_f                                0x0810000d   Thumb Code     0  _printf_f.o(.ARM.Collect$$_printf_percent$$00000003)
    _printf_e                                0x08100013   Thumb Code     0  _printf_e.o(.ARM.Collect$$_printf_percent$$00000004)
    _printf_g                                0x08100019   Thumb Code     0  _printf_g.o(.ARM.Collect$$_printf_percent$$00000005)
    _printf_a                                0x0810001f   Thumb Code     0  _printf_a.o(.ARM.Collect$$_printf_percent$$00000006)
    _printf_ll                               0x08100025   Thumb Code     0  _printf_ll.o(.ARM.Collect$$_printf_percent$$00000007)
    _printf_i                                0x0810002f   Thumb Code     0  _printf_i.o(.ARM.Collect$$_printf_percent$$00000008)
    _printf_d                                0x08100035   Thumb Code     0  _printf_d.o(.ARM.Collect$$_printf_percent$$00000009)
    _printf_u                                0x0810003b   Thumb Code     0  _printf_u.o(.ARM.Collect$$_printf_percent$$0000000A)
    _printf_o                                0x08100041   Thumb Code     0  _printf_o.o(.ARM.Collect$$_printf_percent$$0000000B)
    _printf_x                                0x08100047   Thumb Code     0  _printf_x.o(.ARM.Collect$$_printf_percent$$0000000C)
    _printf_lli                              0x0810004d   Thumb Code     0  _printf_lli.o(.ARM.Collect$$_printf_percent$$0000000D)
    _printf_lld                              0x08100053   Thumb Code     0  _printf_lld.o(.ARM.Collect$$_printf_percent$$0000000E)
    _printf_llu                              0x08100059   Thumb Code     0  _printf_llu.o(.ARM.Collect$$_printf_percent$$0000000F)
    _printf_llo                              0x0810005f   Thumb Code     0  _printf_llo.o(.ARM.Collect$$_printf_percent$$00000010)
    _printf_llx                              0x08100065   Thumb Code     0  _printf_llx.o(.ARM.Collect$$_printf_percent$$00000011)
    _printf_l                                0x0810006b   Thumb Code     0  _printf_l.o(.ARM.Collect$$_printf_percent$$00000012)
    _printf_c                                0x08100075   Thumb Code     0  _printf_c.o(.ARM.Collect$$_printf_percent$$00000013)
    _printf_s                                0x0810007b   Thumb Code     0  _printf_s.o(.ARM.Collect$$_printf_percent$$00000014)
    _printf_lc                               0x08100081   Thumb Code     0  _printf_lc.o(.ARM.Collect$$_printf_percent$$00000015)
    _printf_ls                               0x08100087   Thumb Code     0  _printf_ls.o(.ARM.Collect$$_printf_percent$$00000016)
    _printf_percent_end                      0x0810008d   Thumb Code     0  _printf_percent_end.o(.ARM.Collect$$_printf_percent$$00000017)
    Reset_Handler                            0x08100091   Thumb Code    36  startup_stm32h743xx.o(.text)
    NMI_Handler                              0x081000b5   Thumb Code     2  startup_stm32h743xx.o(.text)
    HardFault_Handler                        0x081000b7   Thumb Code     2  startup_stm32h743xx.o(.text)
    BusFault_Handler                         0x081000bb   Thumb Code     2  startup_stm32h743xx.o(.text)
    UsageFault_Handler                       0x081000bd   Thumb Code     2  startup_stm32h743xx.o(.text)
    DebugMon_Handler                         0x081000c1   Thumb Code     2  startup_stm32h743xx.o(.text)
    ADC3_IRQHandler                          0x081000c7   Thumb Code     0  startup_stm32h743xx.o(.text)
    ADC_IRQHandler                           0x081000c7   Thumb Code     0  startup_stm32h743xx.o(.text)
    BDMA_Channel0_IRQHandler                 0x081000c7   Thumb Code     0  startup_stm32h743xx.o(.text)
    BDMA_Channel1_IRQHandler                 0x081000c7   Thumb Code     0  startup_stm32h743xx.o(.text)
    BDMA_Channel2_IRQHandler                 0x081000c7   Thumb Code     0  startup_stm32h743xx.o(.text)
    BDMA_Channel3_IRQHandler                 0x081000c7   Thumb Code     0  startup_stm32h743xx.o(.text)
    BDMA_Channel4_IRQHandler                 0x081000c7   Thumb Code     0  startup_stm32h743xx.o(.text)
    BDMA_Channel5_IRQHandler                 0x081000c7   Thumb Code     0  startup_stm32h743xx.o(.text)
    BDMA_Channel6_IRQHandler                 0x081000c7   Thumb Code     0  startup_stm32h743xx.o(.text)
    BDMA_Channel7_IRQHandler                 0x081000c7   Thumb Code     0  startup_stm32h743xx.o(.text)
    CEC_IRQHandler                           0x081000c7   Thumb Code     0  startup_stm32h743xx.o(.text)
    COMP1_IRQHandler                         0x081000c7   Thumb Code     0  startup_stm32h743xx.o(.text)
    CRS_IRQHandler                           0x081000c7   Thumb Code     0  startup_stm32h743xx.o(.text)
    DCMI_IRQHandler                          0x081000c7   Thumb Code     0  startup_stm32h743xx.o(.text)
    DFSDM1_FLT0_IRQHandler                   0x081000c7   Thumb Code     0  startup_stm32h743xx.o(.text)
    DFSDM1_FLT1_IRQHandler                   0x081000c7   Thumb Code     0  startup_stm32h743xx.o(.text)
    DFSDM1_FLT2_IRQHandler                   0x081000c7   Thumb Code     0  startup_stm32h743xx.o(.text)
    DFSDM1_FLT3_IRQHandler                   0x081000c7   Thumb Code     0  startup_stm32h743xx.o(.text)
    DMA1_Stream0_IRQHandler                  0x081000c7   Thumb Code     0  startup_stm32h743xx.o(.text)
    DMA1_Stream1_IRQHandler                  0x081000c7   Thumb Code     0  startup_stm32h743xx.o(.text)
    DMA1_Stream2_IRQHandler                  0x081000c7   Thumb Code     0  startup_stm32h743xx.o(.text)
    DMA1_Stream3_IRQHandler                  0x081000c7   Thumb Code     0  startup_stm32h743xx.o(.text)
    DMA1_Stream4_IRQHandler                  0x081000c7   Thumb Code     0  startup_stm32h743xx.o(.text)
    DMA1_Stream5_IRQHandler                  0x081000c7   Thumb Code     0  startup_stm32h743xx.o(.text)
    DMA1_Stream6_IRQHandler                  0x081000c7   Thumb Code     0  startup_stm32h743xx.o(.text)
    DMA1_Stream7_IRQHandler                  0x081000c7   Thumb Code     0  startup_stm32h743xx.o(.text)
    DMA2D_IRQHandler                         0x081000c7   Thumb Code     0  startup_stm32h743xx.o(.text)
    DMA2_Stream0_IRQHandler                  0x081000c7   Thumb Code     0  startup_stm32h743xx.o(.text)
    DMA2_Stream1_IRQHandler                  0x081000c7   Thumb Code     0  startup_stm32h743xx.o(.text)
    DMA2_Stream2_IRQHandler                  0x081000c7   Thumb Code     0  startup_stm32h743xx.o(.text)
    DMA2_Stream3_IRQHandler                  0x081000c7   Thumb Code     0  startup_stm32h743xx.o(.text)
    DMA2_Stream4_IRQHandler                  0x081000c7   Thumb Code     0  startup_stm32h743xx.o(.text)
    DMA2_Stream5_IRQHandler                  0x081000c7   Thumb Code     0  startup_stm32h743xx.o(.text)
    DMA2_Stream6_IRQHandler                  0x081000c7   Thumb Code     0  startup_stm32h743xx.o(.text)
    DMA2_Stream7_IRQHandler                  0x081000c7   Thumb Code     0  startup_stm32h743xx.o(.text)
    DMAMUX1_OVR_IRQHandler                   0x081000c7   Thumb Code     0  startup_stm32h743xx.o(.text)
    DMAMUX2_OVR_IRQHandler                   0x081000c7   Thumb Code     0  startup_stm32h743xx.o(.text)
    ETH_IRQHandler                           0x081000c7   Thumb Code     0  startup_stm32h743xx.o(.text)
    ETH_WKUP_IRQHandler                      0x081000c7   Thumb Code     0  startup_stm32h743xx.o(.text)
    EXTI0_IRQHandler                         0x081000c7   Thumb Code     0  startup_stm32h743xx.o(.text)
    EXTI15_10_IRQHandler                     0x081000c7   Thumb Code     0  startup_stm32h743xx.o(.text)
    EXTI1_IRQHandler                         0x081000c7   Thumb Code     0  startup_stm32h743xx.o(.text)
    EXTI2_IRQHandler                         0x081000c7   Thumb Code     0  startup_stm32h743xx.o(.text)
    EXTI3_IRQHandler                         0x081000c7   Thumb Code     0  startup_stm32h743xx.o(.text)
    EXTI4_IRQHandler                         0x081000c7   Thumb Code     0  startup_stm32h743xx.o(.text)
    EXTI9_5_IRQHandler                       0x081000c7   Thumb Code     0  startup_stm32h743xx.o(.text)
    FDCAN1_IT0_IRQHandler                    0x081000c7   Thumb Code     0  startup_stm32h743xx.o(.text)
    FDCAN1_IT1_IRQHandler                    0x081000c7   Thumb Code     0  startup_stm32h743xx.o(.text)
    FDCAN2_IT0_IRQHandler                    0x081000c7   Thumb Code     0  startup_stm32h743xx.o(.text)
    FDCAN2_IT1_IRQHandler                    0x081000c7   Thumb Code     0  startup_stm32h743xx.o(.text)
    FDCAN_CAL_IRQHandler                     0x081000c7   Thumb Code     0  startup_stm32h743xx.o(.text)
    FLASH_IRQHandler                         0x081000c7   Thumb Code     0  startup_stm32h743xx.o(.text)
    FMC_IRQHandler                           0x081000c7   Thumb Code     0  startup_stm32h743xx.o(.text)
    FPU_IRQHandler                           0x081000c7   Thumb Code     0  startup_stm32h743xx.o(.text)
    HRTIM1_FLT_IRQHandler                    0x081000c7   Thumb Code     0  startup_stm32h743xx.o(.text)
    HRTIM1_Master_IRQHandler                 0x081000c7   Thumb Code     0  startup_stm32h743xx.o(.text)
    HRTIM1_TIMA_IRQHandler                   0x081000c7   Thumb Code     0  startup_stm32h743xx.o(.text)
    HRTIM1_TIMB_IRQHandler                   0x081000c7   Thumb Code     0  startup_stm32h743xx.o(.text)
    HRTIM1_TIMC_IRQHandler                   0x081000c7   Thumb Code     0  startup_stm32h743xx.o(.text)
    HRTIM1_TIMD_IRQHandler                   0x081000c7   Thumb Code     0  startup_stm32h743xx.o(.text)
    HRTIM1_TIME_IRQHandler                   0x081000c7   Thumb Code     0  startup_stm32h743xx.o(.text)
    HSEM1_IRQHandler                         0x081000c7   Thumb Code     0  startup_stm32h743xx.o(.text)
    I2C1_ER_IRQHandler                       0x081000c7   Thumb Code     0  startup_stm32h743xx.o(.text)
    I2C1_EV_IRQHandler                       0x081000c7   Thumb Code     0  startup_stm32h743xx.o(.text)
    I2C2_ER_IRQHandler                       0x081000c7   Thumb Code     0  startup_stm32h743xx.o(.text)
    I2C2_EV_IRQHandler                       0x081000c7   Thumb Code     0  startup_stm32h743xx.o(.text)
    I2C3_ER_IRQHandler                       0x081000c7   Thumb Code     0  startup_stm32h743xx.o(.text)
    I2C3_EV_IRQHandler                       0x081000c7   Thumb Code     0  startup_stm32h743xx.o(.text)
    I2C4_ER_IRQHandler                       0x081000c7   Thumb Code     0  startup_stm32h743xx.o(.text)
    I2C4_EV_IRQHandler                       0x081000c7   Thumb Code     0  startup_stm32h743xx.o(.text)
    JPEG_IRQHandler                          0x081000c7   Thumb Code     0  startup_stm32h743xx.o(.text)
    LPTIM1_IRQHandler                        0x081000c7   Thumb Code     0  startup_stm32h743xx.o(.text)
    LPTIM2_IRQHandler                        0x081000c7   Thumb Code     0  startup_stm32h743xx.o(.text)
    LPTIM3_IRQHandler                        0x081000c7   Thumb Code     0  startup_stm32h743xx.o(.text)
    LPTIM4_IRQHandler                        0x081000c7   Thumb Code     0  startup_stm32h743xx.o(.text)
    LPTIM5_IRQHandler                        0x081000c7   Thumb Code     0  startup_stm32h743xx.o(.text)
    LPUART1_IRQHandler                       0x081000c7   Thumb Code     0  startup_stm32h743xx.o(.text)
    LTDC_ER_IRQHandler                       0x081000c7   Thumb Code     0  startup_stm32h743xx.o(.text)
    LTDC_IRQHandler                          0x081000c7   Thumb Code     0  startup_stm32h743xx.o(.text)
    MDIOS_IRQHandler                         0x081000c7   Thumb Code     0  startup_stm32h743xx.o(.text)
    MDIOS_WKUP_IRQHandler                    0x081000c7   Thumb Code     0  startup_stm32h743xx.o(.text)
    MDMA_IRQHandler                          0x081000c7   Thumb Code     0  startup_stm32h743xx.o(.text)
    OTG_FS_EP1_IN_IRQHandler                 0x081000c7   Thumb Code     0  startup_stm32h743xx.o(.text)
    OTG_FS_EP1_OUT_IRQHandler                0x081000c7   Thumb Code     0  startup_stm32h743xx.o(.text)
    OTG_FS_IRQHandler                        0x081000c7   Thumb Code     0  startup_stm32h743xx.o(.text)
    OTG_FS_WKUP_IRQHandler                   0x081000c7   Thumb Code     0  startup_stm32h743xx.o(.text)
    OTG_HS_EP1_IN_IRQHandler                 0x081000c7   Thumb Code     0  startup_stm32h743xx.o(.text)
    OTG_HS_EP1_OUT_IRQHandler                0x081000c7   Thumb Code     0  startup_stm32h743xx.o(.text)
    OTG_HS_IRQHandler                        0x081000c7   Thumb Code     0  startup_stm32h743xx.o(.text)
    OTG_HS_WKUP_IRQHandler                   0x081000c7   Thumb Code     0  startup_stm32h743xx.o(.text)
    PVD_AVD_IRQHandler                       0x081000c7   Thumb Code     0  startup_stm32h743xx.o(.text)
    QUADSPI_IRQHandler                       0x081000c7   Thumb Code     0  startup_stm32h743xx.o(.text)
    RCC_IRQHandler                           0x081000c7   Thumb Code     0  startup_stm32h743xx.o(.text)
    RNG_IRQHandler                           0x081000c7   Thumb Code     0  startup_stm32h743xx.o(.text)
    RTC_Alarm_IRQHandler                     0x081000c7   Thumb Code     0  startup_stm32h743xx.o(.text)
    RTC_WKUP_IRQHandler                      0x081000c7   Thumb Code     0  startup_stm32h743xx.o(.text)
    SAI1_IRQHandler                          0x081000c7   Thumb Code     0  startup_stm32h743xx.o(.text)
    SAI2_IRQHandler                          0x081000c7   Thumb Code     0  startup_stm32h743xx.o(.text)
    SAI3_IRQHandler                          0x081000c7   Thumb Code     0  startup_stm32h743xx.o(.text)
    SAI4_IRQHandler                          0x081000c7   Thumb Code     0  startup_stm32h743xx.o(.text)
    SDMMC1_IRQHandler                        0x081000c7   Thumb Code     0  startup_stm32h743xx.o(.text)
    SDMMC2_IRQHandler                        0x081000c7   Thumb Code     0  startup_stm32h743xx.o(.text)
    SPDIF_RX_IRQHandler                      0x081000c7   Thumb Code     0  startup_stm32h743xx.o(.text)
    SPI1_IRQHandler                          0x081000c7   Thumb Code     0  startup_stm32h743xx.o(.text)
    SPI2_IRQHandler                          0x081000c7   Thumb Code     0  startup_stm32h743xx.o(.text)
    SPI3_IRQHandler                          0x081000c7   Thumb Code     0  startup_stm32h743xx.o(.text)
    SPI4_IRQHandler                          0x081000c7   Thumb Code     0  startup_stm32h743xx.o(.text)
    SPI5_IRQHandler                          0x081000c7   Thumb Code     0  startup_stm32h743xx.o(.text)
    SPI6_IRQHandler                          0x081000c7   Thumb Code     0  startup_stm32h743xx.o(.text)
    SWPMI1_IRQHandler                        0x081000c7   Thumb Code     0  startup_stm32h743xx.o(.text)
    TAMP_STAMP_IRQHandler                    0x081000c7   Thumb Code     0  startup_stm32h743xx.o(.text)
    TIM15_IRQHandler                         0x081000c7   Thumb Code     0  startup_stm32h743xx.o(.text)
    TIM16_IRQHandler                         0x081000c7   Thumb Code     0  startup_stm32h743xx.o(.text)
    TIM17_IRQHandler                         0x081000c7   Thumb Code     0  startup_stm32h743xx.o(.text)
    TIM1_BRK_IRQHandler                      0x081000c7   Thumb Code     0  startup_stm32h743xx.o(.text)
    TIM1_CC_IRQHandler                       0x081000c7   Thumb Code     0  startup_stm32h743xx.o(.text)
    TIM1_TRG_COM_IRQHandler                  0x081000c7   Thumb Code     0  startup_stm32h743xx.o(.text)
    TIM1_UP_IRQHandler                       0x081000c7   Thumb Code     0  startup_stm32h743xx.o(.text)
    TIM2_IRQHandler                          0x081000c7   Thumb Code     0  startup_stm32h743xx.o(.text)
    TIM3_IRQHandler                          0x081000c7   Thumb Code     0  startup_stm32h743xx.o(.text)
    TIM4_IRQHandler                          0x081000c7   Thumb Code     0  startup_stm32h743xx.o(.text)
    TIM5_IRQHandler                          0x081000c7   Thumb Code     0  startup_stm32h743xx.o(.text)
    TIM6_DAC_IRQHandler                      0x081000c7   Thumb Code     0  startup_stm32h743xx.o(.text)
    TIM7_IRQHandler                          0x081000c7   Thumb Code     0  startup_stm32h743xx.o(.text)
    TIM8_BRK_TIM12_IRQHandler                0x081000c7   Thumb Code     0  startup_stm32h743xx.o(.text)
    TIM8_CC_IRQHandler                       0x081000c7   Thumb Code     0  startup_stm32h743xx.o(.text)
    TIM8_TRG_COM_TIM14_IRQHandler            0x081000c7   Thumb Code     0  startup_stm32h743xx.o(.text)
    TIM8_UP_TIM13_IRQHandler                 0x081000c7   Thumb Code     0  startup_stm32h743xx.o(.text)
    UART4_IRQHandler                         0x081000c7   Thumb Code     0  startup_stm32h743xx.o(.text)
    UART5_IRQHandler                         0x081000c7   Thumb Code     0  startup_stm32h743xx.o(.text)
    UART7_IRQHandler                         0x081000c7   Thumb Code     0  startup_stm32h743xx.o(.text)
    UART8_IRQHandler                         0x081000c7   Thumb Code     0  startup_stm32h743xx.o(.text)
    USART6_IRQHandler                        0x081000c7   Thumb Code     0  startup_stm32h743xx.o(.text)
    WAKEUP_PIN_IRQHandler                    0x081000c7   Thumb Code     0  startup_stm32h743xx.o(.text)
    WWDG_IRQHandler                          0x081000c7   Thumb Code     0  startup_stm32h743xx.o(.text)
    __user_initial_stackheap                 0x081000c9   Thumb Code     0  startup_stm32h743xx.o(.text)
    vsprintf                                 0x081000ed   Thumb Code    32  vsprintf.o(.text)
    __aeabi_memcpy                           0x08100111   Thumb Code     0  rt_memcpy_v6.o(.text)
    __rt_memcpy                              0x08100111   Thumb Code   138  rt_memcpy_v6.o(.text)
    _memcpy_lastbytes                        0x08100177   Thumb Code     0  rt_memcpy_v6.o(.text)
    __aeabi_memmove                          0x0810019b   Thumb Code     0  rt_memmove_v6.o(.text)
    __rt_memmove                             0x0810019b   Thumb Code   132  rt_memmove_v6.o(.text)
    __memmove_lastfew                        0x081001fb   Thumb Code     0  rt_memmove_v6.o(.text)
    _printf_pre_padding                      0x0810021f   Thumb Code    44  _printf_pad.o(.text)
    _printf_post_padding                     0x0810024b   Thumb Code    34  _printf_pad.o(.text)
    _printf_str                              0x0810026d   Thumb Code    82  _printf_str.o(.text)
    _printf_int_dec                          0x081002c1   Thumb Code   104  _printf_dec.o(.text)
    _printf_char_common                      0x08100343   Thumb Code    32  _printf_char_common.o(.text)
    _sputc                                   0x08100369   Thumb Code    10  _sputc.o(.text)
    _printf_wctomb                           0x08100375   Thumb Code   182  _printf_wctomb.o(.text)
    _printf_longlong_hex                     0x08100431   Thumb Code    86  _printf_hex_int_ll_ptr.o(.text)
    _printf_int_hex                          0x08100487   Thumb Code    28  _printf_hex_int_ll_ptr.o(.text)
    _printf_ll_hex                           0x081004a3   Thumb Code    12  _printf_hex_int_ll_ptr.o(.text)
    _printf_hex_ptr                          0x081004af   Thumb Code    18  _printf_hex_int_ll_ptr.o(.text)
    __printf                                 0x081004c5   Thumb Code   388  __printf_flags_ss_wp.o(.text)
    _printf_fp_dec_real                      0x0810072b   Thumb Code   618  _printf_fp_dec_accurate.o(.text)
    _printf_fp_hex_real                      0x08100995   Thumb Code   756  _printf_fp_hex.o(.text)
    _printf_cs_common                        0x08100c91   Thumb Code    20  _printf_char.o(.text)
    _printf_char                             0x08100ca5   Thumb Code    16  _printf_char.o(.text)
    _printf_string                           0x08100cb5   Thumb Code     8  _printf_char.o(.text)
    __rt_ctype_table                         0x08100cbd   Thumb Code    16  rt_ctype_table.o(.text)
    strcmp                                   0x08100cd1   Thumb Code   124  strcmpv7m_pel.o(.text)
    __aeabi_llsr                             0x08100d4d   Thumb Code     0  llushr.o(.text)
    _ll_ushift_r                             0x08100d4d   Thumb Code    38  llushr.o(.text)
    _sys_exit                                0x08100d75   Thumb Code     8  sys_exit.o(.text)
    ArrayList_Remove                         0x08100d81   Thumb Code   268  arraylist.o(.text.ArrayList_Remove)
    Cache_Enable                             0x08100e91   Thumb Code    28  sys.o(.text.Cache_Enable)
    GPIO_AF_Set                              0x08100eb1   Thumb Code    66  gpio.o(.text.GPIO_AF_Set)
    LinkedList_Add                           0x08100ef9   Thumb Code   202  linkedlist.o(.text.LinkedList_Add)
    LinkedList_AddtoEnd                      0x08100fc9   Thumb Code    10  linkedlist.o(.text.LinkedList_AddtoEnd)
    MPU_Disable                              0x08100fd9   Thumb Code    26  mpu.o(.text.MPU_Disable)
    MPU_Enable                               0x08100ff9   Thumb Code    22  mpu.o(.text.MPU_Enable)
    MPU_Memory_Protection                    0x08101011   Thumb Code   166  mpu.o(.text.MPU_Memory_Protection)
    MPU_Set_Protection                       0x081010b9   Thumb Code    92  mpu.o(.text.MPU_Set_Protection)
    MY_NVIC_SetVectorTable                   0x08101119   Thumb Code    20  sys.o(.text.MY_NVIC_SetVectorTable)
    Memory_Free                              0x08101131   Thumb Code    68  memory.o(.text.Memory_Free)
    Memory_Malloc                            0x08101179   Thumb Code   152  memory.o(.text.Memory_Malloc)
    TYOS_Kernel_Prepare                      0x081012a1   Thumb Code   508  tyos_kernel.o(.text.TYOS_Kernel_Prepare)
    TYOS_Process_Start                       0x081014a1   Thumb Code    42  tyos_kernel.o(.text.TYOS_Process_Start)
    TYOS_Process_Wait_Time                   0x081014d1   Thumb Code   272  tyos_kernel.o(.text.TYOS_Process_Wait_Time)
    Task2                                    0x081015e1   Thumb Code    44  main.o(.text.Task2)
    Task4                                    0x08101619   Thumb Code    52  main.o(.text.Task4)
    USART3_IRQHandler                        0x08101659   Thumb Code    38  usart.o(.text.USART3_IRQHandler)
    USART_Printf                             0x08101681   Thumb Code    48  usart.o(.text.USART_Printf)
    _TYOS_Process_Switch                     0x081016b1   Thumb Code   132  tyos_kernel.o(.text._TYOS_Process_Switch)
    _USART_Send_String                       0x08101739   Thumb Code    32  usart.o(.text._USART_Send_String)
    main                                     0x08101759   Thumb Code   216  main.o(.text.main)
    TYOS_Start                               0x08101839   Thumb Code     0  tyos_assembly.o(TYOS)
    PendSV_Handler                           0x0810185d   Thumb Code     0  tyos_assembly.o(TYOS)
    SVC_Handler                              0x08101897   Thumb Code     0  tyos_assembly.o(TYOS)
    Short Thumb to Thumb Veneer to _printf_charcount 0x081018b1   Thumb Code     4  anon$$obj.o(Veneer$$Code)
    Short Thumb to Thumb Veneer to _printf_fp_dec 0x081018b5   Thumb Code     4  anon$$obj.o(Veneer$$Code)
    Short Thumb to Thumb Veneer to _printf_fp_hex 0x081018b9   Thumb Code     4  anon$$obj.o(Veneer$$Code)
    Short Thumb to Thumb Veneer to _printf_int_oct 0x081018bd   Thumb Code     4  anon$$obj.o(Veneer$$Code)
    Short Thumb to Thumb Veneer to _printf_longlong_dec 0x081018c1   Thumb Code     4  anon$$obj.o(Veneer$$Code)
    Short Thumb to Thumb Veneer to _printf_ll_oct 0x081018c5   Thumb Code     4  anon$$obj.o(Veneer$$Code)
    Short Thumb to Thumb Veneer to _printf_wchar 0x081018c9   Thumb Code     4  anon$$obj.o(Veneer$$Code)
    Short Thumb to Thumb Veneer to _printf_wstring 0x081018cd   Thumb Code     4  anon$$obj.o(Veneer$$Code)
    Short Thumb to Thumb Veneer to __aeabi_memcpy4 0x081018d1   Thumb Code     4  anon$$obj.o(Veneer$$Code)
    Short Thumb to Thumb Veneer to __memmove_aligned 0x081018d5   Thumb Code     4  anon$$obj.o(Veneer$$Code)
    _get_lc_numeric                          0x081018d9   Thumb Code    44  lc_numeric_c.o(locale$$code)
    __ieee_status                            0x08101905   Thumb Code    28  istatus.o(x$fpl$ieeestatus)
    IRAM1_Heap                               0x24010000   Data           4  memory.o(.data.IRAM1_Heap)
    IRAM2_Heap                               0x24010004   Data           4  memory.o(.data.IRAM2_Heap)
    __libspace_start                         0x24010008   Data          96  libspace.o(.bss)
    USART1_Interrupt_CallbackFunc            0x24010068   Data           4  usart.o(.bss.USART1_Interrupt_CallbackFunc)
    __temporary_stack_top$libspace           0x24010068   Data           0  libspace.o(.bss)
    USART2_Interrupt_CallbackFunc            0x2401006c   Data           4  usart.o(.bss.USART2_Interrupt_CallbackFunc)
    USART3_Interrupt_CallbackFunc            0x24010070   Data           4  usart.o(.bss.USART3_Interrupt_CallbackFunc)
    USART_Cache                              0x24010074   Data        1024  usart.o(.bss.USART_Cache)
    heap0                                    0x24010474   Data          16  memory.o(.bss.heap0)
    heap1                                    0x24010484   Data          16  memory.o(.bss.heap1)
    heap5                                    0x24010494   Data          16  memory.o(.bss.heap5)
    my_os                                    0x240104a8   Data          80  tyos_kernel.o(.bss.my_os)
    p1                                       0x240104f8   Data           4  main.o(.bss.p1)
    p2                                       0x240104fc   Data           4  main.o(.bss.p2)
    p3                                       0x24010500   Data           4  main.o(.bss.p3)
    p4                                       0x24010504   Data           4  main.o(.bss.p4)
    sys_p                                    0x24010508   Data           4  tyos_kernel.o(.bss.sys_p)



==============================================================================

Memory Map of the image

  Image Entry point : 0x08000299

  Load Region LR_IROM1 (Base: 0x08000000, Size: 0x000019a0, Max: 0x00100000, ABSOLUTE)

    Execution Region ER_IROM1 (Exec base: 0x08000000, Load base: 0x08000000, Size: 0x00001994, Max: 0x00100000, ABSOLUTE)

    Exec Addr    Load Addr    Size         Type   Attr      Idx    E Section Name        Object

    0x08000000   0x08000000   0x00000298   Data   RO           30    RESET               startup_stm32h743xx.o
    0x08000298   0x08000298   0x00000008   Code   RO          819  * !!!main             c_w.l(__main.o)
    0x080002a0   0x080002a0   0x00000034   Code   RO         1311    !!!scatter          c_w.l(__scatter.o)
    0x080002d4   0x080002d4   0x0000001a   Code   RO         1313    !!handler_copy      c_w.l(__scatter_copy.o)
    0x080002ee   0x080002ee   0x00000002   PAD
    0x080002f0   0x080002f0   0x0000001c   Code   RO         1315    !!handler_zi        c_w.l(__scatter_zi.o)
    0x0800030c   0x0800030c   0x00000002   Code   RO         1095    .ARM.Collect$$libinit$$00000000  c_w.l(libinit.o)
    0x0800030e   0x0800030e   0x00000004   Code   RO         1131    .ARM.Collect$$libinit$$00000001  c_w.l(libinit2.o)
    0x08000312   0x08000312   0x00000000   Code   RO         1134    .ARM.Collect$$libinit$$00000004  c_w.l(libinit2.o)
    0x08000312   0x08000312   0x00000000   Code   RO         1137    .ARM.Collect$$libinit$$0000000A  c_w.l(libinit2.o)
    0x08000312   0x08000312   0x00000000   Code   RO         1139    .ARM.Collect$$libinit$$0000000C  c_w.l(libinit2.o)
    0x08000312   0x08000312   0x00000000   Code   RO         1141    .ARM.Collect$$libinit$$0000000E  c_w.l(libinit2.o)
    0x08000312   0x08000312   0x00000006   Code   RO         1142    .ARM.Collect$$libinit$$0000000F  c_w.l(libinit2.o)
    0x08000318   0x08000318   0x00000000   Code   RO         1144    .ARM.Collect$$libinit$$00000011  c_w.l(libinit2.o)
    0x08000318   0x08000318   0x0000000c   Code   RO         1145    .ARM.Collect$$libinit$$00000012  c_w.l(libinit2.o)
    0x08000324   0x08000324   0x00000000   Code   RO         1146    .ARM.Collect$$libinit$$00000013  c_w.l(libinit2.o)
    0x08000324   0x08000324   0x00000000   Code   RO         1148    .ARM.Collect$$libinit$$00000015  c_w.l(libinit2.o)
    0x08000324   0x08000324   0x0000000a   Code   RO         1149    .ARM.Collect$$libinit$$00000016  c_w.l(libinit2.o)
    0x0800032e   0x0800032e   0x00000000   Code   RO         1150    .ARM.Collect$$libinit$$00000017  c_w.l(libinit2.o)
    0x0800032e   0x0800032e   0x00000000   Code   RO         1152    .ARM.Collect$$libinit$$00000019  c_w.l(libinit2.o)
    0x0800032e   0x0800032e   0x00000000   Code   RO         1154    .ARM.Collect$$libinit$$0000001B  c_w.l(libinit2.o)
    0x0800032e   0x0800032e   0x00000000   Code   RO         1156    .ARM.Collect$$libinit$$0000001D  c_w.l(libinit2.o)
    0x0800032e   0x0800032e   0x00000000   Code   RO         1158    .ARM.Collect$$libinit$$0000001F  c_w.l(libinit2.o)
    0x0800032e   0x0800032e   0x00000000   Code   RO         1160    .ARM.Collect$$libinit$$00000021  c_w.l(libinit2.o)
    0x0800032e   0x0800032e   0x00000000   Code   RO         1162    .ARM.Collect$$libinit$$00000023  c_w.l(libinit2.o)
    0x0800032e   0x0800032e   0x00000000   Code   RO         1164    .ARM.Collect$$libinit$$00000025  c_w.l(libinit2.o)
    0x0800032e   0x0800032e   0x00000000   Code   RO         1168    .ARM.Collect$$libinit$$0000002C  c_w.l(libinit2.o)
    0x0800032e   0x0800032e   0x00000000   Code   RO         1170    .ARM.Collect$$libinit$$0000002E  c_w.l(libinit2.o)
    0x0800032e   0x0800032e   0x00000000   Code   RO         1172    .ARM.Collect$$libinit$$00000030  c_w.l(libinit2.o)
    0x0800032e   0x0800032e   0x00000000   Code   RO         1174    .ARM.Collect$$libinit$$00000032  c_w.l(libinit2.o)
    0x0800032e   0x0800032e   0x00000002   Code   RO         1175    .ARM.Collect$$libinit$$00000033  c_w.l(libinit2.o)
    0x08000330   0x08000330   0x00000002   Code   RO         1213    .ARM.Collect$$libshutdown$$00000000  c_w.l(libshutdown.o)
    0x08000332   0x08000332   0x00000000   Code   RO         1244    .ARM.Collect$$libshutdown$$00000002  c_w.l(libshutdown2.o)
    0x08000332   0x08000332   0x00000000   Code   RO         1246    .ARM.Collect$$libshutdown$$00000004  c_w.l(libshutdown2.o)
    0x08000332   0x08000332   0x00000000   Code   RO         1249    .ARM.Collect$$libshutdown$$00000007  c_w.l(libshutdown2.o)
    0x08000332   0x08000332   0x00000000   Code   RO         1252    .ARM.Collect$$libshutdown$$0000000A  c_w.l(libshutdown2.o)
    0x08000332   0x08000332   0x00000000   Code   RO         1254    .ARM.Collect$$libshutdown$$0000000C  c_w.l(libshutdown2.o)
    0x08000332   0x08000332   0x00000000   Code   RO         1257    .ARM.Collect$$libshutdown$$0000000F  c_w.l(libshutdown2.o)
    0x08000332   0x08000332   0x00000002   Code   RO         1258    .ARM.Collect$$libshutdown$$00000010  c_w.l(libshutdown2.o)
    0x08000334   0x08000334   0x00000000   Code   RO          839    .ARM.Collect$$rtentry$$00000000  c_w.l(__rtentry.o)
    0x08000334   0x08000334   0x00000000   Code   RO          984    .ARM.Collect$$rtentry$$00000002  c_w.l(__rtentry2.o)
    0x08000334   0x08000334   0x00000006   Code   RO          996    .ARM.Collect$$rtentry$$00000004  c_w.l(__rtentry4.o)
    0x0800033a   0x0800033a   0x00000000   Code   RO          986    .ARM.Collect$$rtentry$$00000009  c_w.l(__rtentry2.o)
    0x0800033a   0x0800033a   0x00000004   Code   RO          987    .ARM.Collect$$rtentry$$0000000A  c_w.l(__rtentry2.o)
    0x0800033e   0x0800033e   0x00000000   Code   RO          989    .ARM.Collect$$rtentry$$0000000C  c_w.l(__rtentry2.o)
    0x0800033e   0x0800033e   0x00000008   Code   RO          990    .ARM.Collect$$rtentry$$0000000D  c_w.l(__rtentry2.o)
    0x08000346   0x08000346   0x00000002   Code   RO         1118    .ARM.Collect$$rtexit$$00000000  c_w.l(rtexit.o)
    0x08000348   0x08000348   0x00000000   Code   RO         1183    .ARM.Collect$$rtexit$$00000002  c_w.l(rtexit2.o)
    0x08000348   0x08000348   0x00000004   Code   RO         1184    .ARM.Collect$$rtexit$$00000003  c_w.l(rtexit2.o)
    0x0800034c   0x0800034c   0x00000006   Code   RO         1185    .ARM.Collect$$rtexit$$00000004  c_w.l(rtexit2.o)
    0x08000352   0x08000352   0x00000006   Code   RO          817    .text               c_w.l(heapauxi.o)
    0x08000358   0x08000358   0x00000024   Code   RO          846    .text               c_w.l(_printf_truncate.o)
    0x0800037c   0x0800037c   0x00000028   Code   RO          852    .text               c_w.l(_printf_charcount.o)
    0x080003a4   0x080003a4   0x0000007c   Code   RO          861    .text               c_w.l(_printf_longlong_dec.o)
    0x08000420   0x08000420   0x00000070   Code   RO          867    .text               c_w.l(_printf_oct_int_ll.o)
    0x08000490   0x08000490   0x00000064   Code   RO          949    .text               c_w.l(rt_memcpy_w.o)
    0x080004f4   0x080004f4   0x0000007a   Code   RO          951    .text               c_w.l(rt_memmove_w.o)
    0x0800056e   0x0800056e   0x0000008a   Code   RO         1003    .text               c_w.l(lludiv10.o)
    0x080005f8   0x080005f8   0x000000b2   Code   RO         1007    .text               c_w.l(_printf_intcommon.o)
    0x080006aa   0x080006aa   0x0000002c   Code   RO         1020    .text               c_w.l(_printf_wchar.o)
    0x080006d6   0x080006d6   0x00000048   Code   RO         1035    .text               c_w.l(_c16rtomb.o)
    0x0800071e   0x0800071e   0x00000002   PAD
    0x08000720   0x08000720   0x00000008   Code   RO         1037    .text               c_w.l(libspace.o)
    0x08000728   0x08000728   0x0000004a   Code   RO         1040    .text               c_w.l(sys_stackheap_outer.o)
    0x08000772   0x08000772   0x00000002   PAD
    0x08000774   0x08000774   0x00000008   Code   RO         1047    .text               c_w.l(rt_locale_intlibspace.o)
    0x0800077c   0x0800077c   0x00000080   Code   RO         1051    .text               c_w.l(_printf_fp_infnan.o)
    0x080007fc   0x080007fc   0x000001a6   Code   RO         1078    .text               c_w.l(btod_accurate.o)
    0x080009a2   0x080009a2   0x00000012   Code   RO         1086    .text               c_w.l(exit.o)
    0x080009b4   0x080009b4   0x00000324   Code   RO         1124    .text               c_w.l(btod_accurate_common.o)
    0x08000cd8   0x08000cd8   0x00000002   Code   RO         1234    .text               c_w.l(use_no_semi.o)
    0x08000cda   0x08000cda   0x00000000   Code   RO         1236    .text               c_w.l(indicate_semi.o)
    0x08000cda   0x08000cda   0x00000006   PAD
    0x08000ce0   0x08000ce0   0x000000d4   Code   RO          202    .text.ArrayList_Insert  arraylist.o
    0x08000db4   0x08000db4   0x00000004   PAD
    0x08000db8   0x08000db8   0x00000094   Code   RO           89    .text.GPIO_Set      gpio.o
    0x08000e4c   0x08000e4c   0x00000004   PAD
    0x08000e50   0x08000e50   0x0000005a   Code   RO          147    .text.LinkedList_AddBehind  linkedlist.o
    0x08000eaa   0x08000eaa   0x00000006   PAD
    0x08000eb0   0x08000eb0   0x0000008c   Code   RO          141    .text.LinkedList_Find  linkedlist.o
    0x08000f3c   0x08000f3c   0x00000004   PAD
    0x08000f40   0x08000f40   0x0000001a   Code   RO          384    .text.MPU_Convert_Bytes_To_POT  mpu.o
    0x08000f5a   0x08000f5a   0x00000006   PAD
    0x08000f60   0x08000f60   0x00000002   Code   RO          390    .text.MemManage_Handler  mpu.o
    0x08000f62   0x08000f62   0x00000006   PAD
    0x08000f68   0x08000f68   0x0000003e   Code   RO          175    .text.Memory_Heap_Init  memory.o
    0x08000fa6   0x08000fa6   0x00000002   PAD
    0x08000fa8   0x08000fa8   0x0000008a   Code   RO          173    .text.Memory_Init   memory.o
    0x08001032   0x08001032   0x00000006   PAD
    0x08001038   0x08001038   0x0000005e   Code   RO          240    .text.SCB_EnableDCache  sys.o
    0x08001096   0x08001096   0x00000002   PAD
    0x08001098   0x08001098   0x00000030   Code   RO          238    .text.SCB_EnableICache  sys.o
    0x080010c8   0x080010c8   0x00000056   Code   RO          244    .text.Stm32_Clock_Init  sys.o
    0x0800111e   0x0800111e   0x00000002   PAD
    0x08001120   0x08001120   0x000000c4   Code   RO          416    .text.SysTick_Handler  tyos_kernel.o
    0x080011e4   0x080011e4   0x00000004   PAD
    0x080011e8   0x080011e8   0x00000218   Code   RO          242    .text.Sys_Clock_Set  sys.o
    0x08001400   0x08001400   0x00000034   Code   RO          400    .text.System_Process  tyos_kernel.o
    0x08001434   0x08001434   0x00000004   PAD
    0x08001438   0x08001438   0x00000122   Code   RO          402    .text.TYOS_Create_Process  tyos_kernel.o
    0x0800155a   0x0800155a   0x00000006   PAD
    0x08001560   0x08001560   0x00000038   Code   RO            8    .text.Task1         main.o
    0x08001598   0x08001598   0x00000040   Code   RO           12    .text.Task3         main.o
    0x080015d8   0x080015d8   0x00000026   Code   RO           58    .text.USART1_IRQHandler  usart.o
    0x080015fe   0x080015fe   0x00000002   PAD
    0x08001600   0x08001600   0x00000026   Code   RO           60    .text.USART2_IRQHandler  usart.o
    0x08001626   0x08001626   0x00000002   PAD
    0x08001628   0x08001628   0x000000fc   Code   RO           40    .text.USART_Init    usart.o
    0x08001724   0x08001724   0x00000004   PAD
    0x08001728   0x08001728   0x00000024   Code   RO           46    .text.USART_Send_Data_Flow  usart.o
    0x0800174c   0x0800174c   0x00000004   PAD
    0x08001750   0x08001750   0x00000002   Code   RO          418    .text._TYOS_SVC_Handler_C  tyos_kernel.o
    0x08001752   0x08001752   0x00000006   PAD
    0x08001758   0x08001758   0x00000012   Code   RO          412    .text.__NVIC_SetPriority  tyos_kernel.o
    0x0800176a   0x0800176a   0x00000006   PAD
    0x08001770   0x08001770   0x0000001e   Code   RO          410    .text.__NVIC_SetPriorityGrouping  tyos_kernel.o
    0x0800178e   0x0800178e   0x00000030   Code   RO         1108    i.__ARM_fpclassify  m_wv.l(fpclassify.o)
    0x080017be   0x080017be   0x0000000e   Code   RO          900    i._is_digit         c_w.l(__printf_wp.o)
    0x080017cc   0x080017cc   0x0000002c   Code   RO         1127    locale$$code        c_w.l(lc_ctype_c.o)
    0x080017f8   0x080017f8   0x00000016   Code   RO         1193    x$fpl$fpinit        g_wv.l(fpinit.o)
    0x0800180e   0x0800180e   0x00000004   Code   RO          953    x$fpl$printf1       g_wv.l(printf1.o)
    0x08001812   0x08001812   0x00000004   Code   RO          955    x$fpl$printf2       g_wv.l(printf2.o)
    0x08001816   0x08001816   0x00000000   Code   RO          963    x$fpl$usenofp       g_wv.l(usenofp.o)
    0x08001816   0x08001816   0x00000002   PAD
    0x08001818   0x08001818   0x00000008   Data   RO          859    .constdata          c_w.l(_printf_wctomb.o)
    0x08001820   0x08001820   0x00000026   Data   RO         1014    .constdata          c_w.l(_printf_fp_hex.o)
    0x08001846   0x08001846   0x00000002   PAD
    0x08001848   0x08001848   0x00000020   Data   RO         1310    Region$$Table       anon$$obj.o
    0x08001868   0x08001868   0x0000001c   Data   RO         1083    locale$$data        c_w.l(lc_numeric_c.o)
    0x08001884   0x08001884   0x00000110   Data   RO         1126    locale$$data        c_w.l(lc_ctype_c.o)


    Execution Region RW_IRAM1 (Exec base: 0x20010000, Load base: 0x08001994, Size: 0x00000000, Max: 0x00010000, ABSOLUTE)

    **** No section assigned to this execution region ****


    Execution Region RW_IRAM2 (Exec base: 0x24010000, Load base: 0x08001998, Size: 0x00002510, Max: 0x00070000, ABSOLUTE)

    Exec Addr    Load Addr    Size         Type   Attr      Idx    E Section Name        Object

    0x24010000   0x08001998   0x00000004   Data   RW          185    .data.IRAM1_Heap    memory.o
    0x24010004   0x0800199c   0x00000004   Data   RW          186    .data.IRAM2_Heap    memory.o
    0x24010008        -       0x00000060   Zero   RW         1038    .bss                c_w.l(libspace.o)
    0x24010068        -       0x00000004   Zero   RW           68    .bss.USART1_Interrupt_CallbackFunc  usart.o
    0x2401006c        -       0x00000004   Zero   RW           69    .bss.USART2_Interrupt_CallbackFunc  usart.o
    0x24010070        -       0x00000004   Zero   RW           70    .bss.USART3_Interrupt_CallbackFunc  usart.o
    0x24010074        -       0x00000400   Zero   RW           71    .bss.USART_Cache    usart.o
    0x24010474        -       0x00000010   Zero   RW          188    .bss.heap0          memory.o
    0x24010484        -       0x00000010   Zero   RW          189    .bss.heap1          memory.o
    0x24010494        -       0x00000010   Zero   RW          187    .bss.heap5          memory.o
    0x240104a4   0x080019a0   0x00000004   PAD
    0x240104a8        -       0x00000050   Zero   RW          421    .bss.my_os          tyos_kernel.o
    0x240104f8        -       0x00000004   Zero   RW           16    .bss.p1             main.o
    0x240104fc        -       0x00000004   Zero   RW           17    .bss.p2             main.o
    0x24010500        -       0x00000004   Zero   RW           18    .bss.p3             main.o
    0x24010504        -       0x00000004   Zero   RW           19    .bss.p4             main.o
    0x24010508        -       0x00000004   Zero   RW          422    .bss.sys_p          tyos_kernel.o
    0x2401050c   0x080019a0   0x00000004   PAD
    0x24010510        -       0x00000000   Zero   RW           29    HEAP                startup_stm32h743xx.o
    0x24010510        -       0x00002000   Zero   RW           28    STACK               startup_stm32h743xx.o



  Load Region LR_IROM2 (Base: 0x08100000, Size: 0x00001960, Max: 0x00100000, ABSOLUTE)

    Execution Region ER_IROM2 (Exec base: 0x08100000, Load base: 0x08100000, Size: 0x00001960, Max: 0x00100000, ABSOLUTE)

    Exec Addr    Load Addr    Size         Type   Attr      Idx    E Section Name        Object

    0x08100000   0x08100000   0x00000000   Code   RO          923    .ARM.Collect$$_printf_percent$$00000000  c_w.l(_printf_percent.o)
    0x08100000   0x08100000   0x00000006   Code   RO          912    .ARM.Collect$$_printf_percent$$00000001  c_w.l(_printf_n.o)
    0x08100006   0x08100006   0x00000006   Code   RO          914    .ARM.Collect$$_printf_percent$$00000002  c_w.l(_printf_p.o)
    0x0810000c   0x0810000c   0x00000006   Code   RO          919    .ARM.Collect$$_printf_percent$$00000003  c_w.l(_printf_f.o)
    0x08100012   0x08100012   0x00000006   Code   RO          920    .ARM.Collect$$_printf_percent$$00000004  c_w.l(_printf_e.o)
    0x08100018   0x08100018   0x00000006   Code   RO          921    .ARM.Collect$$_printf_percent$$00000005  c_w.l(_printf_g.o)
    0x0810001e   0x0810001e   0x00000006   Code   RO          922    .ARM.Collect$$_printf_percent$$00000006  c_w.l(_printf_a.o)
    0x08100024   0x08100024   0x0000000a   Code   RO          927    .ARM.Collect$$_printf_percent$$00000007  c_w.l(_printf_ll.o)
    0x0810002e   0x0810002e   0x00000006   Code   RO          916    .ARM.Collect$$_printf_percent$$00000008  c_w.l(_printf_i.o)
    0x08100034   0x08100034   0x00000006   Code   RO          917    .ARM.Collect$$_printf_percent$$00000009  c_w.l(_printf_d.o)
    0x0810003a   0x0810003a   0x00000006   Code   RO          918    .ARM.Collect$$_printf_percent$$0000000A  c_w.l(_printf_u.o)
    0x08100040   0x08100040   0x00000006   Code   RO          915    .ARM.Collect$$_printf_percent$$0000000B  c_w.l(_printf_o.o)
    0x08100046   0x08100046   0x00000006   Code   RO          913    .ARM.Collect$$_printf_percent$$0000000C  c_w.l(_printf_x.o)
    0x0810004c   0x0810004c   0x00000006   Code   RO          924    .ARM.Collect$$_printf_percent$$0000000D  c_w.l(_printf_lli.o)
    0x08100052   0x08100052   0x00000006   Code   RO          925    .ARM.Collect$$_printf_percent$$0000000E  c_w.l(_printf_lld.o)
    0x08100058   0x08100058   0x00000006   Code   RO          926    .ARM.Collect$$_printf_percent$$0000000F  c_w.l(_printf_llu.o)
    0x0810005e   0x0810005e   0x00000006   Code   RO          931    .ARM.Collect$$_printf_percent$$00000010  c_w.l(_printf_llo.o)
    0x08100064   0x08100064   0x00000006   Code   RO          932    .ARM.Collect$$_printf_percent$$00000011  c_w.l(_printf_llx.o)
    0x0810006a   0x0810006a   0x0000000a   Code   RO          928    .ARM.Collect$$_printf_percent$$00000012  c_w.l(_printf_l.o)
    0x08100074   0x08100074   0x00000006   Code   RO          910    .ARM.Collect$$_printf_percent$$00000013  c_w.l(_printf_c.o)
    0x0810007a   0x0810007a   0x00000006   Code   RO          911    .ARM.Collect$$_printf_percent$$00000014  c_w.l(_printf_s.o)
    0x08100080   0x08100080   0x00000006   Code   RO          929    .ARM.Collect$$_printf_percent$$00000015  c_w.l(_printf_lc.o)
    0x08100086   0x08100086   0x00000006   Code   RO          930    .ARM.Collect$$_printf_percent$$00000016  c_w.l(_printf_ls.o)
    0x0810008c   0x0810008c   0x00000004   Code   RO         1022    .ARM.Collect$$_printf_percent$$00000017  c_w.l(_printf_percent_end.o)
    0x08100090   0x08100090   0x0000005c   Code   RO           31    .text               startup_stm32h743xx.o
    0x081000ec   0x081000ec   0x00000024   Code   RO          807    .text               c_w.l(vsprintf.o)
    0x08100110   0x08100110   0x0000008a   Code   RO          811    .text               c_w.l(rt_memcpy_v6.o)
    0x0810019a   0x0810019a   0x00000084   Code   RO          813    .text               c_w.l(rt_memmove_v6.o)
    0x0810021e   0x0810021e   0x0000004e   Code   RO          844    .text               c_w.l(_printf_pad.o)
    0x0810026c   0x0810026c   0x00000052   Code   RO          848    .text               c_w.l(_printf_str.o)
    0x081002be   0x081002be   0x00000002   PAD
    0x081002c0   0x081002c0   0x00000078   Code   RO          850    .text               c_w.l(_printf_dec.o)
    0x08100338   0x08100338   0x00000030   Code   RO          854    .text               c_w.l(_printf_char_common.o)
    0x08100368   0x08100368   0x0000000a   Code   RO          856    .text               c_w.l(_sputc.o)
    0x08100372   0x08100372   0x00000002   PAD
    0x08100374   0x08100374   0x000000bc   Code   RO          858    .text               c_w.l(_printf_wctomb.o)
    0x08100430   0x08100430   0x00000094   Code   RO          887    .text               c_w.l(_printf_hex_int_ll_ptr.o)
    0x081004c4   0x081004c4   0x00000188   Code   RO          907    .text               c_w.l(__printf_flags_ss_wp.o)
    0x0810064c   0x0810064c   0x00000348   Code   RO         1011    .text               c_w.l(_printf_fp_dec_accurate.o)
    0x08100994   0x08100994   0x000002fc   Code   RO         1013    .text               c_w.l(_printf_fp_hex.o)
    0x08100c90   0x08100c90   0x0000002c   Code   RO         1018    .text               c_w.l(_printf_char.o)
    0x08100cbc   0x08100cbc   0x00000010   Code   RO         1042    .text               c_w.l(rt_ctype_table.o)
    0x08100ccc   0x08100ccc   0x00000004   PAD
    0x08100cd0   0x08100cd0   0x0000007c   Code   RO         1129    .text               c_w.l(strcmpv7m_pel.o)
    0x08100d4c   0x08100d4c   0x00000026   Code   RO         1189    .text               c_w.l(llushr.o)
    0x08100d72   0x08100d72   0x00000002   PAD
    0x08100d74   0x08100d74   0x0000000c   Code   RO         1203    .text               c_w.l(sys_exit.o)
    0x08100d80   0x08100d80   0x0000010c   Code   RO          204    .text.ArrayList_Remove  arraylist.o
    0x08100e8c   0x08100e8c   0x00000004   PAD
    0x08100e90   0x08100e90   0x0000001c   Code   RO          236    .text.Cache_Enable  sys.o
    0x08100eac   0x08100eac   0x00000004   PAD
    0x08100eb0   0x08100eb0   0x00000042   Code   RO           91    .text.GPIO_AF_Set   gpio.o
    0x08100ef2   0x08100ef2   0x00000006   PAD
    0x08100ef8   0x08100ef8   0x000000ca   Code   RO          143    .text.LinkedList_Add  linkedlist.o
    0x08100fc2   0x08100fc2   0x00000006   PAD
    0x08100fc8   0x08100fc8   0x0000000a   Code   RO          151    .text.LinkedList_AddtoEnd  linkedlist.o
    0x08100fd2   0x08100fd2   0x00000006   PAD
    0x08100fd8   0x08100fd8   0x0000001a   Code   RO          380    .text.MPU_Disable   mpu.o
    0x08100ff2   0x08100ff2   0x00000006   PAD
    0x08100ff8   0x08100ff8   0x00000016   Code   RO          382    .text.MPU_Enable    mpu.o
    0x0810100e   0x0810100e   0x00000002   PAD
    0x08101010   0x08101010   0x000000a6   Code   RO          388    .text.MPU_Memory_Protection  mpu.o
    0x081010b6   0x081010b6   0x00000002   PAD
    0x081010b8   0x081010b8   0x0000005c   Code   RO          386    .text.MPU_Set_Protection  mpu.o
    0x08101114   0x08101114   0x00000004   PAD
    0x08101118   0x08101118   0x00000014   Code   RO          216    .text.MY_NVIC_SetVectorTable  sys.o
    0x0810112c   0x0810112c   0x00000004   PAD
    0x08101130   0x08101130   0x00000044   Code   RO          179    .text.Memory_Free   memory.o
    0x08101174   0x08101174   0x00000004   PAD
    0x08101178   0x08101178   0x00000098   Code   RO          177    .text.Memory_Malloc  memory.o
    0x08101210   0x08101210   0x0000005e   Code   RO            6    .text.SCB_DisableDCache  main.o
    0x0810126e   0x0810126e   0x00000002   PAD
    0x08101270   0x08101270   0x00000030   Code   RO            4    .text.SCB_EnableICache  main.o
    0x081012a0   0x081012a0   0x000001fc   Code   RO          408    .text.TYOS_Kernel_Prepare  tyos_kernel.o
    0x0810149c   0x0810149c   0x00000004   PAD
    0x081014a0   0x081014a0   0x0000002a   Code   RO          404    .text.TYOS_Process_Start  tyos_kernel.o
    0x081014ca   0x081014ca   0x00000006   PAD
    0x081014d0   0x081014d0   0x00000110   Code   RO          406    .text.TYOS_Process_Wait_Time  tyos_kernel.o
    0x081015e0   0x081015e0   0x00000038   Code   RO           10    .text.Task2         main.o
    0x08101618   0x08101618   0x00000040   Code   RO           14    .text.Task4         main.o
    0x08101658   0x08101658   0x00000026   Code   RO           62    .text.USART3_IRQHandler  usart.o
    0x0810167e   0x0810167e   0x00000002   PAD
    0x08101680   0x08101680   0x00000030   Code   RO           48    .text.USART_Printf  usart.o
    0x081016b0   0x081016b0   0x00000084   Code   RO          414    .text._TYOS_Process_Switch  tyos_kernel.o
    0x08101734   0x08101734   0x00000004   PAD
    0x08101738   0x08101738   0x00000020   Code   RO           38    .text._USART_Send_String  usart.o
    0x08101758   0x08101758   0x000000e0   Code   RO            2    .text.main          main.o
    0x08101838   0x08101838   0x00000078   Code   RO          431    TYOS                tyos_assembly.o
    0x081018b0   0x081018b0   0x00000004   Ven    RO         1317    Veneer$$Code        anon$$obj.o
    0x081018b4   0x081018b4   0x00000004   Ven    RO         1318    Veneer$$Code        anon$$obj.o
    0x081018b8   0x081018b8   0x00000004   Ven    RO         1319    Veneer$$Code        anon$$obj.o
    0x081018bc   0x081018bc   0x00000004   Ven    RO         1320    Veneer$$Code        anon$$obj.o
    0x081018c0   0x081018c0   0x00000004   Ven    RO         1321    Veneer$$Code        anon$$obj.o
    0x081018c4   0x081018c4   0x00000004   Ven    RO         1322    Veneer$$Code        anon$$obj.o
    0x081018c8   0x081018c8   0x00000004   Ven    RO         1323    Veneer$$Code        anon$$obj.o
    0x081018cc   0x081018cc   0x00000004   Ven    RO         1324    Veneer$$Code        anon$$obj.o
    0x081018d0   0x081018d0   0x00000004   Ven    RO         1325    Veneer$$Code        anon$$obj.o
    0x081018d4   0x081018d4   0x00000004   Ven    RO         1326    Veneer$$Code        anon$$obj.o
    0x081018d8   0x081018d8   0x0000002c   Code   RO         1084    locale$$code        c_w.l(lc_numeric_c.o)
    0x08101904   0x08101904   0x00000020   Code   RO         1100    x$fpl$ieeestatus    g_wv.l(istatus.o)
    0x08101924   0x08101924   0x00000028   Data   RO          888    .constdata          c_w.l(_printf_hex_int_ll_ptr.o)
    0x0810194c   0x0810194c   0x00000011   Data   RO          908    .constdata          c_w.l(__printf_flags_ss_wp.o)


==============================================================================

Image component sizes


      Code (inc. data)   RO Data    RW Data    ZI Data      Debug   Object Name

       480          0          0          0          0       2658   arraylist.o
       214          0          0          0          0       6794   gpio.o
       442          0          0          0          0       7798   linkedlist.o
       606         56          0          0         16       5883   main.o
       420          0          0          8         48       4097   memory.o
       334          0          0          0          0       3483   mpu.o
        92         26        664          0       8192        864   startup_stm32h743xx.o
       812          0          0          0          0       9777   sys.o
       120          8          0          0          0        296   tyos_assembly.o
      1542         16          0          0         84      11595   tyos_kernel.o
       482          0          0          0       1036      13269   usart.o

    ----------------------------------------------------------------------
      5730        114        696          8       9384      66514   Object Totals
        40          0         32          0          0          0   (incl. Generated)
       146          8          0          0          8          0   (incl. Padding)

    ----------------------------------------------------------------------

      Code (inc. data)   RO Data    RW Data    ZI Data      Debug   Library Member Name

         8          0          0          0          0         68   __main.o
       392          4         17          0          0         92   __printf_flags_ss_wp.o
        14          0          0          0          0         68   __printf_wp.o
         0          0          0          0          0          0   __rtentry.o
        12          0          0          0          0          0   __rtentry2.o
         6          0          0          0          0          0   __rtentry4.o
        52          8          0          0          0          0   __scatter.o
        26          0          0          0          0          0   __scatter_copy.o
        28          0          0          0          0          0   __scatter_zi.o
        72          0          0          0          0         96   _c16rtomb.o
         6          0          0          0          0          0   _printf_a.o
         6          0          0          0          0          0   _printf_c.o
        44          0          0          0          0        108   _printf_char.o
        48          6          0          0          0         96   _printf_char_common.o
        40          0          0          0          0         68   _printf_charcount.o
         6          0          0          0          0          0   _printf_d.o
       120         16          0          0          0         92   _printf_dec.o
         6          0          0          0          0          0   _printf_e.o
         6          0          0          0          0          0   _printf_f.o
       840          0          0          0          0        144   _printf_fp_dec_accurate.o
       764          8         38          0          0        100   _printf_fp_hex.o
       128         16          0          0          0         84   _printf_fp_infnan.o
         6          0          0          0          0          0   _printf_g.o
       148          4         40          0          0        160   _printf_hex_int_ll_ptr.o
         6          0          0          0          0          0   _printf_i.o
       178          0          0          0          0         88   _printf_intcommon.o
        10          0          0          0          0          0   _printf_l.o
         6          0          0          0          0          0   _printf_lc.o
        10          0          0          0          0          0   _printf_ll.o
         6          0          0          0          0          0   _printf_lld.o
         6          0          0          0          0          0   _printf_lli.o
         6          0          0          0          0          0   _printf_llo.o
         6          0          0          0          0          0   _printf_llu.o
         6          0          0          0          0          0   _printf_llx.o
       124         16          0          0          0         92   _printf_longlong_dec.o
         6          0          0          0          0          0   _printf_ls.o
         6          0          0          0          0          0   _printf_n.o
         6          0          0          0          0          0   _printf_o.o
       112          8          0          0          0        124   _printf_oct_int_ll.o
         6          0          0          0          0          0   _printf_p.o
        78          0          0          0          0        108   _printf_pad.o
         0          0          0          0          0          0   _printf_percent.o
         4          0          0          0          0          0   _printf_percent_end.o
         6          0          0          0          0          0   _printf_s.o
        82          0          0          0          0         80   _printf_str.o
        36          0          0          0          0         84   _printf_truncate.o
         6          0          0          0          0          0   _printf_u.o
        44          0          0          0          0        108   _printf_wchar.o
       188          6          8          0          0         92   _printf_wctomb.o
         6          0          0          0          0          0   _printf_x.o
        10          0          0          0          0         68   _sputc.o
       422          0          0          0          0        100   btod_accurate.o
       804          6          0          0          0        236   btod_accurate_common.o
        18          0          0          0          0         80   exit.o
         6          0          0          0          0        152   heapauxi.o
         0          0          0          0          0          0   indicate_semi.o
        44         10        272          0          0         76   lc_ctype_c.o
        44         10         28          0          0         76   lc_numeric_c.o
         2          0          0          0          0          0   libinit.o
        34          0          0          0          0          0   libinit2.o
         2          0          0          0          0          0   libshutdown.o
         2          0          0          0          0          0   libshutdown2.o
         8          4          0          0         96         68   libspace.o
       138          0          0          0          0         80   lludiv10.o
        38          0          0          0          0         68   llushr.o
        16          4          0          0          0         76   rt_ctype_table.o
         8          4          0          0          0         68   rt_locale_intlibspace.o
       138          0          0          0          0         68   rt_memcpy_v6.o
       100          0          0          0          0         80   rt_memcpy_w.o
       132          0          0          0          0         68   rt_memmove_v6.o
       122          0          0          0          0         80   rt_memmove_w.o
         2          0          0          0          0          0   rtexit.o
        10          0          0          0          0          0   rtexit2.o
       124          0          0          0          0         88   strcmpv7m_pel.o
        12          4          0          0          0         68   sys_exit.o
        74          0          0          0          0         80   sys_stackheap_outer.o
         2          0          0          0          0         68   use_no_semi.o
        36          4          0          0          0         76   vsprintf.o
        22          0          0          0          0        116   fpinit.o
        32          4          0          0          0        116   istatus.o
         4          0          0          0          0        116   printf1.o
         4          0          0          0          0        116   printf2.o
         0          0          0          0          0          0   usenofp.o
        48          0          0          0          0        124   fpclassify.o

    ----------------------------------------------------------------------
      6210        146        408          0         96       4364   Library Totals
        24          4          5          0          0          0   (incl. Padding)

    ----------------------------------------------------------------------

      Code (inc. data)   RO Data    RW Data    ZI Data      Debug   Library Name

      6076        138        403          0         96       3776   c_w.l
        62          4          0          0          0        464   g_wv.l
        48          0          0          0          0        124   m_wv.l

    ----------------------------------------------------------------------
      6210        146        408          0         96       4364   Library Totals

    ----------------------------------------------------------------------

==============================================================================


      Code (inc. data)   RO Data    RW Data    ZI Data      Debug   

     11940        260       1104          8       9480      68494   Grand Totals
     11940        260       1104          8       9480      68494   ELF Image Totals
     11940        260       1104          8          0          0   ROM Totals

==============================================================================

    Total RO  Size (Code + RO Data)                13044 (  12.74kB)
    Total RW  Size (RW Data + ZI Data)              9488 (   9.27kB)
    Total ROM Size (Code + RO Data + RW Data)      13052 (  12.75kB)

==============================================================================

